Archive member included to satisfy reference by file (symbol)

bin_dsp/libCMSISDSP.a(arm_rfft_fast_init_f32.c.o)
                              CMakeFiles/main.dir/main.cpp.o (arm_rfft_fast_init_f32)
bin_dsp/libCMSISDSP.a(arm_mfcc_init_f32.c.o)
                              CMakeFiles/main.dir/main.cpp.o (arm_mfcc_init_f32)
bin_dsp/libCMSISDSP.a(arm_mfcc_f32.c.o)
                              CMakeFiles/main.dir/main.cpp.o (arm_mfcc_f32)
bin_dsp/libCMSISDSP.a(arm_common_tables.c.o)
                              bin_dsp/libCMSISDSP.a(arm_rfft_fast_init_f32.c.o) (twiddleCoef_rfft_4096)
bin_dsp/libCMSISDSP.a(arm_dot_prod_f32.c.o)
                              bin_dsp/libCMSISDSP.a(arm_mfcc_f32.c.o) (arm_dot_prod_f32)
bin_dsp/libCMSISDSP.a(arm_mult_f32.c.o)
                              bin_dsp/libCMSISDSP.a(arm_mfcc_f32.c.o) (arm_mult_f32)
bin_dsp/libCMSISDSP.a(arm_offset_f32.c.o)
                              bin_dsp/libCMSISDSP.a(arm_mfcc_f32.c.o) (arm_offset_f32)
bin_dsp/libCMSISDSP.a(arm_scale_f32.c.o)
                              bin_dsp/libCMSISDSP.a(arm_mfcc_f32.c.o) (arm_scale_f32)
bin_dsp/libCMSISDSP.a(arm_cmplx_mag_f32.c.o)
                              bin_dsp/libCMSISDSP.a(arm_mfcc_f32.c.o) (arm_cmplx_mag_f32)
bin_dsp/libCMSISDSP.a(arm_vlog_f32.c.o)
                              bin_dsp/libCMSISDSP.a(arm_mfcc_f32.c.o) (arm_vlog_f32)
bin_dsp/libCMSISDSP.a(arm_mat_vec_mult_f32.c.o)
                              bin_dsp/libCMSISDSP.a(arm_mfcc_f32.c.o) (arm_mat_vec_mult_f32)
bin_dsp/libCMSISDSP.a(arm_absmax_f32.c.o)
                              bin_dsp/libCMSISDSP.a(arm_mfcc_f32.c.o) (arm_absmax_f32)
bin_dsp/libCMSISDSP.a(arm_cfft_init_f32.c.o)
                              bin_dsp/libCMSISDSP.a(arm_rfft_fast_init_f32.c.o) (arm_cfft_init_2048_f32)
bin_dsp/libCMSISDSP.a(arm_rfft_fast_f32.c.o)
                              bin_dsp/libCMSISDSP.a(arm_mfcc_f32.c.o) (arm_rfft_fast_f32)
bin_dsp/libCMSISDSP.a(arm_const_structs.c.o)
                              bin_dsp/libCMSISDSP.a(arm_cfft_init_f32.c.o) (arm_cfft_sR_f32_len4096)
bin_dsp/libCMSISDSP.a(arm_cfft_f32.c.o)
                              bin_dsp/libCMSISDSP.a(arm_rfft_fast_f32.c.o) (arm_cfft_f32)
bin_dsp/libCMSISDSP.a(arm_bitreversal2.c.o)
                              bin_dsp/libCMSISDSP.a(arm_cfft_f32.c.o) (arm_bitreversal_32)
bin_dsp/libCMSISDSP.a(arm_cfft_radix8_f32.c.o)
                              bin_dsp/libCMSISDSP.a(arm_cfft_f32.c.o) (arm_radix8_butterfly_f32)
/usr/lib/gcc/arm-none-eabi/13.2.1/thumb/v6-m/nofp/libgcc.a(_dvmd_tls.o)
                              CMakeFiles/main.dir/home/szymon-gogulski/pico/pico-sdk/src/rp2_common/pico_divider/divider_hardware.S.o (__aeabi_idiv0)
/usr/lib/gcc/arm-none-eabi/13.2.1/../../../arm-none-eabi/lib/thumb/v6-m/nofp/libg.a(libc_a-calloc.o)
                              CMakeFiles/main.dir/home/szymon-gogulski/pico/pico-sdk/src/rp2_common/pico_malloc/malloc.c.o (calloc)
/usr/lib/gcc/arm-none-eabi/13.2.1/../../../arm-none-eabi/lib/thumb/v6-m/nofp/libg.a(libc_a-impure.o)
                              /usr/lib/gcc/arm-none-eabi/13.2.1/../../../arm-none-eabi/lib/thumb/v6-m/nofp/libg.a(libc_a-calloc.o) (_impure_ptr)
/usr/lib/gcc/arm-none-eabi/13.2.1/../../../arm-none-eabi/lib/thumb/v6-m/nofp/libg.a(libc_a-callocr.o)
                              /usr/lib/gcc/arm-none-eabi/13.2.1/../../../arm-none-eabi/lib/thumb/v6-m/nofp/libg.a(libc_a-calloc.o) (_calloc_r)
/usr/lib/gcc/arm-none-eabi/13.2.1/../../../arm-none-eabi/lib/thumb/v6-m/nofp/libg.a(libc_a-realloc.o)
                              CMakeFiles/main.dir/home/szymon-gogulski/pico/pico-sdk/src/rp2_common/pico_malloc/malloc.c.o (realloc)
/usr/lib/gcc/arm-none-eabi/13.2.1/../../../arm-none-eabi/lib/thumb/v6-m/nofp/libg.a(libc_a-mallocr.o)
                              /usr/lib/gcc/arm-none-eabi/13.2.1/../../../arm-none-eabi/lib/thumb/v6-m/nofp/libg.a(libc_a-callocr.o) (_malloc_r)
/usr/lib/gcc/arm-none-eabi/13.2.1/../../../arm-none-eabi/lib/thumb/v6-m/nofp/libg.a(libc_a-freer.o)
                              /usr/lib/gcc/arm-none-eabi/13.2.1/../../../arm-none-eabi/lib/thumb/v6-m/nofp/libg.a(libc_a-mallocr.o) (_free_r)
/usr/lib/gcc/arm-none-eabi/13.2.1/../../../arm-none-eabi/lib/thumb/v6-m/nofp/libg.a(libc_a-memcmp.o)
                              CMakeFiles/main.dir/home/szymon-gogulski/pico/pico-sdk/src/rp2_common/pico_atomic/atomic.c.o (memcmp)
/usr/lib/gcc/arm-none-eabi/13.2.1/../../../arm-none-eabi/lib/thumb/v6-m/nofp/libg.a(libc_a-malloc.o)
                              CMakeFiles/main.dir/home/szymon-gogulski/pico/pico-sdk/src/rp2_common/pico_malloc/malloc.c.o (malloc)
/usr/lib/gcc/arm-none-eabi/13.2.1/../../../arm-none-eabi/lib/thumb/v6-m/nofp/libg.a(libc_a-sysconf.o)
                              /usr/lib/gcc/arm-none-eabi/13.2.1/../../../arm-none-eabi/lib/thumb/v6-m/nofp/libg.a(libc_a-mallocr.o) (sysconf)
/usr/lib/gcc/arm-none-eabi/13.2.1/../../../arm-none-eabi/lib/thumb/v6-m/nofp/libg.a(libc_a-init.o)
[...]
Memory Configuration

Name             Origin             Length             Attributes
FLASH            0x10000000         0x00200000         xr
RAM              0x20000000         0x00040000         xrw
SCRATCH_X        0x20040000         0x00001000         xrw
SCRATCH_Y        0x20041000         0x00001000         xrw
*default*        0x00000000         0xffffffff

Linker script and memory map

LOAD /usr/lib/gcc/arm-none-eabi/13.2.1/thumb/v6-m/nofp/crti.o
LOAD /usr/lib/gcc/arm-none-eabi/13.2.1/thumb/v6-m/nofp/crtbegin.o
LOAD /usr/lib/gcc/arm-none-eabi/13.2.1/../../../arm-none-eabi/lib/thumb/v6-m/nofp/crt0.o

.flash_begin    0x10000000        0x0
                0x10000000                        __flash_binary_start = .

.boot2          0x10000000      0x100
                0x10000000                        __boot2_start__ = .
 *(.boot2)
 .boot2         0x10000000      0x100 pico-sdk/src/rp2040/boot_stage2/CMakeFiles/bs2_default_library.dir/bs2_default_padded_checksummed.S.o
                0x10000100                        __boot2_end__ = .
                0x00000001                        ASSERT (((__boot2_end__ - __boot2_start__) == 0x100), ERROR: Pico second stage bootloader must be 256 bytes in size)

.text           0x10000100     0x96a8
                0x10000100                        __logical_binary_start = .
 *(.vectors)
 .vectors       0x10000100       0xd4 CMakeFiles/main.dir/home/szymon-gogulski/pico/pico-sdk/src/rp2_common/pico_crt0/crt0.S.o
                0x10000100                __vectors
                0x10000100                __VECTOR_TABLE
                0x100001c0                isr_invalid
                0x100001c0                __default_isrs_start
                0x100001c2                isr_nmi
                0x100001c4                isr_hardfault
                0x100001c6                isr_svcall
                0x100001c8                isr_pendsv
                0x100001ca                isr_systick
                0x100001cc                isr_irq30
                0x100001cc                __unhandled_user_irq
                0x100001cc                isr_irq13
                0x100001cc                isr_irq27
                0x100001cc                isr_irq31
                0x100001cc                isr_irq5
                0x100001cc                isr_irq11
                0x100001cc                isr_irq23
                0x100001cc                isr_irq18
                0x100001cc                isr_irq28
                0x100001cc                isr_irq19
                0x100001cc                isr_irq0
                0x100001cc                isr_irq6
                0x100001cc                isr_irq22
                0x100001cc                isr_irq17
                0x100001cc                isr_irq14
                0x100001cc                isr_irq2
                0x100001cc                isr_irq10
                0x100001cc                isr_irq8
                0x100001cc                isr_irq24
                0x100001cc                isr_irq1
                0x100001cc                isr_irq7
                0x100001cc                isr_irq21
                0x100001cc                isr_irq20
                0x100001cc                isr_irq15
                0x100001cc                isr_irq25
                0x100001cc                isr_irq4
                0x100001cc                isr_irq16
                0x100001cc                isr_irq29
                0x100001cc                isr_irq26
                0x100001cc                __default_isrs_end
                0x100001cc                isr_irq3
                0x100001cc                isr_irq12
                0x100001cc                isr_irq9
                0x100001d2                unhandled_user_irq_num_in_r0
 *(.binary_info_header)
 .binary_info_header
                0x100001d4       0x14 CMakeFiles/main.dir/home/szymon-gogulski/pico/pico-sdk/src/rp2_common/pico_crt0/crt0.S.o
                0x100001e8                        __binary_info_header_end = .
 *(.embedded_block)
                0x100001e8                        __embedded_block_end = .
 *(.reset)
 .reset         0x100001e8       0x9c CMakeFiles/main.dir/home/szymon-gogulski/pico/pico-sdk/src/rp2_common/pico_crt0/crt0.S.o
                0x100001e8                _entry_point
 *(.init)
 .init          0x10000284        0x4 /usr/lib/gcc/arm-none-eabi/13.2.1/thumb/v6-m/nofp/crti.o
                0x10000284                _init
 *(EXCLUDE_FILE(*libm.a: *libc.a:*lib_a-mem*.o *libgcc.a:) .text*)
 .text          0x10000288       0x98 /usr/lib/gcc/arm-none-eabi/13.2.1/thumb/v6-m/nofp/crtbegin.o
 .text.startup.main
                0x10000320      0x100 CMakeFiles/main.dir/main.cpp.o
                0x10000320                main
 .text.gpio_set_function
                0x10000420       0x34 CMakeFiles/main.dir/home/szymon-gogulski/pico/pico-sdk/src/rp2_common/hardware_gpio/gpio.c.o
                0x10000420                gpio_set_function
 .text.rp2040_chip_version
                0x10000454        0xc CMakeFiles/main.dir/home/szymon-gogulski/pico/pico-sdk/src/rp2040/pico_platform/platform.c.o
                0x10000454                rp2040_chip_version
 .text.panic    0x10000460       0x30 CMakeFiles/main.dir/home/szymon-gogulski/pico/pico-sdk/src/rp2_common/pico_platform_panic/panic.c.o
                0x10000460                panic
 .text.hw_claim_or_assert
                0x10000490       0x44 CMakeFiles/main.dir/home/szymon-gogulski/pico/pico-sdk/src/common/hardware_claim/claim.c.o
                0x10000490                hw_claim_or_assert
 .text.hw_claim_unused_from_range
                0x100004d4       0x9c CMakeFiles/main.dir/home/szymon-gogulski/pico/pico-sdk/src/common/hardware_claim/claim.c.o
                0x100004d4                hw_claim_unused_from_range
 .text.next_striped_spin_lock_num
                0x10000570       0x18 CMakeFiles/main.dir/home/szymon-gogulski/pico/pico-sdk/src/rp2_common/hardware_sync/sync.c.o
                0x10000570                next_striped_spin_lock_num
 .text.spin_lock_claim_unused
                0x10000588       0x24 CMakeFiles/main.dir/home/szymon-gogulski/pico/pico-sdk/src/rp2_common/hardware_sync/sync.c.o
                0x10000588                spin_lock_claim_unused
 .text.spin_locks_reset
                0x100005ac       0x1c CMakeFiles/main.dir/home/szymon-gogulski/pico/pico-sdk/src/rp2_common/hardware_sync_spin_lock/sync_spin_lock.c.o
                0x100005ac                spin_locks_reset
 .text.runtime_init_per_core_irq_priorities
                0x100005c8       0x24 CMakeFiles/main.dir/home/szymon-gogulski/pico/pico-sdk/src/rp2_common/hardware_irq/irq.c.o
                0x100005c8                runtime_init_per_core_irq_priorities
 .text.irq_set_enabled
                0x100005ec       0x24 CMakeFiles/main.dir/home/szymon-gogulski/pico/pico-sdk/src/rp2_common/hardware_irq/irq.c.o
                0x100005ec                irq_set_enabled
 .text.irq_is_enabled
                0x10000610       0x18 CMakeFiles/main.dir/home/szymon-gogulski/pico/pico-sdk/src/rp2_common/hardware_irq/irq.c.o
                0x10000610                irq_is_enabled
 .text.irq_set_pending
                0x10000628       0x10 CMakeFiles/main.dir/home/szymon-gogulski/pico/pico-sdk/src/rp2_common/hardware_irq/irq.c.o
                0x10000628                irq_set_pending
 .text.irq_has_shared_handler
                0x10000638       0x2c CMakeFiles/main.dir/home/szymon-gogulski/pico/pico-sdk/src/rp2_common/hardware_irq/irq.c.o
                0x10000638                irq_has_shared_handler
 .text.irq_set_exclusive_handler
                0x10000664       0x54 CMakeFiles/main.dir/home/szymon-gogulski/pico/pico-sdk/src/rp2_common/hardware_irq/irq.c.o
                0x10000664                irq_set_exclusive_handler
 .text.irq_add_shared_handler
                0x100006b8      0x1f4 CMakeFiles/main.dir/home/szymon-gogulski/pico/pico-sdk/src/rp2_common/hardware_irq/irq.c.o
                0x100006b8                irq_add_shared_handler
 .text.irq_remove_handler
                0x100008ac      0x1d4 CMakeFiles/main.dir/home/szymon-gogulski/pico/pico-sdk/src/rp2_common/hardware_irq/irq.c.o
                0x100008ac                irq_remove_handler
 .text.irq_add_tail_to_free_list
                0x10000a80       0xb4 CMakeFiles/main.dir/home/szymon-gogulski/pico/pico-sdk/src/rp2_common/hardware_irq/irq.c.o
                0x10000a80                irq_add_tail_to_free_list
 .text.user_irq_claim_unused
                0x10000b34       0x2c CMakeFiles/main.dir/home/szymon-gogulski/pico/pico-sdk/src/rp2_common/hardware_irq/irq.c.o
                0x10000b34                user_irq_claim_unused
 .text.lock_init
                0x10000b60       0x10 CMakeFiles/main.dir/home/szymon-gogulski/pico/pico-sdk/src/common/pico_sync/lock_core.c.o
                0x10000b60                lock_init
 .text.runtime_init_mutex
                0x10000b70       0x50 CMakeFiles/main.dir/home/szymon-gogulski/pico/pico-sdk/src/common/pico_sync/mutex.c.o
                0x10000b70                runtime_init_mutex
 .text.mutex_init
                0x10000bc0       0x1c CMakeFiles/main.dir/home/szymon-gogulski/pico/pico-sdk/src/common/pico_sync/mutex.c.o
                0x10000bc0                mutex_init
 .text.critical_section_init
                0x10000bdc       0x1c CMakeFiles/main.dir/home/szymon-gogulski/pico/pico-sdk/src/common/pico_sync/critical_section.c.o
                0x10000bdc                critical_section_init
 .text.critical_section_init_with_lock_num
                0x10000bf8       0x14 CMakeFiles/main.dir/home/szymon-gogulski/pico/pico-sdk/src/common/pico_sync/critical_section.c.o
                0x10000bf8                critical_section_init_with_lock_num
 .text.sleep_until_callback
                0x10000c0c       0x30 CMakeFiles/main.dir/home/szymon-gogulski/pico/pico-sdk/src/common/pico_time/time.c.o
 .text.alarm_pool_irq_handler
                0x10000c3c      0x2fc CMakeFiles/main.dir/home/szymon-gogulski/pico/pico-sdk/src/common/pico_time/time.c.o
 .text.runtime_init_default_alarm_pool
                0x10000f38       0xdc CMakeFiles/main.dir/home/szymon-gogulski/pico/pico-sdk/src/common/pico_time/time.c.o
                0x10000f38                runtime_init_default_alarm_pool
 .text.alarm_pool_get_default
                0x10001014        0x8 CMakeFiles/main.dir/home/szymon-gogulski/pico/pico-sdk/src/common/pico_time/time.c.o
                0x10001014                alarm_pool_get_default
 .text.alarm_pool_add_alarm_at
                0x1000101c       0xd4 CMakeFiles/main.dir/home/szymon-gogulski/pico/pico-sdk/src/common/pico_time/time.c.o
                0x1000101c                alarm_pool_add_alarm_at
 .text.alarm_pool_add_alarm_at_force_in_context
                0x100010f0       0xb0 CMakeFiles/main.dir/home/szymon-gogulski/pico/pico-sdk/src/common/pico_time/time.c.o
                0x100010f0                alarm_pool_add_alarm_at_force_in_context
 .text.alarm_pool_cancel_alarm
                0x100011a0       0x74 CMakeFiles/main.dir/home/szymon-gogulski/pico/pico-sdk/src/common/pico_time/time.c.o
                0x100011a0                alarm_pool_cancel_alarm
 .text.alarm_pool_core_num
                0x10001214        0x4 CMakeFiles/main.dir/home/szymon-gogulski/pico/pico-sdk/src/common/pico_time/time.c.o
                0x10001214                alarm_pool_core_num
 .text.sleep_until
                0x10001218       0xd8 CMakeFiles/main.dir/home/szymon-gogulski/pico/pico-sdk/src/common/pico_time/time.c.o
                0x10001218                sleep_until
 .text.sleep_ms
                0x100012f0       0x38 CMakeFiles/main.dir/home/szymon-gogulski/pico/pico-sdk/src/common/pico_time/time.c.o
                0x100012f0                sleep_ms
 .text.best_effort_wfe_or_timeout
                0x10001328       0xe0 CMakeFiles/main.dir/home/szymon-gogulski/pico/pico-sdk/src/common/pico_time/time.c.o
                0x10001328                best_effort_wfe_or_timeout
 .text.timer_hardware_alarm_claim
                0x10001408       0x14 CMakeFiles/main.dir/home/szymon-gogulski/pico/pico-sdk/src/rp2_common/hardware_timer/timer.c.o
                0x10001408                timer_hardware_alarm_claim
 .text.timer_time_us_64
                0x1000141c       0x10 CMakeFiles/main.dir/home/szymon-gogulski/pico/pico-sdk/src/rp2_common/hardware_timer/timer.c.o
                0x1000141c                timer_time_us_64
 .text.time_us_64
                0x1000142c       0x14 CMakeFiles/main.dir/home/szymon-gogulski/pico/pico-sdk/src/rp2_common/hardware_timer/timer.c.o
                0x1000142c                time_us_64
 .text.busy_wait_us
                0x10001440       0x68 CMakeFiles/main.dir/home/szymon-gogulski/pico/pico-sdk/src/rp2_common/hardware_timer/timer.c.o
                0x10001440                busy_wait_us
 .text.busy_wait_until
                0x100014a8       0x20 CMakeFiles/main.dir/home/szymon-gogulski/pico/pico-sdk/src/rp2_common/hardware_timer/timer.c.o
                0x100014a8                busy_wait_until
 .text.uart_init
                0x100014c8      0x120 CMakeFiles/main.dir/home/szymon-gogulski/pico/pico-sdk/src/rp2_common/hardware_uart/uart.c.o
                0x100014c8                uart_init
 .text.clock_configure_int_divider
                0x100015e8       0xf4 CMakeFiles/main.dir/home/szymon-gogulski/pico/pico-sdk/src/rp2_common/hardware_clocks/clocks.c.o
                0x100015e8                clock_configure_int_divider
 .text.clock_configure_undivided
                0x100016dc       0xe8 CMakeFiles/main.dir/home/szymon-gogulski/pico/pico-sdk/src/rp2_common/hardware_clocks/clocks.c.o
                0x100016dc                clock_configure_undivided
 .text.clock_get_hz
                0x100017c4        0xc CMakeFiles/main.dir/home/szymon-gogulski/pico/pico-sdk/src/rp2_common/hardware_clocks/clocks.c.o
                0x100017c4                clock_get_hz
 .text.pll_init
                0x100017d0       0xa4 CMakeFiles/main.dir/home/szymon-gogulski/pico/pico-sdk/src/rp2_common/hardware_pll/pll.c.o
                0x100017d0                pll_init
 .text.watchdog_reboot
                0x10001874       0x9c CMakeFiles/main.dir/home/szymon-gogulski/pico/pico-sdk/src/rp2_common/hardware_watchdog/watchdog.c.o
                0x10001874                watchdog_reboot
 .text.tick_start
                0x10001910       0x10 CMakeFiles/main.dir/home/szymon-gogulski/pico/pico-sdk/src/rp2_common/hardware_ticks/ticks.c.o
                0x10001910                tick_start
 .text.rom_func_lookup
                0x10001920       0x10 CMakeFiles/main.dir/home/szymon-gogulski/pico/pico-sdk/src/rp2_common/pico_bootrom/bootrom.c.o
                0x10001920                rom_func_lookup
 .text.rom_data_lookup
                0x10001930       0x10 CMakeFiles/main.dir/home/szymon-gogulski/pico/pico-sdk/src/rp2_common/pico_bootrom/bootrom.c.o
                0x10001930                rom_data_lookup
 .text.rom_funcs_lookup
                0x10001940       0x44 CMakeFiles/main.dir/home/szymon-gogulski/pico/pico-sdk/src/rp2_common/pico_bootrom/bootrom.c.o
                0x10001940                rom_funcs_lookup
 .text.rom_reset_usb_boot_extra
                0x10001984       0x28 CMakeFiles/main.dir/home/szymon-gogulski/pico/pico-sdk/src/rp2_common/pico_bootrom/bootrom.c.o
                0x10001984                rom_reset_usb_boot_extra
 .text.xosc_init
                0x100019ac       0x28 CMakeFiles/main.dir/home/szymon-gogulski/pico/pico-sdk/src/rp2_common/hardware_xosc/xosc.c.o
                0x100019ac                xosc_init
 .text.first_per_core_initializer
                0x100019d4        0x4 CMakeFiles/main.dir/home/szymon-gogulski/pico/pico-sdk/src/rp2_common/pico_runtime/runtime.c.o
 .text.hard_assertion_failure
                0x100019d8        0xc CMakeFiles/main.dir/home/szymon-gogulski/pico/pico-sdk/src/rp2_common/pico_runtime/runtime.c.o
                0x100019d8                hard_assertion_failure
 .text.runtime_run_initializers
                0x100019e4       0x28 CMakeFiles/main.dir/home/szymon-gogulski/pico/pico-sdk/src/rp2_common/pico_runtime/runtime.c.o
                0x100019e4                runtime_run_initializers
 .text.runtime_init_early_resets
                0x10001a0c       0x2c CMakeFiles/main.dir/home/szymon-gogulski/pico/pico-sdk/src/rp2_common/pico_runtime_init/runtime_init.c.o
                0x10001a0c                runtime_init_early_resets
 .text.runtime_init_usb_power_down
                0x10001a38       0x1c CMakeFiles/main.dir/home/szymon-gogulski/pico/pico-sdk/src/rp2_common/pico_runtime_init/runtime_init.c.o
                0x10001a38                runtime_init_usb_power_down
 .text.runtime_init_post_clock_resets
                0x10001a54       0x20 CMakeFiles/main.dir/home/szymon-gogulski/pico/pico-sdk/src/rp2_common/pico_runtime_init/runtime_init.c.o
                0x10001a54                runtime_init_post_clock_resets
 .text.runtime_init_rp2040_gpio_ie_disable
                0x10001a74       0x14 CMakeFiles/main.dir/home/szymon-gogulski/pico/pico-sdk/src/rp2_common/pico_runtime_init/runtime_init.c.o
                0x10001a74                runtime_init_rp2040_gpio_ie_disable
 .text.runtime_init_spin_locks_reset
                0x10001a88        0x8 CMakeFiles/main.dir/home/szymon-gogulski/pico/pico-sdk/src/rp2_common/pico_runtime_init/runtime_init.c.o
                0x10001a88                runtime_init_spin_locks_reset
 .text.runtime_init_install_ram_vector_table
                0x10001a90       0x1c CMakeFiles/main.dir/home/szymon-gogulski/pico/pico-sdk/src/rp2_common/pico_runtime_init/runtime_init.c.o
                0x10001a90                runtime_init_install_ram_vector_table
 .text.runtime_init_clocks
                0x10001aac       0xd8 CMakeFiles/main.dir/home/szymon-gogulski/pico/pico-sdk/src/rp2_common/pico_runtime_init/runtime_init_clocks.c.o
                0x10001aac                runtime_init_clocks
 .text          0x10001b84       0x10 CMakeFiles/main.dir/home/szymon-gogulski/pico/pico-sdk/src/rp2_common/pico_bit_ops/bit_ops_aeabi.S.o
 .text.__wrap___aeabi_idiv
                0x10001b94       0x50 CMakeFiles/main.dir/home/szymon-gogulski/pico/pico-sdk/src/rp2_common/pico_divider/divider_hardware.S.o
                0x10001b94                __wrap___aeabi_idivmod
                0x10001b94                divmod_s32s32
                0x10001b94                div_s32s32
                0x10001b94                __wrap___aeabi_idiv
                0x10001b9c                divmod_s32s32_unsafe
                0x10001bc8                divmod_s32s32_savestate
 .text.__wrap___aeabi_uidiv
                0x10001be4       0x4c CMakeFiles/main.dir/home/szymon-gogulski/pico/pico-sdk/src/rp2_common/pico_divider/divider_hardware.S.o
                0x10001be4                __wrap___aeabi_uidiv
                0x10001be4                __wrap___aeabi_uidivmod
                0x10001be4                div_u32u32
                0x10001be4                divmod_u32u32
                0x10001bec                divmod_u32u32_unsafe
                0x10001c14                divmod_u32u32_savestate
 .text.__wrap___aeabi_ldiv
                0x10001c30      0x424 CMakeFiles/main.dir/home/szymon-gogulski/pico/pico-sdk/src/rp2_common/pico_divider/divider_hardware.S.o
                0x10001c30                div_s64s64
                0x10001c30                divmod_s64s64
                0x10001c30                __wrap___aeabi_ldivmod
                0x10001c60                div_u64u64
                0x10001c60                divmod_u64u64
                0x10001c60                __wrap___aeabi_uldivmod
                0x10001c70                divmod_u64u64_savestate
                0x10001c90                divmod_s64s64_unsafe
                0x10001d18                divmod_u64u64_unsafe
 .text.__wrap___aeabi_darithmetic
                0x10002054       0x80 CMakeFiles/main.dir/home/szymon-gogulski/pico/pico-sdk/src/rp2_common/pico_double/double_aeabi_rp2040.S.o
                0x10002054                __wrap___aeabi_drsub
                0x1000205a                __wrap___aeabi_dsub
                0x1000206c                __wrap___aeabi_dadd
                0x1000207e                __wrap___aeabi_ddiv
                0x100020ba                __wrap___aeabi_dmul
 .text.__wrap___aeabi_cdcmple
                0x100020d4       0x6c CMakeFiles/main.dir/home/szymon-gogulski/pico/pico-sdk/src/rp2_common/pico_double/double_aeabi_rp2040.S.o
                0x100020d4                __wrap___aeabi_cdrcmple
                0x100020e4                __wrap___aeabi_cdcmple
                0x100020e4                __wrap___aeabi_cdcmpeq
 .text.__wrap___aeabi_dcmplt
                0x10002140        0xc CMakeFiles/main.dir/home/szymon-gogulski/pico/pico-sdk/src/rp2_common/pico_double/double_aeabi_rp2040.S.o
                0x10002140                __wrap___aeabi_dcmplt
 .text.__wrap___aeabi_dcmpge
                0x1000214c       0x10 CMakeFiles/main.dir/home/szymon-gogulski/pico/pico-sdk/src/rp2_common/pico_double/double_aeabi_rp2040.S.o
                0x1000214c                __wrap___aeabi_dcmpge
 .text.__wrap___aeabi_dcmpgt
                0x1000215c        0xa CMakeFiles/main.dir/home/szymon-gogulski/pico/pico-sdk/src/rp2_common/pico_double/double_aeabi_rp2040.S.o
                0x1000215c                __wrap___aeabi_dcmpgt
 .text.__wrap___aeabi_dcmpun
                0x10002166       0x18 CMakeFiles/main.dir/home/szymon-gogulski/pico/pico-sdk/src/rp2_common/pico_double/double_aeabi_rp2040.S.o
                0x10002166                __wrap___aeabi_dcmpun
 *fill*         0x1000217e        0x2 
 .text.__wrap___aeabi_i2d
                0x10002180       0x38 CMakeFiles/main.dir/home/szymon-gogulski/pico/pico-sdk/src/rp2_common/pico_double/double_aeabi_rp2040.S.o
                0x10002180                __wrap___aeabi_ui2d
                0x10002188                __wrap___aeabi_i2d
 .text.__wrap___aeabi_d2iz
                0x100021b8       0x48 CMakeFiles/main.dir/home/szymon-gogulski/pico/pico-sdk/src/rp2_common/pico_double/double_aeabi_rp2040.S.o
                0x100021b8                __wrap___aeabi_d2iz
                0x100021b8                double2int_z
 .text.__wrap___aeabi_d2uiz
                0x10002200       0x18 CMakeFiles/main.dir/home/szymon-gogulski/pico/pico-sdk/src/rp2_common/pico_double/double_aeabi_rp2040.S.o
                0x10002200                double2uint
                0x10002200                __wrap___aeabi_d2uiz
 .text.__aeabi_double_init
                0x10002218       0xa4 CMakeFiles/main.dir/home/szymon-gogulski/pico/pico-sdk/src/rp2_common/pico_double/double_init_rom_rp2040.c.o
                0x10002218                __aeabi_double_init
 .text.double_table_shim_on_use_helper
                0x100022bc       0x2c CMakeFiles/main.dir/home/szymon-gogulski/pico/pico-sdk/src/rp2_common/pico_double/double_v1_rom_shim_rp2040.S.o
                0x100022bc                double_table_shim_on_use_helper
 .text.__wrap___aeabi_dsub
                0x100022e8       0x10 CMakeFiles/main.dir/home/szymon-gogulski/pico/pico-sdk/src/rp2_common/pico_double/double_v1_rom_shim_rp2040.S.o
                0x100022e8                drsub_shim
                0x100022ee                dsub_shim
 .text.dadd_shim
                0x100022f8      0x15c CMakeFiles/main.dir/home/szymon-gogulski/pico/pico-sdk/src/rp2_common/pico_double/double_v1_rom_shim_rp2040.S.o
                0x100022f8                dadd_shim
 .text.dmul_shim
                0x10002454      0x15c CMakeFiles/main.dir/home/szymon-gogulski/pico/pico-sdk/src/rp2_common/pico_double/double_v1_rom_shim_rp2040.S.o
                0x10002454                dmul_shim
 .text.ddiv_shim
                0x100025b0      0x1b0 CMakeFiles/main.dir/home/szymon-gogulski/pico/pico-sdk/src/rp2_common/pico_double/double_v1_rom_shim_rp2040.S.o
                0x100025b0                ddiv_shim
 .text.double2uint_shim
                0x10002760        0xe CMakeFiles/main.dir/home/szymon-gogulski/pico/pico-sdk/src/rp2_common/pico_double/double_v1_rom_shim_rp2040.S.o
                0x10002760                double2uint_shim
                0x10002762                double2ufix_shim
 *fill*         0x1000276e        0x2 
 .text.double2uint64_shim
                0x10002770       0x70 CMakeFiles/main.dir/home/szymon-gogulski/pico/pico-sdk/src/rp2_common/pico_double/double_v1_rom_shim_rp2040.S.o
                0x10002770                double2uint64_shim
                0x10002772                double2ufix64_shim
                0x10002792                d2fix_a
 .text.dunpacks
                0x100027e0       0x3c CMakeFiles/main.dir/home/szymon-gogulski/pico/pico-sdk/src/rp2_common/pico_double/double_v1_rom_shim_rp2040.S.o
                0x100027e0                dunpacks
 .text.__aeabi_lmul
                0x1000281c       0x32 CMakeFiles/main.dir/home/szymon-gogulski/pico/pico-sdk/src/rp2_common/pico_int64_ops/pico_int64_ops_aeabi.S.o
                0x1000281c                __wrap___aeabi_lmul
 *fill*         0x1000284e        0x2 
 .text.__wrap___aeabi_farithmetic
                0x10002850       0x48 CMakeFiles/main.dir/home/szymon-gogulski/pico/pico-sdk/src/rp2_common/pico_float/float_aeabi_rp2040.S.o
                0x10002850                __wrap___aeabi_frsub
                0x10002856                __wrap___aeabi_fsub
                0x1000285c                __wrap___aeabi_fadd
                0x10002862                __wrap___aeabi_fdiv
                0x1000288a                __wrap___aeabi_fmul
 .text.__wrap___aeabi_cfcmple
                0x10002898       0x50 CMakeFiles/main.dir/home/szymon-gogulski/pico/pico-sdk/src/rp2_common/pico_float/float_aeabi_rp2040.S.o
                0x10002898                __wrap___aeabi_cfrcmple
                0x100028a4                __wrap___aeabi_cfcmpeq
                0x100028a4                __wrap___aeabi_cfcmple
 .text.__wrap___aeabi_fcmpeq
                0x100028e8       0x10 CMakeFiles/main.dir/home/szymon-gogulski/pico/pico-sdk/src/rp2_common/pico_float/float_aeabi_rp2040.S.o
                0x100028e8                __wrap___aeabi_fcmpeq
 .text.__wrap___aeabi_fcmplt
                0x100028f8        0xc CMakeFiles/main.dir/home/szymon-gogulski/pico/pico-sdk/src/rp2_common/pico_float/float_aeabi_rp2040.S.o
                0x100028f8                __wrap___aeabi_fcmplt
 .text.__wrap___aeabi_fcmpge
                0x10002904       0x10 CMakeFiles/main.dir/home/szymon-gogulski/pico/pico-sdk/src/rp2_common/pico_float/float_aeabi_rp2040.S.o
                0x10002904                __wrap___aeabi_fcmpge
 .text.__wrap___aeabi_fcmpgt
                0x10002914        0xa CMakeFiles/main.dir/home/szymon-gogulski/pico/pico-sdk/src/rp2_common/pico_float/float_aeabi_rp2040.S.o
                0x10002914                __wrap___aeabi_fcmpgt
 .text.__wrap___aeabi_ui2f
                0x1000291e        0xa CMakeFiles/main.dir/home/szymon-gogulski/pico/pico-sdk/src/rp2_common/pico_float/float_aeabi_rp2040.S.o
                0x1000291e                uint2float
                0x1000291e                __wrap___aeabi_ui2f
 .text.__wrap___aeabi_i2f
                0x10002928       0x44 CMakeFiles/main.dir/home/szymon-gogulski/pico/pico-sdk/src/rp2_common/pico_float/float_aeabi_rp2040.S.o
                0x10002928                int2float
                0x10002928                __wrap___aeabi_i2f
 .text.__wrap___aeabi_f2d
                0x1000296c       0x14 CMakeFiles/main.dir/home/szymon-gogulski/pico/pico-sdk/src/rp2_common/pico_float/float_aeabi_rp2040.S.o
                0x1000296c                __wrap___aeabi_f2d
 .text.__wrap_sqrtf
                0x10002980       0x20 CMakeFiles/main.dir/home/szymon-gogulski/pico/pico-sdk/src/rp2_common/pico_float/float_aeabi_rp2040.S.o
                0x10002980                __wrap_sqrtf
 .text.__wrap_logf
                0x100029a0        0xc CMakeFiles/main.dir/home/szymon-gogulski/pico/pico-sdk/src/rp2_common/pico_float/float_aeabi_rp2040.S.o
                0x100029a0                __wrap_logf
 .text.__aeabi_float_init
                0x100029ac       0x64 CMakeFiles/main.dir/home/szymon-gogulski/pico/pico-sdk/src/rp2_common/pico_float/float_init_rom_rp2040.c.o
                0x100029ac                __aeabi_float_init
 .text.float_table_shim_on_use_helper
                0x10002a10       0x2c CMakeFiles/main.dir/home/szymon-gogulski/pico/pico-sdk/src/rp2_common/pico_float/float_v1_rom_shim_rp2040.S.o
                0x10002a10                float_table_shim_on_use_helper
 .text.float2double_shim
                0x10002a3c       0x30 CMakeFiles/main.dir/home/szymon-gogulski/pico/pico-sdk/src/rp2_common/pico_float/float_v1_rom_shim_rp2040.S.o
                0x10002a3c                float2double_shim
 .text          0x10002a6c       0x10 CMakeFiles/main.dir/home/szymon-gogulski/pico/pico-sdk/src/rp2_common/pico_mem_ops/mem_ops_aeabi.S.o
                0x10002a6c                __aeabi_mem_init
 .text.memset   0x10002a7c        0xc CMakeFiles/main.dir/home/szymon-gogulski/pico/pico-sdk/src/rp2_common/pico_mem_ops/mem_ops_aeabi.S.o
                0x10002a7c                __wrap_memset
 .text.memcpy   0x10002a88        0xc CMakeFiles/main.dir/home/szymon-gogulski/pico/pico-sdk/src/rp2_common/pico_mem_ops/mem_ops_aeabi.S.o
                0x10002a88                __wrap___aeabi_memcpy
                0x10002a88                __wrap_memcpy
 .text._out_null
                0x10002a94        0x4 CMakeFiles/main.dir/home/szymon-gogulski/pico/pico-sdk/src/rp2_common/pico_printf/printf.c.o
 .text._out_rev
                0x10002a98       0xac CMakeFiles/main.dir/home/szymon-gogulski/pico/pico-sdk/src/rp2_common/pico_printf/printf.c.o
 .text._ntoa_format
                0x10002b44      0x250 CMakeFiles/main.dir/home/szymon-gogulski/pico/pico-sdk/src/rp2_common/pico_printf/printf.c.o
 .text._out_char
                0x10002d94       0x10 CMakeFiles/main.dir/home/szymon-gogulski/pico/pico-sdk/src/rp2_common/pico_printf/printf.c.o
 .text._out_fct
                0x10002da4       0x10 CMakeFiles/main.dir/home/szymon-gogulski/pico/pico-sdk/src/rp2_common/pico_printf/printf.c.o
 .text._etoa    0x10002db4      0x464 CMakeFiles/main.dir/home/szymon-gogulski/pico/pico-sdk/src/rp2_common/pico_printf/printf.c.o
 .text._ftoa    0x10003218      0x3c0 CMakeFiles/main.dir/home/szymon-gogulski/pico/pico-sdk/src/rp2_common/pico_printf/printf.c.o
 .text._vsnprintf
                0x100035d8      0xbc8 CMakeFiles/main.dir/home/szymon-gogulski/pico/pico-sdk/src/rp2_common/pico_printf/printf.c.o
 .text.vfctprintf
                0x100041a0       0x20 CMakeFiles/main.dir/home/szymon-gogulski/pico/pico-sdk/src/rp2_common/pico_printf/printf.c.o
                0x100041a0                vfctprintf
 .text.weak_raw_vprintf
                0x100041c0       0x30 CMakeFiles/main.dir/home/szymon-gogulski/pico/pico-sdk/src/rp2_common/pico_printf/printf.c.o
                0x100041c0                weak_raw_vprintf
 .text._exit    0x100041f0        0x4 CMakeFiles/main.dir/home/szymon-gogulski/pico/pico-sdk/src/rp2_common/pico_clib_interface/newlib_interface.c.o
                0x100041f0                _exit
 .text.exit     0x100041f4        0x8 CMakeFiles/main.dir/home/szymon-gogulski/pico/pico-sdk/src/rp2_common/pico_clib_interface/newlib_interface.c.o
                0x100041f4                exit
 .text.runtime_init
                0x100041fc       0x2c CMakeFiles/main.dir/home/szymon-gogulski/pico/pico-sdk/src/rp2_common/pico_clib_interface/newlib_interface.c.o
                0x100041fc                runtime_init
 .text.stdio_out_chars_no_crlf
                0x10004228       0x10 CMakeFiles/main.dir/home/szymon-gogulski/pico/pico-sdk/src/rp2_common/pico_stdio/stdio.c.o
 .text.stdio_out_chars_crlf
                0x10004238       0x94 CMakeFiles/main.dir/home/szymon-gogulski/pico/pico-sdk/src/rp2_common/pico_stdio/stdio.c.o
 .text.stdio_buffered_printer
                0x100042cc       0x64 CMakeFiles/main.dir/home/szymon-gogulski/pico/pico-sdk/src/rp2_common/pico_stdio/stdio.c.o
 .text.stdio_put_string
                0x10004330      0x100 CMakeFiles/main.dir/home/szymon-gogulski/pico/pico-sdk/src/rp2_common/pico_stdio/stdio.c.o
                0x10004330                stdio_put_string
 .text.stdio_set_driver_enabled
                0x10004430       0x30 CMakeFiles/main.dir/home/szymon-gogulski/pico/pico-sdk/src/rp2_common/pico_stdio/stdio.c.o
                0x10004430                stdio_set_driver_enabled
 .text.stdio_init_all
                0x10004460       0x10 CMakeFiles/main.dir/home/szymon-gogulski/pico/pico-sdk/src/rp2_common/pico_stdio/stdio.c.o
                0x10004460                stdio_init_all
 .text.__wrap_putchar
                0x10004470       0x98 CMakeFiles/main.dir/home/szymon-gogulski/pico/pico-sdk/src/rp2_common/pico_stdio/stdio.c.o
                0x10004470                stdio_putchar
                0x10004470                __wrap_putchar
 .text.__wrap_puts
                0x10004508       0x3c CMakeFiles/main.dir/home/szymon-gogulski/pico/pico-sdk/src/rp2_common/pico_stdio/stdio.c.o
                0x10004508                __wrap_puts
                0x10004508                stdio_puts
 .text.__wrap_vprintf
                0x10004544       0xd4 CMakeFiles/main.dir/home/szymon-gogulski/pico/pico-sdk/src/rp2_common/pico_stdio/stdio.c.o
                0x10004544                __wrap_vprintf
                0x10004544                stdio_vprintf
 .text.__wrap_printf
                0x10004618       0x18 CMakeFiles/main.dir/home/szymon-gogulski/pico/pico-sdk/src/rp2_common/pico_stdio/stdio.c.o
                0x10004618                stdio_printf
                0x10004618                __wrap_printf
 .text.stdio_uart_out_chars
                0x10004630       0x4c CMakeFiles/main.dir/home/szymon-gogulski/pico/pico-sdk/src/rp2_common/pico_stdio_uart/stdio_uart.c.o
 .text.stdio_uart_in_chars
                0x1000467c       0x90 CMakeFiles/main.dir/home/szymon-gogulski/pico/pico-sdk/src/rp2_common/pico_stdio_uart/stdio_uart.c.o
                0x1000467c                stdio_uart_in_chars
 .text.on_uart_rx
                0x1000470c       0x28 CMakeFiles/main.dir/home/szymon-gogulski/pico/pico-sdk/src/rp2_common/pico_stdio_uart/stdio_uart.c.o
 .text.stdio_uart_out_flush
                0x10004734       0x14 CMakeFiles/main.dir/home/szymon-gogulski/pico/pico-sdk/src/rp2_common/pico_stdio_uart/stdio_uart.c.o
 .text.stdio_uart_set_chars_available_callback
                0x10004748       0x84 CMakeFiles/main.dir/home/szymon-gogulski/pico/pico-sdk/src/rp2_common/pico_stdio_uart/stdio_uart.c.o
 .text.stdio_uart_init
                0x100047cc       0x50 CMakeFiles/main.dir/home/szymon-gogulski/pico/pico-sdk/src/rp2_common/pico_stdio_uart/stdio_uart.c.o
                0x100047cc                stdio_uart_init
 .text.resetd_init
                0x1000481c        0x4 CMakeFiles/main.dir/home/szymon-gogulski/pico/pico-sdk/src/rp2_common/pico_stdio_usb/reset_interface.c.o
 .text.resetd_reset
                0x10004820        0xc CMakeFiles/main.dir/home/szymon-gogulski/pico/pico-sdk/src/rp2_common/pico_stdio_usb/reset_interface.c.o
 .text.resetd_open
                0x1000482c       0x28 CMakeFiles/main.dir/home/szymon-gogulski/pico/pico-sdk/src/rp2_common/pico_stdio_usb/reset_interface.c.o
 .text.resetd_xfer_cb
                0x10004854        0x4 CMakeFiles/main.dir/home/szymon-gogulski/pico/pico-sdk/src/rp2_common/pico_stdio_usb/reset_interface.c.o
 .text.resetd_control_xfer_cb
                0x10004858       0x5c CMakeFiles/main.dir/home/szymon-gogulski/pico/pico-sdk/src/rp2_common/pico_stdio_usb/reset_interface.c.o
 .text.tud_descriptor_bos_cb
                0x100048b4        0x8 CMakeFiles/main.dir/home/szymon-gogulski/pico/pico-sdk/src/rp2_common/pico_stdio_usb/reset_interface.c.o
                0x100048b4                tud_descriptor_bos_cb
 .text.tud_vendor_control_xfer_cb
                0x100048bc       0x34 CMakeFiles/main.dir/home/szymon-gogulski/pico/pico-sdk/src/rp2_common/pico_stdio_usb/reset_interface.c.o
                0x100048bc                tud_vendor_control_xfer_cb
 .text.usbd_app_driver_get_cb
                0x100048f0        0xc CMakeFiles/main.dir/home/szymon-gogulski/pico/pico-sdk/src/rp2_common/pico_stdio_usb/reset_interface.c.o
                0x100048f0                usbd_app_driver_get_cb
 .text.tud_cdc_line_coding_cb
                0x100048fc       0x2c CMakeFiles/main.dir/home/szymon-gogulski/pico/pico-sdk/src/rp2_common/pico_stdio_usb/reset_interface.c.o
                0x100048fc                tud_cdc_line_coding_cb
 .text.stdio_usb_set_chars_available_callback
                0x10004928       0x14 CMakeFiles/main.dir/home/szymon-gogulski/pico/pico-sdk/src/rp2_common/pico_stdio_usb/stdio_usb.c.o
                0x10004928                stdio_usb_set_chars_available_callback
 .text.usb_irq  0x1000493c       0x10 CMakeFiles/main.dir/home/szymon-gogulski/pico/pico-sdk/src/rp2_common/pico_stdio_usb/stdio_usb.c.o
 .text.timer_task
                0x1000494c       0x64 CMakeFiles/main.dir/home/szymon-gogulski/pico/pico-sdk/src/rp2_common/pico_stdio_usb/stdio_usb.c.o
 .text.stdio_usb_in_chars
                0x100049b0       0x90 CMakeFiles/main.dir/home/szymon-gogulski/pico/pico-sdk/src/rp2_common/pico_stdio_usb/stdio_usb.c.o
                0x100049b0                stdio_usb_in_chars
 .text.stdio_usb_out_flush
                0x10004a40       0x50 CMakeFiles/main.dir/home/szymon-gogulski/pico/pico-sdk/src/rp2_common/pico_stdio_usb/stdio_usb.c.o
 .text.stdio_usb_out_chars
                0x10004a90      0x104 CMakeFiles/main.dir/home/szymon-gogulski/pico/pico-sdk/src/rp2_common/pico_stdio_usb/stdio_usb.c.o
 .text.low_priority_worker_irq
                0x10004b94       0xcc CMakeFiles/main.dir/home/szymon-gogulski/pico/pico-sdk/src/rp2_common/pico_stdio_usb/stdio_usb.c.o
 .text.stdio_usb_init
                0x10004c60       0xe8 CMakeFiles/main.dir/home/szymon-gogulski/pico/pico-sdk/src/rp2_common/pico_stdio_usb/stdio_usb.c.o
                0x10004c60                stdio_usb_init
 .text.tud_descriptor_device_cb
                0x10004d48        0x8 CMakeFiles/main.dir/home/szymon-gogulski/pico/pico-sdk/src/rp2_common/pico_stdio_usb/stdio_usb_descriptors.c.o
                0x10004d48                tud_descriptor_device_cb
 .text.tud_descriptor_configuration_cb
                0x10004d50        0x8 CMakeFiles/main.dir/home/szymon-gogulski/pico/pico-sdk/src/rp2_common/pico_stdio_usb/stdio_usb_descriptors.c.o
                0x10004d50                tud_descriptor_configuration_cb
 .text.tud_descriptor_string_cb
                0x10004d58       0x78 CMakeFiles/main.dir/home/szymon-gogulski/pico/pico-sdk/src/rp2_common/pico_stdio_usb/stdio_usb_descriptors.c.o
                0x10004d58                tud_descriptor_string_cb
 .text.startup._retrieve_unique_id_on_boot
                0x10004dd0       0x10 CMakeFiles/main.dir/home/szymon-gogulski/pico/pico-sdk/src/rp2_common/pico_unique_id/unique_id.c.o
 .text.pico_get_unique_board_id_string
                0x10004de0      0x1a8 CMakeFiles/main.dir/home/szymon-gogulski/pico/pico-sdk/src/rp2_common/pico_unique_id/unique_id.c.o
                0x10004de0                pico_get_unique_board_id_string
 .text.flash_get_unique_id
                0x10004f88       0x3c CMakeFiles/main.dir/home/szymon-gogulski/pico/pico-sdk/src/rp2_common/hardware_flash/flash.c.o
                0x10004f88                flash_get_unique_id
 .text.dcd_init
                0x10004fc4       0x8c CMakeFiles/main.dir/home/szymon-gogulski/pico/pico-sdk/lib/tinyusb/src/portable/raspberrypi/rp2040/dcd_rp2040.c.o
                0x10004fc4                dcd_init
 .text.dcd_int_enable
                0x10005050        0xc CMakeFiles/main.dir/home/szymon-gogulski/pico/pico-sdk/lib/tinyusb/src/portable/raspberrypi/rp2040/dcd_rp2040.c.o
                0x10005050                dcd_int_enable
 .text.dcd_set_address
                0x1000505c       0x14 CMakeFiles/main.dir/home/szymon-gogulski/pico/pico-sdk/lib/tinyusb/src/portable/raspberrypi/rp2040/dcd_rp2040.c.o
                0x1000505c                dcd_set_address
 .text.dcd_sof_enable
                0x10005070       0x1c CMakeFiles/main.dir/home/szymon-gogulski/pico/pico-sdk/lib/tinyusb/src/portable/raspberrypi/rp2040/dcd_rp2040.c.o
                0x10005070                dcd_sof_enable
 .text.dcd_edpt0_status_complete
                0x1000508c       0x1c CMakeFiles/main.dir/home/szymon-gogulski/pico/pico-sdk/lib/tinyusb/src/portable/raspberrypi/rp2040/dcd_rp2040.c.o
                0x1000508c                dcd_edpt0_status_complete
 .text.dcd_edpt_open
                0x100050a8      0x108 CMakeFiles/main.dir/home/szymon-gogulski/pico/pico-sdk/lib/tinyusb/src/portable/raspberrypi/rp2040/dcd_rp2040.c.o
                0x100050a8                dcd_edpt_open
 .text.dcd_edpt_close_all
                0x100051b0        0x8 CMakeFiles/main.dir/home/szymon-gogulski/pico/pico-sdk/lib/tinyusb/src/portable/raspberrypi/rp2040/dcd_rp2040.c.o
                0x100051b0                dcd_edpt_close_all
 .text.dcd_edpt_xfer
                0x100051b8       0x24 CMakeFiles/main.dir/home/szymon-gogulski/pico/pico-sdk/lib/tinyusb/src/portable/raspberrypi/rp2040/dcd_rp2040.c.o
                0x100051b8                dcd_edpt_xfer
 .text.dcd_edpt_stall
                0x100051dc       0x34 CMakeFiles/main.dir/home/szymon-gogulski/pico/pico-sdk/lib/tinyusb/src/portable/raspberrypi/rp2040/dcd_rp2040.c.o
                0x100051dc                dcd_edpt_stall
 .text.dcd_edpt_clear_stall
                0x10005210       0x30 CMakeFiles/main.dir/home/szymon-gogulski/pico/pico-sdk/lib/tinyusb/src/portable/raspberrypi/rp2040/dcd_rp2040.c.o
                0x10005210                dcd_edpt_clear_stall
 .text.rp2040_usb_init
                0x10005240       0x40 CMakeFiles/main.dir/home/szymon-gogulski/pico/pico-sdk/lib/tinyusb/src/portable/raspberrypi/rp2040/rp2040_usb.c.o
                0x10005240                rp2040_usb_init
 .text.hw_endpoint_xfer_start
                0x10005280       0x40 CMakeFiles/main.dir/home/szymon-gogulski/pico/pico-sdk/lib/tinyusb/src/portable/raspberrypi/rp2040/rp2040_usb.c.o
                0x10005280                hw_endpoint_xfer_start
 .text.tud_event_hook_cb
                0x100052c0        0x4 CMakeFiles/main.dir/home/szymon-gogulski/pico/pico-sdk/lib/tinyusb/src/device/usbd.c.o
                0x100052c0                tud_event_hook_cb
 .text.tud_sof_cb
                0x100052c4        0x4 CMakeFiles/main.dir/home/szymon-gogulski/pico/pico-sdk/lib/tinyusb/src/device/usbd.c.o
                0x100052c4                tud_sof_cb
 .text.tud_descriptor_device_qualifier_cb
                0x100052c8        0x4 CMakeFiles/main.dir/home/szymon-gogulski/pico/pico-sdk/lib/tinyusb/src/device/usbd.c.o
                0x100052c8                tud_descriptor_device_qualifier_cb
 .text.tud_descriptor_other_speed_configuration_cb
                0x100052cc        0x4 CMakeFiles/main.dir/home/szymon-gogulski/pico/pico-sdk/lib/tinyusb/src/device/usbd.c.o
                0x100052cc                tud_descriptor_other_speed_configuration_cb
 .text.tud_mount_cb
                0x100052d0        0x4 CMakeFiles/main.dir/home/szymon-gogulski/pico/pico-sdk/lib/tinyusb/src/device/usbd.c.o
                0x100052d0                tud_mount_cb
 .text.tud_umount_cb
                0x100052d4        0x4 CMakeFiles/main.dir/home/szymon-gogulski/pico/pico-sdk/lib/tinyusb/src/device/usbd.c.o
                0x100052d4                tud_umount_cb
 .text.tud_suspend_cb
                0x100052d8        0x4 CMakeFiles/main.dir/home/szymon-gogulski/pico/pico-sdk/lib/tinyusb/src/device/usbd.c.o
                0x100052d8                tud_suspend_cb
 .text.tud_resume_cb
                0x100052dc        0x4 CMakeFiles/main.dir/home/szymon-gogulski/pico/pico-sdk/lib/tinyusb/src/device/usbd.c.o
                0x100052dc                tud_resume_cb
 .text.tud_mounted
                0x100052e0       0x10 CMakeFiles/main.dir/home/szymon-gogulski/pico/pico-sdk/lib/tinyusb/src/device/usbd.c.o
                0x100052e0                tud_mounted
 .text.tud_suspended
                0x100052f0       0x10 CMakeFiles/main.dir/home/szymon-gogulski/pico/pico-sdk/lib/tinyusb/src/device/usbd.c.o
                0x100052f0                tud_suspended
 .text.tud_init
                0x10005300       0xe4 CMakeFiles/main.dir/home/szymon-gogulski/pico/pico-sdk/lib/tinyusb/src/device/usbd.c.o
                0x10005300                tud_init
 .text.tud_task_ext
                0x100053e4      0x800 CMakeFiles/main.dir/home/szymon-gogulski/pico/pico-sdk/lib/tinyusb/src/device/usbd.c.o
                0x100053e4                tud_task_ext
 .text.usbd_open_edpt_pair
                0x10005be4       0x9c CMakeFiles/main.dir/home/szymon-gogulski/pico/pico-sdk/lib/tinyusb/src/device/usbd.c.o
                0x10005be4                usbd_open_edpt_pair
 .text.usbd_edpt_open
                0x10005c80       0x34 CMakeFiles/main.dir/home/szymon-gogulski/pico/pico-sdk/lib/tinyusb/src/device/usbd.c.o
                0x10005c80                usbd_edpt_open
 .text.usbd_edpt_claim
                0x10005cb4       0x28 CMakeFiles/main.dir/home/szymon-gogulski/pico/pico-sdk/lib/tinyusb/src/device/usbd.c.o
                0x10005cb4                usbd_edpt_claim
 .text.usbd_edpt_release
                0x10005cdc       0x28 CMakeFiles/main.dir/home/szymon-gogulski/pico/pico-sdk/lib/tinyusb/src/device/usbd.c.o
                0x10005cdc                usbd_edpt_release
 .text.usbd_edpt_xfer
                0x10005d04       0x4c CMakeFiles/main.dir/home/szymon-gogulski/pico/pico-sdk/lib/tinyusb/src/device/usbd.c.o
                0x10005d04                usbd_edpt_xfer
 .text.tud_control_status
                0x10005d50       0x2c CMakeFiles/main.dir/home/szymon-gogulski/pico/pico-sdk/lib/tinyusb/src/device/usbd_control.c.o
                0x10005d50                tud_control_status
 .text.tud_control_xfer
                0x10005d7c       0xac CMakeFiles/main.dir/home/szymon-gogulski/pico/pico-sdk/lib/tinyusb/src/device/usbd_control.c.o
                0x10005d7c                tud_control_xfer
 .text.usbd_control_reset
                0x10005e28       0x14 CMakeFiles/main.dir/home/szymon-gogulski/pico/pico-sdk/lib/tinyusb/src/device/usbd_control.c.o
                0x10005e28                usbd_control_reset
 .text.usbd_control_set_complete_callback
                0x10005e3c        0xc CMakeFiles/main.dir/home/szymon-gogulski/pico/pico-sdk/lib/tinyusb/src/device/usbd_control.c.o
                0x10005e3c                usbd_control_set_complete_callback
 .text.usbd_control_set_request
                0x10005e48       0x1c CMakeFiles/main.dir/home/szymon-gogulski/pico/pico-sdk/lib/tinyusb/src/device/usbd_control.c.o
                0x10005e48                usbd_control_set_request
 .text.usbd_control_xfer_cb
                0x10005e64       0xec CMakeFiles/main.dir/home/szymon-gogulski/pico/pico-sdk/lib/tinyusb/src/device/usbd_control.c.o
                0x10005e64                usbd_control_xfer_cb
 .text._prep_out_transaction.isra.0
                0x10005f50       0x5c CMakeFiles/main.dir/home/szymon-gogulski/pico/pico-sdk/lib/tinyusb/src/class/cdc/cdc_device.c.o
 .text.tud_cdc_n_connected
                0x10005fac       0x30 CMakeFiles/main.dir/home/szymon-gogulski/pico/pico-sdk/lib/tinyusb/src/class/cdc/cdc_device.c.o
                0x10005fac                tud_cdc_n_connected
 .text.tud_cdc_n_available
                0x10005fdc       0x18 CMakeFiles/main.dir/home/szymon-gogulski/pico/pico-sdk/lib/tinyusb/src/class/cdc/cdc_device.c.o
                0x10005fdc                tud_cdc_n_available
 .text.tud_cdc_n_read
                0x10005ff4       0x98 CMakeFiles/main.dir/home/szymon-gogulski/pico/pico-sdk/lib/tinyusb/src/class/cdc/cdc_device.c.o
                0x10005ff4                tud_cdc_n_read
 .text.tud_cdc_n_write_flush
                0x1000608c       0x78 CMakeFiles/main.dir/home/szymon-gogulski/pico/pico-sdk/lib/tinyusb/src/class/cdc/cdc_device.c.o
                0x1000608c                tud_cdc_n_write_flush
 .text.tud_cdc_n_write
                0x10006104       0x40 CMakeFiles/main.dir/home/szymon-gogulski/pico/pico-sdk/lib/tinyusb/src/class/cdc/cdc_device.c.o
                0x10006104                tud_cdc_n_write
 .text.tud_cdc_n_write_available
                0x10006144       0x18 CMakeFiles/main.dir/home/szymon-gogulski/pico/pico-sdk/lib/tinyusb/src/class/cdc/cdc_device.c.o
                0x10006144                tud_cdc_n_write_available
 .text.cdcd_init
                0x1000615c       0x7c CMakeFiles/main.dir/home/szymon-gogulski/pico/pico-sdk/lib/tinyusb/src/class/cdc/cdc_device.c.o
                0x1000615c                cdcd_init
 .text.cdcd_deinit
                0x100061d8       0x34 CMakeFiles/main.dir/home/szymon-gogulski/pico/pico-sdk/lib/tinyusb/src/class/cdc/cdc_device.c.o
                0x100061d8                cdcd_deinit
 .text.cdcd_reset
                0x1000620c       0x4c CMakeFiles/main.dir/home/szymon-gogulski/pico/pico-sdk/lib/tinyusb/src/class/cdc/cdc_device.c.o
                0x1000620c                cdcd_reset
 .text.cdcd_open
                0x10006258       0xb0 CMakeFiles/main.dir/home/szymon-gogulski/pico/pico-sdk/lib/tinyusb/src/class/cdc/cdc_device.c.o
                0x10006258                cdcd_open
 .text.cdcd_control_xfer_cb
                0x10006308       0xe4 CMakeFiles/main.dir/home/szymon-gogulski/pico/pico-sdk/lib/tinyusb/src/class/cdc/cdc_device.c.o
                0x10006308                cdcd_control_xfer_cb
 .text.cdcd_xfer_cb
                0x100063ec      0x100 CMakeFiles/main.dir/home/szymon-gogulski/pico/pico-sdk/lib/tinyusb/src/class/cdc/cdc_device.c.o
                0x100063ec                cdcd_xfer_cb
 .text.vendord_init
                0x100064ec       0x5c CMakeFiles/main.dir/home/szymon-gogulski/pico/pico-sdk/lib/tinyusb/src/class/vendor/vendor_device.c.o
                0x100064ec                vendord_init
 .text.vendord_deinit
                0x10006548       0x1c CMakeFiles/main.dir/home/szymon-gogulski/pico/pico-sdk/lib/tinyusb/src/class/vendor/vendor_device.c.o
                0x10006548                vendord_deinit
 .text.vendord_reset
                0x10006564       0x20 CMakeFiles/main.dir/home/szymon-gogulski/pico/pico-sdk/lib/tinyusb/src/class/vendor/vendor_device.c.o
                0x10006564                vendord_reset
 .text.vendord_open
                0x10006584      0x138 CMakeFiles/main.dir/home/szymon-gogulski/pico/pico-sdk/lib/tinyusb/src/class/vendor/vendor_device.c.o
                0x10006584                vendord_open
 .text.vendord_xfer_cb
                0x100066bc       0x9c CMakeFiles/main.dir/home/szymon-gogulski/pico/pico-sdk/lib/tinyusb/src/class/vendor/vendor_device.c.o
                0x100066bc                vendord_xfer_cb
 .text.tusb_init
                0x10006758        0xc CMakeFiles/main.dir/home/szymon-gogulski/pico/pico-sdk/lib/tinyusb/src/tusb.c.o
                0x10006758                tusb_init
 .text.tu_edpt_claim
                0x10006764       0x50 CMakeFiles/main.dir/home/szymon-gogulski/pico/pico-sdk/lib/tinyusb/src/tusb.c.o
                0x10006764                tu_edpt_claim
 .text.tu_edpt_release
                0x100067b4       0x38 CMakeFiles/main.dir/home/szymon-gogulski/pico/pico-sdk/lib/tinyusb/src/tusb.c.o
                0x100067b4                tu_edpt_release
 .text.tu_edpt_validate
                0x100067ec       0x7c CMakeFiles/main.dir/home/szymon-gogulski/pico/pico-sdk/lib/tinyusb/src/tusb.c.o
                0x100067ec                tu_edpt_validate
 .text.tu_edpt_bind_driver
                0x10006868       0x34 CMakeFiles/main.dir/home/szymon-gogulski/pico/pico-sdk/lib/tinyusb/src/tusb.c.o
                0x10006868                tu_edpt_bind_driver
 .text.tu_edpt_stream_init
                0x1000689c       0x6c CMakeFiles/main.dir/home/szymon-gogulski/pico/pico-sdk/lib/tinyusb/src/tusb.c.o
                0x1000689c                tu_edpt_stream_init
 .text.tu_edpt_stream_deinit
                0x10006908        0x4 CMakeFiles/main.dir/home/szymon-gogulski/pico/pico-sdk/lib/tinyusb/src/tusb.c.o
                0x10006908                tu_edpt_stream_deinit
 .text.tu_edpt_stream_write_zlp_if_needed
                0x1000690c       0x68 CMakeFiles/main.dir/home/szymon-gogulski/pico/pico-sdk/lib/tinyusb/src/tusb.c.o
                0x1000690c                tu_edpt_stream_write_zlp_if_needed
 .text.tu_edpt_stream_write_xfer
                0x10006974       0x64 CMakeFiles/main.dir/home/szymon-gogulski/pico/pico-sdk/lib/tinyusb/src/tusb.c.o
                0x10006974                tu_edpt_stream_write_xfer
 .text.tu_edpt_stream_read_xfer
                0x100069d8       0xdc CMakeFiles/main.dir/home/szymon-gogulski/pico/pico-sdk/lib/tinyusb/src/tusb.c.o
                0x100069d8                tu_edpt_stream_read_xfer
 .text.tu_fifo_config
                0x10006ab4       0x6c CMakeFiles/main.dir/home/szymon-gogulski/pico/pico-sdk/lib/tinyusb/src/common/tusb_fifo.c.o
                0x10006ab4                tu_fifo_config
 .text.tu_fifo_count
                0x10006b20       0x2c CMakeFiles/main.dir/home/szymon-gogulski/pico/pico-sdk/lib/tinyusb/src/common/tusb_fifo.c.o
                0x10006b20                tu_fifo_count
 .text.tu_fifo_empty
                0x10006b4c       0x10 CMakeFiles/main.dir/home/szymon-gogulski/pico/pico-sdk/lib/tinyusb/src/common/tusb_fifo.c.o
                0x10006b4c                tu_fifo_empty
 .text.tu_fifo_remaining
                0x10006b5c       0x2c CMakeFiles/main.dir/home/szymon-gogulski/pico/pico-sdk/lib/tinyusb/src/common/tusb_fifo.c.o
                0x10006b5c                tu_fifo_remaining
 .text.tu_fifo_read
                0x10006b88       0x9c CMakeFiles/main.dir/home/szymon-gogulski/pico/pico-sdk/lib/tinyusb/src/common/tusb_fifo.c.o
                0x10006b88                tu_fifo_read
 .text.tu_fifo_read_n
                0x10006c24       0xe8 CMakeFiles/main.dir/home/szymon-gogulski/pico/pico-sdk/lib/tinyusb/src/common/tusb_fifo.c.o
                0x10006c24                tu_fifo_read_n
 .text.tu_fifo_write
                0x10006d0c       0xa8 CMakeFiles/main.dir/home/szymon-gogulski/pico/pico-sdk/lib/tinyusb/src/common/tusb_fifo.c.o
                0x10006d0c                tu_fifo_write
 .text.tu_fifo_write_n
                0x10006db4      0x178 CMakeFiles/main.dir/home/szymon-gogulski/pico/pico-sdk/lib/tinyusb/src/common/tusb_fifo.c.o
                0x10006db4                tu_fifo_write_n
 .text.tu_fifo_clear
                0x10006f2c       0x40 CMakeFiles/main.dir/home/szymon-gogulski/pico/pico-sdk/lib/tinyusb/src/common/tusb_fifo.c.o
                0x10006f2c                tu_fifo_clear
 .text.tu_fifo_set_overwritable
                0x10006f6c       0x48 CMakeFiles/main.dir/home/szymon-gogulski/pico/pico-sdk/lib/tinyusb/src/common/tusb_fifo.c.o
                0x10006f6c                tu_fifo_set_overwritable
 .text          0x10006fb4      0x224 bin_dsp/libCMSISDSP.a(arm_rfft_fast_init_f32.c.o)
                0x10006fb4                arm_rfft_fast_init_32_f32
                0x10006fd8                arm_rfft_fast_init_64_f32
                0x10006ffc                arm_rfft_fast_init_128_f32
                0x10007020                arm_rfft_fast_init_256_f32
                0x10007044                arm_rfft_fast_init_512_f32
                0x10007068                arm_rfft_fast_init_1024_f32
                0x1000708c                arm_rfft_fast_init_2048_f32
                0x100070b0                arm_rfft_fast_init_4096_f32
                0x100070d4                arm_rfft_fast_init_f32
 .text          0x100071d8      0x15c bin_dsp/libCMSISDSP.a(arm_mfcc_init_f32.c.o)
                0x100071d8                arm_mfcc_init_f32
                0x10007200                arm_mfcc_init_32_f32
                0x10007224                arm_mfcc_init_64_f32
                0x10007248                arm_mfcc_init_128_f32
                0x1000726c                arm_mfcc_init_256_f32
                0x10007294                arm_mfcc_init_512_f32
                0x100072bc                arm_mfcc_init_1024_f32
                0x100072e4                arm_mfcc_init_2048_f32
                0x1000730c                arm_mfcc_init_4096_f32
 .text          0x10007334      0x100 bin_dsp/libCMSISDSP.a(arm_mfcc_f32.c.o)
                0x10007334                arm_mfcc_f32
 .text          0x10007434       0xe4 bin_dsp/libCMSISDSP.a(arm_dot_prod_f32.c.o)
                0x10007434                arm_dot_prod_f32
 .text          0x10007518       0xb4 bin_dsp/libCMSISDSP.a(arm_mult_f32.c.o)
                0x10007518                arm_mult_f32
 .text          0x100075cc       0xa8 bin_dsp/libCMSISDSP.a(arm_offset_f32.c.o)
                0x100075cc                arm_offset_f32
 .text          0x10007674       0xc8 bin_dsp/libCMSISDSP.a(arm_scale_f32.c.o)
                0x10007674                arm_scale_f32
 .text          0x1000773c      0x190 bin_dsp/libCMSISDSP.a(arm_cmplx_mag_f32.c.o)
                0x1000773c                arm_cmplx_mag_f32
 .text          0x100078cc       0x20 bin_dsp/libCMSISDSP.a(arm_vlog_f32.c.o)
                0x100078cc                arm_vlog_f32
 .text          0x100078ec      0x1d8 bin_dsp/libCMSISDSP.a(arm_mat_vec_mult_f32.c.o)
                0x100078ec                arm_mat_vec_mult_f32
 .text          0x10007ac4      0x1d8 bin_dsp/libCMSISDSP.a(arm_absmax_f32.c.o)
                0x10007ac4                arm_absmax_f32
 .text          0x10007c9c      0x1a8 bin_dsp/libCMSISDSP.a(arm_cfft_init_f32.c.o)
                0x10007c9c                arm_cfft_init_4096_f32
                0x10007cb8                arm_cfft_init_2048_f32
                0x10007cd4                arm_cfft_init_1024_f32
                0x10007cf0                arm_cfft_init_512_f32
                0x10007d0c                arm_cfft_init_256_f32
                0x10007d28                arm_cfft_init_128_f32
                0x10007d44                arm_cfft_init_64_f32
                0x10007d60                arm_cfft_init_32_f32
                0x10007d7c                arm_cfft_init_16_f32
                0x10007d98                arm_cfft_init_f32
 .text          0x10007e44      0x264 bin_dsp/libCMSISDSP.a(arm_rfft_fast_f32.c.o)
                0x10007e44                arm_rfft_fast_f32
 .text          0x100080a8      0xacc bin_dsp/libCMSISDSP.a(arm_cfft_f32.c.o)
                0x100080a8                arm_cfft_f32
 .text          0x10008b74       0xf8 bin_dsp/libCMSISDSP.a(arm_bitreversal2.c.o)
                0x10008b74                arm_bitreversal_64
                0x10008bec                arm_bitreversal_32
                0x10008c38                arm_bitreversal_16
 .text          0x10008c6c      0x908 bin_dsp/libCMSISDSP.a(arm_cfft_radix8_f32.c.o)
                0x10008c6c                arm_radix8_butterfly_f32
 .text          0x10009574       0x10 /usr/lib/gcc/arm-none-eabi/13.2.1/../../../arm-none-eabi/lib/thumb/v6-m/nofp/libg.a(libc_a-atexit.o)
                0x10009574                atexit
 .text          0x10009584       0x5c /usr/lib/gcc/arm-none-eabi/13.2.1/../../../arm-none-eabi/lib/thumb/v6-m/nofp/libg.a(libc_a-strlen-stub.o)
                0x10009584                strlen
 .text          0x100095e0       0x28 /usr/lib/gcc/arm-none-eabi/13.2.1/../../../arm-none-eabi/lib/thumb/v6-m/nofp/libg.a(libc_a-fini.o)
                0x100095e0                __libc_fini_array
 .text          0x10009608       0x78 /usr/lib/gcc/arm-none-eabi/13.2.1/../../../arm-none-eabi/lib/thumb/v6-m/nofp/libg.a(libc_a-__atexit.o)
                0x10009608                __register_exitproc
 .text.startup  0x10009680       0x18 /usr/lib/gcc/arm-none-eabi/13.2.1/../../../arm-none-eabi/lib/thumb/v6-m/nofp/libg.a(libc_a-__call_atexit.o)
 *(.fini)
 .fini          0x10009698        0x4 /usr/lib/gcc/arm-none-eabi/13.2.1/thumb/v6-m/nofp/crti.o
                0x10009698                _fini
 *fill*         0x1000969c        0x4 
 .fini.__stub   0x100096a0       0xc0 linker stubs
 *crtbegin.o(.ctors)
 *crtbegin?.o(.ctors)
 *(EXCLUDE_FILE(*crtend.o *crtend?.o) .ctors)
 *(SORT_BY_NAME(.ctors.*))
 *(.ctors)
 *crtbegin.o(.dtors)
 *crtbegin?.o(.dtors)
 *(EXCLUDE_FILE(*crtend.o *crtend?.o) .dtors)
 *(SORT_BY_NAME(.dtors.*))
 *(.dtors)
                0x10009760                        . = ALIGN (0x4)
                0x10009760                        PROVIDE (__preinit_array_start = .)
 *(SORT_BY_NAME(.preinit_array.*))
 .preinit_array.00100
                0x10009760        0x4 CMakeFiles/main.dir/home/szymon-gogulski/pico/pico-sdk/src/rp2_common/pico_runtime_init/runtime_init.c.o
                0x10009760                __pre_init_runtime_init_early_resets
 .preinit_array.00101
                0x10009764        0x4 CMakeFiles/main.dir/home/szymon-gogulski/pico/pico-sdk/src/rp2_common/pico_runtime_init/runtime_init.c.o
                0x10009764                __pre_init_runtime_init_usb_power_down
 .preinit_array.00275
                0x10009768        0x4 CMakeFiles/main.dir/home/szymon-gogulski/pico/pico-sdk/src/rp2_common/pico_bit_ops/bit_ops_aeabi.S.o
 .preinit_array.00300
                0x1000976c        0x4 CMakeFiles/main.dir/home/szymon-gogulski/pico/pico-sdk/src/rp2_common/pico_mem_ops/mem_ops_aeabi.S.o
 .preinit_array.00350
                0x10009770        0x4 CMakeFiles/main.dir/home/szymon-gogulski/pico/pico-sdk/src/rp2_common/pico_double/double_aeabi_rp2040.S.o
 .preinit_array.00350
                0x10009774        0x4 CMakeFiles/main.dir/home/szymon-gogulski/pico/pico-sdk/src/rp2_common/pico_float/float_aeabi_rp2040.S.o
 .preinit_array.00500
                0x10009778        0x4 CMakeFiles/main.dir/home/szymon-gogulski/pico/pico-sdk/src/rp2_common/pico_runtime_init/runtime_init.c.o
                0x10009778                __pre_init_runtime_init_clocks
 .preinit_array.00600
                0x1000977c        0x4 CMakeFiles/main.dir/home/szymon-gogulski/pico/pico-sdk/src/rp2_common/pico_runtime_init/runtime_init.c.o
                0x1000977c                __pre_init_runtime_init_post_clock_resets
 .preinit_array.00700
                0x10009780        0x4 CMakeFiles/main.dir/home/szymon-gogulski/pico/pico-sdk/src/rp2_common/pico_runtime_init/runtime_init.c.o
                0x10009780                __pre_init_runtime_init_rp2040_gpio_ie_disable
 .preinit_array.01000
                0x10009784        0x4 CMakeFiles/main.dir/home/szymon-gogulski/pico/pico-sdk/src/rp2_common/pico_runtime_init/runtime_init.c.o
                0x10009784                __pre_init_runtime_init_spin_locks_reset
 .preinit_array.01100
                0x10009788        0x4 CMakeFiles/main.dir/home/szymon-gogulski/pico/pico-sdk/src/common/pico_sync/mutex.c.o
                0x10009788                __pre_init_runtime_init_mutex
 .preinit_array.10080
                0x1000978c        0x4 CMakeFiles/main.dir/home/szymon-gogulski/pico/pico-sdk/src/rp2_common/pico_runtime_init/runtime_init.c.o
                0x1000978c                __pre_init_runtime_init_install_ram_vector_table
 .preinit_array.11000
                0x10009790        0x4 CMakeFiles/main.dir/home/szymon-gogulski/pico/pico-sdk/src/common/pico_time/time.c.o
                0x10009790                __pre_init_runtime_init_default_alarm_pool
 .preinit_array.YYYYY
                0x10009794        0x4 CMakeFiles/main.dir/home/szymon-gogulski/pico/pico-sdk/src/rp2_common/pico_runtime/runtime.c.o
                0x10009794                __pre_init_first_per_core_initializer
 .preinit_array.ZZZZZ.01200
                0x10009798        0x4 CMakeFiles/main.dir/home/szymon-gogulski/pico/pico-sdk/src/rp2_common/hardware_irq/irq.c.o
                0x10009798                __pre_init_runtime_init_per_core_irq_priorities
 *(.preinit_array)
                0x1000979c                        PROVIDE (__preinit_array_end = .)
                0x1000979c                        . = ALIGN (0x4)
                0x1000979c                        PROVIDE (__init_array_start = .)
 *(SORT_BY_NAME(.init_array.*))
 .init_array.00000
                0x1000979c        0x4 /usr/lib/gcc/arm-none-eabi/13.2.1/../../../arm-none-eabi/lib/thumb/v6-m/nofp/libg.a(libc_a-__call_atexit.o)
 *(.init_array)
 .init_array    0x100097a0        0x4 /usr/lib/gcc/arm-none-eabi/13.2.1/thumb/v6-m/nofp/crtbegin.o
 .init_array    0x100097a4        0x4 CMakeFiles/main.dir/home/szymon-gogulski/pico/pico-sdk/src/rp2_common/pico_unique_id/unique_id.c.o
                0x100097a8                        PROVIDE (__init_array_end = .)
                0x100097a8                        . = ALIGN (0x4)
                0x100097a8                        PROVIDE (__fini_array_start = .)
 *(SORT_BY_NAME(.fini_array.*))
 *(.fini_array)
                0x100097a8                        PROVIDE (__fini_array_end = .)
 *(.eh_frame*)
 .eh_frame      0x100097a8        0x0 /usr/lib/gcc/arm-none-eabi/13.2.1/thumb/v6-m/nofp/crtbegin.o
                0x100097a8                        . = ALIGN (0x4)

.glue_7         0x100097a8        0x0
 .glue_7        0x100097a8        0x0 linker stubs

.glue_7t        0x100097a8        0x0
 .glue_7t       0x100097a8        0x0 linker stubs

.vfp11_veneer   0x100097a8        0x0
 .vfp11_veneer  0x100097a8        0x0 linker stubs

.v4_bx          0x100097a8        0x0
 .v4_bx         0x100097a8        0x0 linker stubs

.iplt           0x100097a8        0x0
 .iplt          0x100097a8        0x0 /usr/lib/gcc/arm-none-eabi/13.2.1/thumb/v6-m/nofp/crtbegin.o

.rodata         0x100097a8    0xe2778
 *(EXCLUDE_FILE(*libm.a: *libc.a:*lib_a-mem*.o *libgcc.a:) .rodata*)
 .rodata.main.str1.4
                0x100097a8      0x1e0 CMakeFiles/main.dir/main.cpp.o
                                 0x46 (size before relaxing)
 .rodata._ZL13filterLengths
                0x10009988       0xa0 CMakeFiles/main.dir/main.cpp.o
 .rodata._ZL9filterPos
                0x10009a28       0xa0 CMakeFiles/main.dir/main.cpp.o
 .rodata._ZL11windowCoefs
                0x10009ac8      0x400 CMakeFiles/main.dir/main.cpp.o
 .rodata._ZL11filterCoefs
                0x10009ec8      0x3a0 CMakeFiles/main.dir/main.cpp.o
 .rodata._ZL8dctCoefs
                0x1000a268      0x820 CMakeFiles/main.dir/main.cpp.o
 .rodata._ZL3pcm
                0x1000aa88      0x400 CMakeFiles/main.dir/main.cpp.o
 .rodata.panic.str1.4
                0x1000ae88       0x12 CMakeFiles/main.dir/home/szymon-gogulski/pico/pico-sdk/src/rp2_common/pico_platform_panic/panic.c.o
 .rodata.spin_lock_claim_unused.str1.4
                0x1000ae88       0x1b CMakeFiles/main.dir/home/szymon-gogulski/pico/pico-sdk/src/rp2_common/hardware_sync/sync.c.o
 .rodata.user_irq_claim_unused.str1.4
                0x1000ae88       0x1b CMakeFiles/main.dir/home/szymon-gogulski/pico/pico-sdk/src/rp2_common/hardware_irq/irq.c.o
 .rodata.timer_hardware_alarm_claim.str1.4
                0x1000ae88       0x22 CMakeFiles/main.dir/home/szymon-gogulski/pico/pico-sdk/src/rp2_common/hardware_timer/timer.c.o
 .rodata.hard_assertion_failure.str1.4
                0x1000ae88        0xc CMakeFiles/main.dir/home/szymon-gogulski/pico/pico-sdk/src/rp2_common/pico_runtime/runtime.c.o
 .rodata.str1.4
                0x1000ae88       0x3c CMakeFiles/main.dir/home/szymon-gogulski/pico/pico-sdk/src/rp2_common/pico_standard_binary_info/standard_binary_info.c.o
 .rodata.__bi_84
                0x1000ae88        0xc CMakeFiles/main.dir/home/szymon-gogulski/pico/pico-sdk/src/rp2_common/pico_standard_binary_info/standard_binary_info.c.o
 .rodata.__bi_78
                0x1000ae94        0xc CMakeFiles/main.dir/home/szymon-gogulski/pico/pico-sdk/src/rp2_common/pico_standard_binary_info/standard_binary_info.c.o
 .rodata.__bi_54
                0x1000aea0        0xc CMakeFiles/main.dir/home/szymon-gogulski/pico/pico-sdk/src/rp2_common/pico_standard_binary_info/standard_binary_info.c.o
 .rodata.__bi_48
                0x1000aeac        0xc CMakeFiles/main.dir/home/szymon-gogulski/pico/pico-sdk/src/rp2_common/pico_standard_binary_info/standard_binary_info.c.o
 .rodata.__bi_42
                0x1000aeb8        0xc CMakeFiles/main.dir/home/szymon-gogulski/pico/pico-sdk/src/rp2_common/pico_standard_binary_info/standard_binary_info.c.o
 .rodata.__bi_34
                0x1000aec4        0xc CMakeFiles/main.dir/home/szymon-gogulski/pico/pico-sdk/src/rp2_common/pico_standard_binary_info/standard_binary_info.c.o
 .rodata.__bi_26
                0x1000aed0        0xc CMakeFiles/main.dir/home/szymon-gogulski/pico/pico-sdk/src/rp2_common/pico_standard_binary_info/standard_binary_info.c.o
 .rodata._ftoa.str1.4
                0x1000aedc       0x15 CMakeFiles/main.dir/home/szymon-gogulski/pico/pico-sdk/src/rp2_common/pico_printf/printf.c.o
 .rodata._vsnprintf
                0x1000aedc      0x19c CMakeFiles/main.dir/home/szymon-gogulski/pico/pico-sdk/src/rp2_common/pico_printf/printf.c.o
 .rodata.pow10.0
                0x1000b078       0x50 CMakeFiles/main.dir/home/szymon-gogulski/pico/pico-sdk/src/rp2_common/pico_printf/printf.c.o
 .rodata.crlf_str.0
                0x1000b0c8        0x2 CMakeFiles/main.dir/home/szymon-gogulski/pico/pico-sdk/src/rp2_common/pico_stdio/stdio.c.o
 .rodata.str1.4
                0x1000b0ca       0x2c CMakeFiles/main.dir/home/szymon-gogulski/pico/pico-sdk/src/rp2_common/pico_stdio_uart/stdio_uart.c.o
 *fill*         0x1000b0ca        0x2 
 .rodata.__bi_45.4
                0x1000b0cc        0xc CMakeFiles/main.dir/home/szymon-gogulski/pico/pico-sdk/src/rp2_common/pico_stdio_uart/stdio_uart.c.o
 .rodata.__bi_49.5
                0x1000b0d8        0x8 CMakeFiles/main.dir/home/szymon-gogulski/pico/pico-sdk/src/rp2_common/pico_stdio_uart/stdio_uart.c.o
 .rodata.__bi_50.6
                0x1000b0e0        0x8 CMakeFiles/main.dir/home/szymon-gogulski/pico/pico-sdk/src/rp2_common/pico_stdio_uart/stdio_uart.c.o
 .rodata._resetd_driver
                0x1000b0e8       0x20 CMakeFiles/main.dir/home/szymon-gogulski/pico/pico-sdk/src/rp2_common/pico_stdio_usb/reset_interface.c.o
 .rodata.desc_ms_os_20
                0x1000b108       0xa6 CMakeFiles/main.dir/home/szymon-gogulski/pico/pico-sdk/src/rp2_common/pico_stdio_usb/reset_interface.c.o
 *fill*         0x1000b1ae        0x2 
 .rodata.desc_bos
                0x1000b1b0       0x21 CMakeFiles/main.dir/home/szymon-gogulski/pico/pico-sdk/src/rp2_common/pico_stdio_usb/reset_interface.c.o
                0x1000b1b0                desc_bos
 .rodata.str1.4
                0x1000b1d1       0x13 CMakeFiles/main.dir/home/szymon-gogulski/pico/pico-sdk/src/rp2_common/pico_stdio_usb/stdio_usb.c.o
 *fill*         0x1000b1d1        0x3 
 .rodata.__bi_197.0
                0x1000b1d4        0xc CMakeFiles/main.dir/home/szymon-gogulski/pico/pico-sdk/src/rp2_common/pico_stdio_usb/stdio_usb.c.o
 .rodata.str1.4
                0x1000b1e0       0x2a CMakeFiles/main.dir/home/szymon-gogulski/pico/pico-sdk/src/rp2_common/pico_stdio_usb/stdio_usb_descriptors.c.o
 .rodata.usbd_desc_str
                0x1000b1e0       0x18 CMakeFiles/main.dir/home/szymon-gogulski/pico/pico-sdk/src/rp2_common/pico_stdio_usb/stdio_usb_descriptors.c.o
 .rodata.usbd_desc_cfg
                0x1000b1f8       0x54 CMakeFiles/main.dir/home/szymon-gogulski/pico/pico-sdk/src/rp2_common/pico_stdio_usb/stdio_usb_descriptors.c.o
 .rodata.usbd_desc_device
                0x1000b24c       0x12 CMakeFiles/main.dir/home/szymon-gogulski/pico/pico-sdk/src/rp2_common/pico_stdio_usb/stdio_usb_descriptors.c.o
 .rodata.str1.4
                0x1000b25e       0x14 CMakeFiles/main.dir/home/szymon-gogulski/pico/pico-sdk/lib/tinyusb/src/portable/raspberrypi/rp2040/dcd_rp2040.c.o
 .rodata.str1.4
                0x1000b25e       0x48 CMakeFiles/main.dir/home/szymon-gogulski/pico/pico-sdk/lib/tinyusb/src/portable/raspberrypi/rp2040/rp2040_usb.c.o
 *fill*         0x1000b25e        0x2 
 .rodata.tud_task_ext
                0x1000b260       0x8c CMakeFiles/main.dir/home/szymon-gogulski/pico/pico-sdk/lib/tinyusb/src/device/usbd.c.o
 .rodata        0x1000b2ec       0x1c CMakeFiles/main.dir/home/szymon-gogulski/pico/pico-sdk/lib/tinyusb/src/device/usbd.c.o
 .rodata._usbd_driver
                0x1000b308       0x40 CMakeFiles/main.dir/home/szymon-gogulski/pico/pico-sdk/lib/tinyusb/src/device/usbd.c.o
 .rodata        0x1000b348    0xe0668 bin_dsp/libCMSISDSP.a(arm_common_tables.c.o)
                0x1000b348                sqrt_initial_lut_q15
                0x1000b368                sqrt_initial_lut_q31
                0x1000b3e8                sinTable_q15
                0x1000b7ec                sinTable_q31
                0x1000bff0                sinTable_f32
                0x1000c7f4                armRecipTableQ31
                0x1000c8f4                armRecipTableQ15
                0x1000c974                cos_factorsQ31_8192
                0x10014974                WeightsQ31_8192
                0x10024974                cos_factorsQ31_2048
                0x10026974                WeightsQ31_2048
                0x1002a974                cos_factorsQ31_512
                0x1002b174                WeightsQ31_512
                0x1002c174                cos_factorsQ31_128
                0x1002c374                WeightsQ31_128
                0x1002c774                cos_factorsQ15_8192
                0x10030774                WeightsQ15_8192
                0x10038774                cos_factorsQ15_2048
                0x10039774                WeightsQ15_2048
                0x1003b774                cos_factorsQ15_512
                0x1003bb74                WeightsQ15_512
                0x1003c374                cos_factorsQ15_128
                0x1003c474                WeightsQ15_128
                0x1003c674                cos_factors_8192
                0x10044674                Weights_8192
                0x10054674                cos_factors_2048
                0x10056674                Weights_2048
                0x1005a674                cos_factors_512
                0x1005ae74                Weights_512
                0x1005be74                cos_factors_128
                0x1005c074                Weights_128
                0x1005c474                realCoefBQ15
                0x10060474                realCoefAQ15
                0x10064474                realCoefBQ31
                0x1006c474                realCoefAQ31
                0x10074474                realCoefB
                0x1007c474                realCoefA
                0x10084474                twiddleCoef_rfft_4096
                0x10088474                twiddleCoef_rfft_2048
                0x1008a474                twiddleCoef_rfft_1024
                0x1008b474                twiddleCoef_rfft_512
                0x1008bc74                twiddleCoef_rfft_256
                0x1008c074                twiddleCoef_rfft_128
                0x1008c274                twiddleCoef_rfft_64
                0x1008c374                twiddleCoef_rfft_32
                0x1008c3f8                twiddleCoefF64_rfft_4096
                0x100943f8                twiddleCoefF64_rfft_2048
                0x100983f8                twiddleCoefF64_rfft_1024
                0x1009a3f8                twiddleCoefF64_rfft_512
                0x1009b3f8                twiddleCoefF64_rfft_256
                0x1009bbf8                twiddleCoefF64_rfft_128
                0x1009bff8                twiddleCoefF64_rfft_64
                0x1009c1f8                twiddleCoefF64_rfft_32
                0x1009c2f8                armBitRevIndexTable_fixed_4096
                0x1009e278                armBitRevIndexTable_fixed_2048
                0x1009f1f8                armBitRevIndexTable_fixed_1024
                0x1009f9b8                armBitRevIndexTable_fixed_512
                0x1009fd78                armBitRevIndexTable_fixed_256
                0x1009ff58                armBitRevIndexTable_fixed_128
                0x100a0038                armBitRevIndexTable_fixed_64
                0x100a00a8                armBitRevIndexTable_fixed_32
                0x100a00d8                armBitRevIndexTable_fixed_16
                0x100a00f0                armBitRevIndexTable4096
                0x100a2070                armBitRevIndexTable2048
                0x100a3e30                armBitRevIndexTable1024
                0x100a4c40                armBitRevIndexTable512
                0x100a4fc0                armBitRevIndexTable256
                0x100a5330                armBitRevIndexTable128
                0x100a54d0                armBitRevIndexTable64
                0x100a5540                armBitRevIndexTable32
                0x100a55a0                armBitRevIndexTable16
                0x100a55c8                armBitRevIndexTableF64_4096
                0x100a7548                armBitRevIndexTableF64_2048
                0x100a84c8                armBitRevIndexTableF64_1024
                0x100a8c88                armBitRevIndexTableF64_512
                0x100a9048                armBitRevIndexTableF64_256
                0x100a9228                armBitRevIndexTableF64_128
                0x100a9308                armBitRevIndexTableF64_64
                0x100a9378                armBitRevIndexTableF64_32
                0x100a93a8                armBitRevIndexTableF64_16
                0x100a93c0                twiddleCoef_4096_q15
                0x100ac3c0                twiddleCoef_2048_q15
                0x100adbc0                twiddleCoef_1024_q15
                0x100ae7c0                twiddleCoef_512_q15
                0x100aedc0                twiddleCoef_256_q15
                0x100af0c0                twiddleCoef_128_q15
                0x100af240                twiddleCoef_64_q15
                0x100af300                twiddleCoef_32_q15
                0x100af360                twiddleCoef_16_q15
                0x100af390                twiddleCoef_4096_q31
                0x100b5390                twiddleCoef_2048_q31
                0x100b8390                twiddleCoef_1024_q31
                0x100b9b90                twiddleCoef_512_q31
                0x100ba790                twiddleCoef_256_q31
                0x100bad90                twiddleCoef_128_q31
                0x100bb090                twiddleCoef_64_q31
                0x100bb210                twiddleCoef_32_q31
                0x100bb2d0                twiddleCoef_16_q31
                0x100bb330                twiddleCoef_4096
                0x100c3330                twiddleCoef_2048
                0x100c7330                twiddleCoef_1024
                0x100c9330                twiddleCoef_512
                0x100ca330                twiddleCoef_256
                0x100cab30                twiddleCoef_128
                0x100caf30                twiddleCoef_64
                0x100cb130                twiddleCoef_32
                0x100cb230                twiddleCoef_16
                0x100cb2b0                twiddleCoefF64_4096
                0x100db2b0                twiddleCoefF64_2048
                0x100e32b0                twiddleCoefF64_1024
                0x100e72b0                twiddleCoefF64_512
                0x100e92b0                twiddleCoefF64_256
                0x100ea2b0                twiddleCoefF64_128
                0x100eaab0                twiddleCoefF64_64
                0x100eaeb0                twiddleCoefF64_32
                0x100eb0b0                twiddleCoefF64_16
                0x100eb1b0                armBitRevTable
 .rodata        0x100eb9b0      0x570 bin_dsp/libCMSISDSP.a(arm_const_structs.c.o)
                0x100eb9b0                arm_rfft_sR_q15_len8192
                0x100eb9c8                arm_rfft_sR_q15_len4096
                0x100eb9e0                arm_rfft_sR_q15_len2048
                0x100eb9f8                arm_rfft_sR_q15_len1024
                0x100eba10                arm_rfft_sR_q15_len512
                0x100eba28                arm_rfft_sR_q15_len256
                0x100eba40                arm_rfft_sR_q15_len128
                0x100eba58                arm_rfft_sR_q15_len64
                0x100eba70                arm_rfft_sR_q15_len32
                0x100eba88                arm_rfft_sR_q31_len8192
                0x100ebaa0                arm_rfft_sR_q31_len4096
                0x100ebab8                arm_rfft_sR_q31_len2048
                0x100ebad0                arm_rfft_sR_q31_len1024
                0x100ebae8                arm_rfft_sR_q31_len512
                0x100ebb00                arm_rfft_sR_q31_len256
                0x100ebb18                arm_rfft_sR_q31_len128
                0x100ebb30                arm_rfft_sR_q31_len64
                0x100ebb48                arm_rfft_sR_q31_len32
                0x100ebb60                arm_rfft_fast_sR_f32_len4096
                0x100ebb78                arm_rfft_fast_sR_f32_len2048
                0x100ebb90                arm_rfft_fast_sR_f32_len1024
                0x100ebba8                arm_rfft_fast_sR_f32_len512
                0x100ebbc0                arm_rfft_fast_sR_f32_len256
                0x100ebbd8                arm_rfft_fast_sR_f32_len128
                0x100ebbf0                arm_rfft_fast_sR_f32_len64
                0x100ebc08                arm_rfft_fast_sR_f32_len32
                0x100ebc20                arm_rfft_fast_sR_f64_len4096
                0x100ebc38                arm_rfft_fast_sR_f64_len2048
                0x100ebc50                arm_rfft_fast_sR_f64_len1024
                0x100ebc68                arm_rfft_fast_sR_f64_len512
                0x100ebc80                arm_rfft_fast_sR_f64_len256
                0x100ebc98                arm_rfft_fast_sR_f64_len128
                0x100ebcb0                arm_rfft_fast_sR_f64_len64
                0x100ebcc8                arm_rfft_fast_sR_f64_len32
                0x100ebce0                arm_cfft_sR_q15_len4096
                0x100ebcf0                arm_cfft_sR_q15_len2048
                0x100ebd00                arm_cfft_sR_q15_len1024
                0x100ebd10                arm_cfft_sR_q15_len512
                0x100ebd20                arm_cfft_sR_q15_len256
                0x100ebd30                arm_cfft_sR_q15_len128
                0x100ebd40                arm_cfft_sR_q15_len64
                0x100ebd50                arm_cfft_sR_q15_len32
                0x100ebd60                arm_cfft_sR_q15_len16
                0x100ebd70                arm_cfft_sR_q31_len4096
                0x100ebd80                arm_cfft_sR_q31_len2048
                0x100ebd90                arm_cfft_sR_q31_len1024
                0x100ebda0                arm_cfft_sR_q31_len512
                0x100ebdb0                arm_cfft_sR_q31_len256
                0x100ebdc0                arm_cfft_sR_q31_len128
                0x100ebdd0                arm_cfft_sR_q31_len64
                0x100ebde0                arm_cfft_sR_q31_len32
                0x100ebdf0                arm_cfft_sR_q31_len16
                0x100ebe00                arm_cfft_sR_f32_len4096
                0x100ebe10                arm_cfft_sR_f32_len2048
                0x100ebe20                arm_cfft_sR_f32_len1024
                0x100ebe30                arm_cfft_sR_f32_len512
                0x100ebe40                arm_cfft_sR_f32_len256
                0x100ebe50                arm_cfft_sR_f32_len128
                0x100ebe60                arm_cfft_sR_f32_len64
                0x100ebe70                arm_cfft_sR_f32_len32
                0x100ebe80                arm_cfft_sR_f32_len16
                0x100ebe90                arm_cfft_sR_f64_len4096
                0x100ebea0                arm_cfft_sR_f64_len2048
                0x100ebeb0                arm_cfft_sR_f64_len1024
                0x100ebec0                arm_cfft_sR_f64_len512
                0x100ebed0                arm_cfft_sR_f64_len256
                0x100ebee0                arm_cfft_sR_f64_len128
                0x100ebef0                arm_cfft_sR_f64_len64
                0x100ebf00                arm_cfft_sR_f64_len32
                0x100ebf10                arm_cfft_sR_f64_len16
                0x100ebf20                        . = ALIGN (0x4)
 *(SORT_BY_ALIGNMENT(SORT_BY_NAME(.flashdata*)))
                0x100ebf20                        . = ALIGN (0x4)

.ARM.extab
 *(.ARM.extab* .gnu.linkonce.armextab.*)
                0x100ebf20                        __exidx_start = .

.ARM.exidx
 *(.ARM.exidx* .gnu.linkonce.armexidx.*)
                0x100ebf20                        __exidx_end = .
                0x100ebf20                        . = ALIGN (0x4)
                0x100ebf20                        __binary_info_start = .

.binary_info    0x100ebf20       0x2c
 *(.binary_info.keep.*)
 .binary_info.keep.__bi_ptr84
                0x100ebf20        0x4 CMakeFiles/main.dir/home/szymon-gogulski/pico/pico-sdk/src/rp2_common/pico_standard_binary_info/standard_binary_info.c.o
 .binary_info.keep.__bi_ptr78
                0x100ebf24        0x4 CMakeFiles/main.dir/home/szymon-gogulski/pico/pico-sdk/src/rp2_common/pico_standard_binary_info/standard_binary_info.c.o
 .binary_info.keep.__bi_ptr54
                0x100ebf28        0x4 CMakeFiles/main.dir/home/szymon-gogulski/pico/pico-sdk/src/rp2_common/pico_standard_binary_info/standard_binary_info.c.o
 .binary_info.keep.__bi_ptr48
                0x100ebf2c        0x4 CMakeFiles/main.dir/home/szymon-gogulski/pico/pico-sdk/src/rp2_common/pico_standard_binary_info/standard_binary_info.c.o
 .binary_info.keep.__bi_ptr42
                0x100ebf30        0x4 CMakeFiles/main.dir/home/szymon-gogulski/pico/pico-sdk/src/rp2_common/pico_standard_binary_info/standard_binary_info.c.o
 .binary_info.keep.__bi_ptr34
                0x100ebf34        0x4 CMakeFiles/main.dir/home/szymon-gogulski/pico/pico-sdk/src/rp2_common/pico_standard_binary_info/standard_binary_info.c.o
 .binary_info.keep.__bi_ptr26
                0x100ebf38        0x4 CMakeFiles/main.dir/home/szymon-gogulski/pico/pico-sdk/src/rp2_common/pico_standard_binary_info/standard_binary_info.c.o
 *(.binary_info.*)
 .binary_info.__bi_ptr50
                0x100ebf3c        0x4 CMakeFiles/main.dir/home/szymon-gogulski/pico/pico-sdk/src/rp2_common/pico_stdio_uart/stdio_uart.c.o
 .binary_info.__bi_ptr49
                0x100ebf40        0x4 CMakeFiles/main.dir/home/szymon-gogulski/pico/pico-sdk/src/rp2_common/pico_stdio_uart/stdio_uart.c.o
 .binary_info.__bi_ptr45
                0x100ebf44        0x4 CMakeFiles/main.dir/home/szymon-gogulski/pico/pico-sdk/src/rp2_common/pico_stdio_uart/stdio_uart.c.o
 .binary_info.__bi_ptr197
                0x100ebf48        0x4 CMakeFiles/main.dir/home/szymon-gogulski/pico/pico-sdk/src/rp2_common/pico_stdio_usb/stdio_usb.c.o
                0x100ebf4c                        __binary_info_end = .

.rel.dyn        0x100ebf4c        0x0
 .rel.iplt      0x100ebf4c        0x0 /usr/lib/gcc/arm-none-eabi/13.2.1/thumb/v6-m/nofp/crtbegin.o
                0x100ebf4c                        . = ALIGN (0x4)

.ram_vector_table
                0x20000000       0xc0
 *(.ram_vector_table)
 .ram_vector_table
                0x20000000       0xc0 CMakeFiles/main.dir/home/szymon-gogulski/pico/pico-sdk/src/rp2_common/pico_runtime_init/runtime_init.c.o
                0x20000000                ram_vector_table

.uninitialized_data
                0x200000c0        0x0
                0x200000c0                        . = ALIGN (0x4)
 *(.uninitialized_data*)

.data           0x200000c0      0xfb8 load address 0x100ebf4c
                0x200000c0                        __data_start__ = .
 *(vtable)
 *(.time_critical*)
 .time_critical.mutex_try_enter
                0x200000c0       0x40 CMakeFiles/main.dir/home/szymon-gogulski/pico/pico-sdk/src/common/pico_sync/mutex.c.o
                0x200000c0                mutex_try_enter
 .time_critical.mutex_try_enter_block_until
                0x20000100       0x9c CMakeFiles/main.dir/home/szymon-gogulski/pico/pico-sdk/src/common/pico_sync/mutex.c.o
                0x20000100                mutex_try_enter_block_until
 .time_critical.mutex_enter_timeout_ms
                0x2000019c       0x90 CMakeFiles/main.dir/home/szymon-gogulski/pico/pico-sdk/src/common/pico_sync/mutex.c.o
                0x2000019c                mutex_enter_timeout_ms
 .time_critical.mutex_exit
                0x2000022c       0x28 CMakeFiles/main.dir/home/szymon-gogulski/pico/pico-sdk/src/common/pico_sync/mutex.c.o
                0x2000022c                mutex_exit
 .time_critical.flash_init_boot2_copyout
                0x20000254       0x30 CMakeFiles/main.dir/home/szymon-gogulski/pico/pico-sdk/src/rp2_common/hardware_flash/flash.c.o
 .time_critical.flash_enable_xip_via_boot2
                0x20000284        0xc CMakeFiles/main.dir/home/szymon-gogulski/pico/pico-sdk/src/rp2_common/hardware_flash/flash.c.o
 .time_critical.flash_cs_force
                0x20000290       0x38 CMakeFiles/main.dir/home/szymon-gogulski/pico/pico-sdk/src/rp2_common/hardware_flash/flash.c.o
 .time_critical.flash_do_cmd
                0x200002c8       0xc0 CMakeFiles/main.dir/home/szymon-gogulski/pico/pico-sdk/src/rp2_common/hardware_flash/flash.c.o
                0x200002c8                flash_do_cmd
 .time_critical.reset_non_control_endpoints
                0x20000388       0x68 CMakeFiles/main.dir/home/szymon-gogulski/pico/pico-sdk/lib/tinyusb/src/portable/raspberrypi/rp2040/dcd_rp2040.c.o
 .time_critical.hw_handle_buff_status
                0x200003f0       0xb0 CMakeFiles/main.dir/home/szymon-gogulski/pico/pico-sdk/lib/tinyusb/src/portable/raspberrypi/rp2040/dcd_rp2040.c.o
 .time_critical.dcd_rp2040_irq
                0x200004a0      0x578 CMakeFiles/main.dir/home/szymon-gogulski/pico/pico-sdk/lib/tinyusb/src/portable/raspberrypi/rp2040/dcd_rp2040.c.o
 .time_critical.prepare_ep_buffer
                0x20000a18       0xe0 CMakeFiles/main.dir/home/szymon-gogulski/pico/pico-sdk/lib/tinyusb/src/portable/raspberrypi/rp2040/rp2040_usb.c.o
 .time_critical.sync_ep_buffer
                0x20000af8       0xa8 CMakeFiles/main.dir/home/szymon-gogulski/pico/pico-sdk/lib/tinyusb/src/portable/raspberrypi/rp2040/rp2040_usb.c.o
 .time_critical._hw_endpoint_xfer_sync
                0x20000ba0       0x28 CMakeFiles/main.dir/home/szymon-gogulski/pico/pico-sdk/lib/tinyusb/src/portable/raspberrypi/rp2040/rp2040_usb.c.o
 .time_critical.e15_is_bulkin_ep
                0x20000bc8       0x28 CMakeFiles/main.dir/home/szymon-gogulski/pico/pico-sdk/lib/tinyusb/src/portable/raspberrypi/rp2040/rp2040_usb.c.o
 .time_critical.e15_is_critical_frame_period
                0x20000bf0       0x34 CMakeFiles/main.dir/home/szymon-gogulski/pico/pico-sdk/lib/tinyusb/src/portable/raspberrypi/rp2040/rp2040_usb.c.o
 .time_critical.hw_endpoint_reset_transfer
                0x20000c24        0xc CMakeFiles/main.dir/home/szymon-gogulski/pico/pico-sdk/lib/tinyusb/src/portable/raspberrypi/rp2040/rp2040_usb.c.o
                0x20000c24                hw_endpoint_reset_transfer
 .time_critical._hw_endpoint_buffer_control_update32
                0x20000c30       0x50 CMakeFiles/main.dir/home/szymon-gogulski/pico/pico-sdk/lib/tinyusb/src/portable/raspberrypi/rp2040/rp2040_usb.c.o
                0x20000c30                _hw_endpoint_buffer_control_update32
 .time_critical.hw_endpoint_start_next_buffer
                0x20000c80       0x6c CMakeFiles/main.dir/home/szymon-gogulski/pico/pico-sdk/lib/tinyusb/src/portable/raspberrypi/rp2040/rp2040_usb.c.o
                0x20000c80                hw_endpoint_start_next_buffer
 .time_critical.hw_endpoint_xfer_continue
                0x20000cec       0x40 CMakeFiles/main.dir/home/szymon-gogulski/pico/pico-sdk/lib/tinyusb/src/portable/raspberrypi/rp2040/rp2040_usb.c.o
                0x20000cec                hw_endpoint_xfer_continue
 .time_critical.tinyusb
                0x20000d2c      0x1e4 CMakeFiles/main.dir/home/szymon-gogulski/pico/pico-sdk/lib/tinyusb/src/device/usbd.c.o
                0x20000d2c                dcd_event_handler
 *(.text*)
 .text          0x20000f10        0x4 /usr/lib/gcc/arm-none-eabi/13.2.1/thumb/v6-m/nofp/libgcc.a(_dvmd_tls.o)
                0x20000f10                __aeabi_ldiv0
                0x20000f10                __aeabi_idiv0
 *fill*         0x20000f14        0x4 
 .text.__stub   0x20000f18       0x80 linker stubs
                0x20000f98                        . = ALIGN (0x4)
 *(.rodata*)
                0x20000f98                        . = ALIGN (0x4)
 *(.data*)
 .data.striped_spin_lock_num
                0x20000f98        0x1 CMakeFiles/main.dir/home/szymon-gogulski/pico/pico-sdk/src/rp2_common/hardware_sync/sync.c.o
 *fill*         0x20000f99        0x3 
 .data          0x20000f9c       0x48 CMakeFiles/main.dir/home/szymon-gogulski/pico/pico-sdk/src/rp2_common/hardware_irq/irq_handler_chain.S.o
                0x20000f9c                irq_handler_chain_slots
                0x20000fcc                irq_handler_chain_first_slot
                0x20000fd6                irq_handler_chain_remove_tail
 .data.default_alarm_pool
                0x20000fe4       0x18 CMakeFiles/main.dir/home/szymon-gogulski/pico/pico-sdk/src/common/pico_time/time.c.o
 *fill*         0x20000ffc        0x4 
 .data.aeabi_bits_funcs
                0x20001000       0x10 CMakeFiles/main.dir/home/szymon-gogulski/pico/pico-sdk/src/rp2_common/pico_bit_ops/bit_ops_aeabi.S.o
                0x20001000                aeabi_bits_funcs
                0x20001010                aeabi_bits_funcs_end
 .data.aeabi_mem_funcs
                0x20001010       0x10 CMakeFiles/main.dir/home/szymon-gogulski/pico/pico-sdk/src/rp2_common/pico_mem_ops/mem_ops_aeabi.S.o
                0x20001010                aeabi_mem_funcs
                0x20001020                aeabi_mem_funcs_end