Archive member included to satisfy reference by file (symbol)

libpico-tflmicro-lib.a(flatbuffer_conversions.cpp.o)
                              CMakeFiles/main.dir/main.cpp.o (tflite::ParseFullyConnected(tflite::Operator const*, tflite::ErrorReporter*, tflite::BuiltinDataAllocator*, void**))
libpico-tflmicro-lib.a(fully_connected.cpp.o)
                              CMakeFiles/main.dir/main.cpp.o (tflite::Register_FULLY_CONNECTED())
libpico-tflmicro-lib.a(fully_connected_common.cpp.o)
                              libpico-tflmicro-lib.a(fully_connected.cpp.o) (tflite::FullyConnectedParamsFloat(TfLiteFusedActivation))
libpico-tflmicro-lib.a(kernel_util.cpp.o)
                              libpico-tflmicro-lib.a(fully_connected.cpp.o) (tflite::micro::RegisterOp(void* (*)(TfLiteContext*, char const*, unsigned int), TfLiteStatus (*)(TfLiteContext*, TfLiteNode*), TfLiteStatus (*)(TfLiteContext*, TfLiteNode*), void (*)(TfLiteContext*, void*), void (*)(TfLiteContext*, void*)))
libpico-tflmicro-lib.a(memory_helpers.cpp.o)
                              libpico-tflmicro-lib.a(kernel_util.cpp.o) (tflite::TfLiteEvalTensorByteLength(TfLiteEvalTensor const*, unsigned int*))
libpico-tflmicro-lib.a(micro_context.cpp.o)
                              libpico-tflmicro-lib.a(fully_connected.cpp.o) (tflite::MicroContext::AllocateTempInputTensor(TfLiteNode const*, int))
libpico-tflmicro-lib.a(micro_interpreter.cpp.o)
                              CMakeFiles/main.dir/main.cpp.o (tflite::MicroInterpreter::MicroInterpreter(tflite::Model const*, tflite::MicroOpResolver const&, unsigned char*, unsigned int, tflite::MicroResourceVariables*, tflite::MicroProfilerInterface*, bool))
libpico-tflmicro-lib.a(micro_interpreter_context.cpp.o)
                              libpico-tflmicro-lib.a(micro_interpreter.cpp.o) (tflite::MicroInterpreterContext::~MicroInterpreterContext())
libpico-tflmicro-lib.a(micro_interpreter_graph.cpp.o)
                              libpico-tflmicro-lib.a(micro_interpreter.cpp.o) (tflite::MicroInterpreterGraph::~MicroInterpreterGraph())
libpico-tflmicro-lib.a(micro_log.cpp.o)
                              libpico-tflmicro-lib.a(micro_context.cpp.o) (VMicroPrintf(char const*, std::__va_list))
libpico-tflmicro-lib.a(micro_op_resolver.cpp.o)
                              libpico-tflmicro-lib.a(micro_interpreter.cpp.o) (tflite::GetRegistrationFromOpCode(tflite::OperatorCode const*, tflite::MicroOpResolver const&, TFLMRegistration const**))
libpico-tflmicro-lib.a(micro_resource_variable.cpp.o)
                              libpico-tflmicro-lib.a(micro_interpreter_graph.cpp.o) (tflite::MicroResourceVariables::ResetAll())
libpico-tflmicro-lib.a(micro_utils.cpp.o)
                              libpico-tflmicro-lib.a(micro_resource_variable.cpp.o) (tflite::EvalTensorBytes(TfLiteEvalTensor const*))
libpico-tflmicro-lib.a(system_setup.cpp.o)
                              CMakeFiles/main.dir/main.cpp.o (tflite::InitializeTarget())
libpico-tflmicro-lib.a(flatbuffer_conversions_bridge.cpp.o)
                              libpico-tflmicro-lib.a(memory_helpers.cpp.o) (tflite::ConvertTensorType(tflite::TensorType, TfLiteType*))
libpico-tflmicro-lib.a(micro_error_reporter.cpp.o)
                              libpico-tflmicro-lib.a(flatbuffer_conversions_bridge.cpp.o) (tflite::GetMicroErrorReporter())
libpico-tflmicro-lib.a(schema_utils.cpp.o)
                              libpico-tflmicro-lib.a(micro_interpreter.cpp.o) (tflite::GetBuiltinCode(tflite::OperatorCode const*))
libpico-tflmicro-lib.a(arm_convolve_1x1_s8_fast.c.o)
                              libpico-tflmicro-lib.a(fully_connected.cpp.o) (arm_convolve_1x1_s8_fast)
libpico-tflmicro-lib.a(arm_convolve_get_buffer_sizes_s8.c.o)
                              libpico-tflmicro-lib.a(fully_connected.cpp.o) (arm_convolve_1x1_s8_fast_get_buffer_size)
libpico-tflmicro-lib.a(arm_fully_connected_get_buffer_sizes_s16.c.o)
                              libpico-tflmicro-lib.a(fully_connected.cpp.o) (arm_fully_connected_s16_get_buffer_size)
libpico-tflmicro-lib.a(arm_fully_connected_get_buffer_sizes_s8.c.o)
                              libpico-tflmicro-lib.a(fully_connected.cpp.o) (arm_fully_connected_s8_get_buffer_size)
libpico-tflmicro-lib.a(arm_fully_connected_s16.c.o)
                              libpico-tflmicro-lib.a(fully_connected.cpp.o) (arm_fully_connected_s16)
libpico-tflmicro-lib.a(arm_fully_connected_s4.c.o)
                              libpico-tflmicro-lib.a(fully_connected.cpp.o) (arm_fully_connected_s4)
libpico-tflmicro-lib.a(arm_fully_connected_s8.c.o)
                              libpico-tflmicro-lib.a(fully_connected.cpp.o) (arm_fully_connected_s8)
libpico-tflmicro-lib.a(arm_vector_sum_s8.c.o)
                              libpico-tflmicro-lib.a(fully_connected.cpp.o) (arm_vector_sum_s8)
libpico-tflmicro-lib.a(arm_nn_mat_mult_nt_t_s8.c.o)
                              libpico-tflmicro-lib.a(arm_convolve_1x1_s8_fast.c.o) (arm_nn_mat_mult_nt_t_s8)
[...]
Memory Configuration

Name             Origin             Length             Attributes
FLASH            0x10000000         0x00200000         xr
RAM              0x20000000         0x00040000         xrw
SCRATCH_X        0x20040000         0x00001000         xrw
SCRATCH_Y        0x20041000         0x00001000         xrw
*default*        0x00000000         0xffffffff

Linker script and memory map

LOAD /home/szymon-gogulski/.pico-sdk/toolchain/13_3_Rel1/bin/../lib/gcc/arm-none-eabi/13.3.1/thumb/v6-m/nofp/crti.o
LOAD /home/szymon-gogulski/.pico-sdk/toolchain/13_3_Rel1/bin/../lib/gcc/arm-none-eabi/13.3.1/thumb/v6-m/nofp/crtbegin.o
LOAD /home/szymon-gogulski/.pico-sdk/toolchain/13_3_Rel1/bin/../lib/gcc/arm-none-eabi/13.3.1/../../../../arm-none-eabi/lib/thumb/v6-m/nofp/crt0.o

.flash_begin    0x10000000        0x0
                0x10000000                        __flash_binary_start = .

.boot2          0x10000000      0x100
                0x10000000                        __boot2_start__ = .
 *(.boot2)
 .boot2         0x10000000      0x100 pico-sdk/src/rp2040/boot_stage2/CMakeFiles/bs2_default_library.dir/bs2_default_padded_checksummed.S.o
                0x10000100                        __boot2_end__ = .
                0x00000001                        ASSERT (((__boot2_end__ - __boot2_start__) == 0x100), ERROR: Pico second stage bootloader must be 256 bytes in size)

.text           0x10000100    0x15294
                0x10000100                        __logical_binary_start = .
 *(.vectors)
 .vectors       0x10000100       0xd4 CMakeFiles/main.dir/home/szymon-gogulski/pico/pico-sdk/src/rp2_common/pico_crt0/crt0.S.o
                0x10000100                __vectors
                0x10000100                __VECTOR_TABLE
                0x100001c0                isr_invalid
                0x100001c0                __default_isrs_start
                0x100001c2                isr_nmi
                0x100001c4                isr_hardfault
                0x100001c6                isr_svcall
                0x100001c8                isr_pendsv
                0x100001ca                isr_systick
                0x100001cc                isr_irq30
                0x100001cc                __unhandled_user_irq
                0x100001cc                isr_irq13
                0x100001cc                isr_irq27
                0x100001cc                isr_irq31
                0x100001cc                isr_irq5
                0x100001cc                isr_irq11
                0x100001cc                isr_irq23
                0x100001cc                isr_irq18
                0x100001cc                isr_irq28
                0x100001cc                isr_irq19
                0x100001cc                isr_irq0
                0x100001cc                isr_irq6
                0x100001cc                isr_irq22
                0x100001cc                isr_irq17
                0x100001cc                isr_irq14
                0x100001cc                isr_irq2
                0x100001cc                isr_irq10
                0x100001cc                isr_irq8
                0x100001cc                isr_irq24
                0x100001cc                isr_irq1
                0x100001cc                isr_irq7
                0x100001cc                isr_irq21
                0x100001cc                isr_irq20
                0x100001cc                isr_irq15
                0x100001cc                isr_irq25
                0x100001cc                isr_irq4
                0x100001cc                isr_irq16
                0x100001cc                isr_irq29
                0x100001cc                isr_irq26
                0x100001cc                __default_isrs_end
                0x100001cc                isr_irq3
                0x100001cc                isr_irq12
                0x100001cc                isr_irq9
                0x100001d2                unhandled_user_irq_num_in_r0
 *(.binary_info_header)
 .binary_info_header
                0x100001d4       0x14 CMakeFiles/main.dir/home/szymon-gogulski/pico/pico-sdk/src/rp2_common/pico_crt0/crt0.S.o
                0x100001e8                        __binary_info_header_end = .
 *(.embedded_block)
                0x100001e8                        __embedded_block_end = .
 *(.reset)
 .reset         0x100001e8       0x9c CMakeFiles/main.dir/home/szymon-gogulski/pico/pico-sdk/src/rp2_common/pico_crt0/crt0.S.o
                0x100001e8                _entry_point
 *(.init)
 .init          0x10000284        0x4 /home/szymon-gogulski/.pico-sdk/toolchain/13_3_Rel1/bin/../lib/gcc/arm-none-eabi/13.3.1/thumb/v6-m/nofp/crti.o
                0x10000284                _init
 *(EXCLUDE_FILE(*libm.a: *libc.a:*lib_a-mem*.o *libgcc.a:) .text*)
 .text.register_tm_clones
                0x10000288       0x28 /home/szymon-gogulski/.pico-sdk/toolchain/13_3_Rel1/bin/../lib/gcc/arm-none-eabi/13.3.1/thumb/v6-m/nofp/crtbegin.o
 .text.frame_dummy
                0x100002b0       0x24 /home/szymon-gogulski/.pico-sdk/toolchain/13_3_Rel1/bin/../lib/gcc/arm-none-eabi/13.3.1/thumb/v6-m/nofp/crtbegin.o
 .text._ZN6tflite22MicroMutableOpResolverILj5EED0Ev
                0x100002d4        0x4 CMakeFiles/main.dir/main.cpp.o
                0x100002d4                tflite::MicroMutableOpResolver<5u>::~MicroMutableOpResolver()
                0x100002d4                tflite::MicroMutableOpResolver<5u>::~MicroMutableOpResolver()
                0x100002d4                tflite::MicroMutableOpResolver<5u>::~MicroMutableOpResolver()
 .text._ZNK6tflite22MicroMutableOpResolverILj5EE6FindOpENS_15BuiltinOperatorE
                0x100002d8       0x64 CMakeFiles/main.dir/main.cpp.o
                0x100002d8                tflite::MicroMutableOpResolver<5u>::FindOp(tflite::BuiltinOperator) const
 .text._ZNK6tflite22MicroMutableOpResolverILj5EE15GetOpDataParserENS_15BuiltinOperatorE
                0x1000033c       0x64 CMakeFiles/main.dir/main.cpp.o
                0x1000033c                tflite::MicroMutableOpResolver<5u>::GetOpDataParser(tflite::BuiltinOperator) const
 .text._ZNK6tflite22MicroMutableOpResolverILj5EE6FindOpEPKc
                0x100003a0       0xa4 CMakeFiles/main.dir/main.cpp.o
                0x100003a0                tflite::MicroMutableOpResolver<5u>::FindOp(char const*) const
 .text._Z5setupv
                0x10000444       0x84 CMakeFiles/main.dir/main.cpp.o
                0x10000444                setup()
 .text.startup.main
                0x100004c8      0x434 CMakeFiles/main.dir/main.cpp.o
                0x100004c8                main
 .text.gpio_set_function
                0x100008fc       0x34 CMakeFiles/main.dir/home/szymon-gogulski/pico/pico-sdk/src/rp2_common/hardware_gpio/gpio.c.o
                0x100008fc                gpio_set_function
 .text.gpio_set_pulls
                0x10000930       0x28 CMakeFiles/main.dir/home/szymon-gogulski/pico/pico-sdk/src/rp2_common/hardware_gpio/gpio.c.o
                0x10000930                gpio_set_pulls
 .text.gpio_set_input_enabled
                0x10000958       0x28 CMakeFiles/main.dir/home/szymon-gogulski/pico/pico-sdk/src/rp2_common/hardware_gpio/gpio.c.o
                0x10000958                gpio_set_input_enabled
 .text.gpio_init
                0x10000980       0x40 CMakeFiles/main.dir/home/szymon-gogulski/pico/pico-sdk/src/rp2_common/hardware_gpio/gpio.c.o
                0x10000980                gpio_init
 .text.rp2040_chip_version
                0x100009c0        0xc CMakeFiles/main.dir/home/szymon-gogulski/pico/pico-sdk/src/rp2040/pico_platform/platform.c.o
                0x100009c0                rp2040_chip_version
 .text.panic    0x100009cc       0x30 CMakeFiles/main.dir/home/szymon-gogulski/pico/pico-sdk/src/rp2_common/pico_platform_panic/panic.c.o
                0x100009cc                panic
 .text.hw_claim_or_assert
                0x100009fc       0x44 CMakeFiles/main.dir/home/szymon-gogulski/pico/pico-sdk/src/common/hardware_claim/claim.c.o
                0x100009fc                hw_claim_or_assert
 .text.hw_claim_unused_from_range
                0x10000a40       0x9c CMakeFiles/main.dir/home/szymon-gogulski/pico/pico-sdk/src/common/hardware_claim/claim.c.o
                0x10000a40                hw_claim_unused_from_range
 .text.next_striped_spin_lock_num
                0x10000adc       0x18 CMakeFiles/main.dir/home/szymon-gogulski/pico/pico-sdk/src/rp2_common/hardware_sync/sync.c.o
                0x10000adc                next_striped_spin_lock_num
 .text.spin_lock_claim_unused
                0x10000af4       0x24 CMakeFiles/main.dir/home/szymon-gogulski/pico/pico-sdk/src/rp2_common/hardware_sync/sync.c.o
                0x10000af4                spin_lock_claim_unused
 .text.spin_locks_reset
                0x10000b18       0x1c CMakeFiles/main.dir/home/szymon-gogulski/pico/pico-sdk/src/rp2_common/hardware_sync_spin_lock/sync_spin_lock.c.o
                0x10000b18                spin_locks_reset
 .text.runtime_init_per_core_irq_priorities
                0x10000b34       0x24 CMakeFiles/main.dir/home/szymon-gogulski/pico/pico-sdk/src/rp2_common/hardware_irq/irq.c.o
                0x10000b34                runtime_init_per_core_irq_priorities
 .text.irq_set_enabled
                0x10000b58       0x24 CMakeFiles/main.dir/home/szymon-gogulski/pico/pico-sdk/src/rp2_common/hardware_irq/irq.c.o
                0x10000b58                irq_set_enabled
 .text.irq_is_enabled
                0x10000b7c       0x18 CMakeFiles/main.dir/home/szymon-gogulski/pico/pico-sdk/src/rp2_common/hardware_irq/irq.c.o
                0x10000b7c                irq_is_enabled
 .text.irq_set_pending
                0x10000b94       0x10 CMakeFiles/main.dir/home/szymon-gogulski/pico/pico-sdk/src/rp2_common/hardware_irq/irq.c.o
                0x10000b94                irq_set_pending
 .text.irq_has_shared_handler
                0x10000ba4       0x2c CMakeFiles/main.dir/home/szymon-gogulski/pico/pico-sdk/src/rp2_common/hardware_irq/irq.c.o
                0x10000ba4                irq_has_shared_handler
 .text.irq_set_exclusive_handler
                0x10000bd0       0x54 CMakeFiles/main.dir/home/szymon-gogulski/pico/pico-sdk/src/rp2_common/hardware_irq/irq.c.o
                0x10000bd0                irq_set_exclusive_handler
 .text.irq_add_shared_handler
                0x10000c24      0x1f4 CMakeFiles/main.dir/home/szymon-gogulski/pico/pico-sdk/src/rp2_common/hardware_irq/irq.c.o
                0x10000c24                irq_add_shared_handler
 .text.irq_remove_handler
                0x10000e18      0x1d4 CMakeFiles/main.dir/home/szymon-gogulski/pico/pico-sdk/src/rp2_common/hardware_irq/irq.c.o
                0x10000e18                irq_remove_handler
 .text.irq_add_tail_to_free_list
                0x10000fec       0xb4 CMakeFiles/main.dir/home/szymon-gogulski/pico/pico-sdk/src/rp2_common/hardware_irq/irq.c.o
                0x10000fec                irq_add_tail_to_free_list
 .text.user_irq_claim_unused
                0x100010a0       0x2c CMakeFiles/main.dir/home/szymon-gogulski/pico/pico-sdk/src/rp2_common/hardware_irq/irq.c.o
                0x100010a0                user_irq_claim_unused
 .text.lock_init
                0x100010cc       0x10 CMakeFiles/main.dir/home/szymon-gogulski/pico/pico-sdk/src/common/pico_sync/lock_core.c.o
                0x100010cc                lock_init
 .text.runtime_init_mutex
                0x100010dc       0x50 CMakeFiles/main.dir/home/szymon-gogulski/pico/pico-sdk/src/common/pico_sync/mutex.c.o
                0x100010dc                runtime_init_mutex
 .text.mutex_init
                0x1000112c       0x1c CMakeFiles/main.dir/home/szymon-gogulski/pico/pico-sdk/src/common/pico_sync/mutex.c.o
                0x1000112c                mutex_init
 .text.critical_section_init
                0x10001148       0x1c CMakeFiles/main.dir/home/szymon-gogulski/pico/pico-sdk/src/common/pico_sync/critical_section.c.o
                0x10001148                critical_section_init
 .text.critical_section_init_with_lock_num
                0x10001164       0x14 CMakeFiles/main.dir/home/szymon-gogulski/pico/pico-sdk/src/common/pico_sync/critical_section.c.o
                0x10001164                critical_section_init_with_lock_num
 .text.sleep_until_callback
                0x10001178       0x30 CMakeFiles/main.dir/home/szymon-gogulski/pico/pico-sdk/src/common/pico_time/time.c.o
 .text.alarm_pool_irq_handler
                0x100011a8      0x2fc CMakeFiles/main.dir/home/szymon-gogulski/pico/pico-sdk/src/common/pico_time/time.c.o
 .text.runtime_init_default_alarm_pool
                0x100014a4       0xdc CMakeFiles/main.dir/home/szymon-gogulski/pico/pico-sdk/src/common/pico_time/time.c.o
                0x100014a4                runtime_init_default_alarm_pool
 .text.alarm_pool_get_default
                0x10001580        0x8 CMakeFiles/main.dir/home/szymon-gogulski/pico/pico-sdk/src/common/pico_time/time.c.o
                0x10001580                alarm_pool_get_default
 .text.alarm_pool_add_alarm_at
                0x10001588       0xd4 CMakeFiles/main.dir/home/szymon-gogulski/pico/pico-sdk/src/common/pico_time/time.c.o
                0x10001588                alarm_pool_add_alarm_at
 .text.alarm_pool_add_alarm_at_force_in_context
                0x1000165c       0xb0 CMakeFiles/main.dir/home/szymon-gogulski/pico/pico-sdk/src/common/pico_time/time.c.o
                0x1000165c                alarm_pool_add_alarm_at_force_in_context
 .text.alarm_pool_cancel_alarm
                0x1000170c       0x74 CMakeFiles/main.dir/home/szymon-gogulski/pico/pico-sdk/src/common/pico_time/time.c.o
                0x1000170c                alarm_pool_cancel_alarm
 .text.alarm_pool_core_num
                0x10001780        0x4 CMakeFiles/main.dir/home/szymon-gogulski/pico/pico-sdk/src/common/pico_time/time.c.o
                0x10001780                alarm_pool_core_num
 .text.sleep_until
                0x10001784       0xd8 CMakeFiles/main.dir/home/szymon-gogulski/pico/pico-sdk/src/common/pico_time/time.c.o
                0x10001784                sleep_until
 .text.sleep_ms
                0x1000185c       0x38 CMakeFiles/main.dir/home/szymon-gogulski/pico/pico-sdk/src/common/pico_time/time.c.o
                0x1000185c                sleep_ms
 .text.best_effort_wfe_or_timeout
                0x10001894       0xe0 CMakeFiles/main.dir/home/szymon-gogulski/pico/pico-sdk/src/common/pico_time/time.c.o
                0x10001894                best_effort_wfe_or_timeout
 .text.timer_hardware_alarm_claim
                0x10001974       0x14 CMakeFiles/main.dir/home/szymon-gogulski/pico/pico-sdk/src/rp2_common/hardware_timer/timer.c.o
                0x10001974                timer_hardware_alarm_claim
 .text.timer_time_us_64
                0x10001988       0x10 CMakeFiles/main.dir/home/szymon-gogulski/pico/pico-sdk/src/rp2_common/hardware_timer/timer.c.o
                0x10001988                timer_time_us_64
 .text.time_us_64
                0x10001998       0x14 CMakeFiles/main.dir/home/szymon-gogulski/pico/pico-sdk/src/rp2_common/hardware_timer/timer.c.o
                0x10001998                time_us_64
 .text.busy_wait_us
                0x100019ac       0x68 CMakeFiles/main.dir/home/szymon-gogulski/pico/pico-sdk/src/rp2_common/hardware_timer/timer.c.o
                0x100019ac                busy_wait_us
 .text.busy_wait_until
                0x10001a14       0x20 CMakeFiles/main.dir/home/szymon-gogulski/pico/pico-sdk/src/rp2_common/hardware_timer/timer.c.o
                0x10001a14                busy_wait_until
 .text.uart_init
                0x10001a34      0x120 CMakeFiles/main.dir/home/szymon-gogulski/pico/pico-sdk/src/rp2_common/hardware_uart/uart.c.o
                0x10001a34                uart_init
 .text.clock_configure_int_divider
                0x10001b54       0xf4 CMakeFiles/main.dir/home/szymon-gogulski/pico/pico-sdk/src/rp2_common/hardware_clocks/clocks.c.o
                0x10001b54                clock_configure_int_divider
 .text.clock_configure_undivided
                0x10001c48       0xe8 CMakeFiles/main.dir/home/szymon-gogulski/pico/pico-sdk/src/rp2_common/hardware_clocks/clocks.c.o
                0x10001c48                clock_configure_undivided
 .text.clock_get_hz
                0x10001d30        0xc CMakeFiles/main.dir/home/szymon-gogulski/pico/pico-sdk/src/rp2_common/hardware_clocks/clocks.c.o
                0x10001d30                clock_get_hz
 .text.pll_init
                0x10001d3c       0xa4 CMakeFiles/main.dir/home/szymon-gogulski/pico/pico-sdk/src/rp2_common/hardware_pll/pll.c.o
                0x10001d3c                pll_init
 .text.watchdog_reboot
                0x10001de0       0x9c CMakeFiles/main.dir/home/szymon-gogulski/pico/pico-sdk/src/rp2_common/hardware_watchdog/watchdog.c.o
                0x10001de0                watchdog_reboot
 .text.tick_start
                0x10001e7c       0x10 CMakeFiles/main.dir/home/szymon-gogulski/pico/pico-sdk/src/rp2_common/hardware_ticks/ticks.c.o
                0x10001e7c                tick_start
 .text.rom_func_lookup
                0x10001e8c       0x10 CMakeFiles/main.dir/home/szymon-gogulski/pico/pico-sdk/src/rp2_common/pico_bootrom/bootrom.c.o
                0x10001e8c                rom_func_lookup
 .text.rom_data_lookup
                0x10001e9c       0x10 CMakeFiles/main.dir/home/szymon-gogulski/pico/pico-sdk/src/rp2_common/pico_bootrom/bootrom.c.o
                0x10001e9c                rom_data_lookup
 .text.rom_funcs_lookup
                0x10001eac       0x44 CMakeFiles/main.dir/home/szymon-gogulski/pico/pico-sdk/src/rp2_common/pico_bootrom/bootrom.c.o
                0x10001eac                rom_funcs_lookup
 .text.rom_reset_usb_boot_extra
                0x10001ef0       0x28 CMakeFiles/main.dir/home/szymon-gogulski/pico/pico-sdk/src/rp2_common/pico_bootrom/bootrom.c.o
                0x10001ef0                rom_reset_usb_boot_extra
 .text.xosc_init
                0x10001f18       0x28 CMakeFiles/main.dir/home/szymon-gogulski/pico/pico-sdk/src/rp2_common/hardware_xosc/xosc.c.o
                0x10001f18                xosc_init
 .text.first_per_core_initializer
                0x10001f40        0x4 CMakeFiles/main.dir/home/szymon-gogulski/pico/pico-sdk/src/rp2_common/pico_runtime/runtime.c.o
 .text.hard_assertion_failure
                0x10001f44        0xc CMakeFiles/main.dir/home/szymon-gogulski/pico/pico-sdk/src/rp2_common/pico_runtime/runtime.c.o
                0x10001f44                hard_assertion_failure
 .text.runtime_run_initializers
                0x10001f50       0x28 CMakeFiles/main.dir/home/szymon-gogulski/pico/pico-sdk/src/rp2_common/pico_runtime/runtime.c.o
                0x10001f50                runtime_run_initializers
 .text.runtime_run_per_core_initializers
                0x10001f78       0x28 CMakeFiles/main.dir/home/szymon-gogulski/pico/pico-sdk/src/rp2_common/pico_runtime/runtime.c.o
                0x10001f78                runtime_run_per_core_initializers
 .text.runtime_init_early_resets
                0x10001fa0       0x2c CMakeFiles/main.dir/home/szymon-gogulski/pico/pico-sdk/src/rp2_common/pico_runtime_init/runtime_init.c.o
                0x10001fa0                runtime_init_early_resets
 .text.runtime_init_usb_power_down
                0x10001fcc       0x1c CMakeFiles/main.dir/home/szymon-gogulski/pico/pico-sdk/src/rp2_common/pico_runtime_init/runtime_init.c.o
                0x10001fcc                runtime_init_usb_power_down
 .text.runtime_init_post_clock_resets
                0x10001fe8       0x20 CMakeFiles/main.dir/home/szymon-gogulski/pico/pico-sdk/src/rp2_common/pico_runtime_init/runtime_init.c.o
                0x10001fe8                runtime_init_post_clock_resets
 .text.runtime_init_rp2040_gpio_ie_disable
                0x10002008       0x14 CMakeFiles/main.dir/home/szymon-gogulski/pico/pico-sdk/src/rp2_common/pico_runtime_init/runtime_init.c.o
                0x10002008                runtime_init_rp2040_gpio_ie_disable
 .text.runtime_init_spin_locks_reset
                0x1000201c        0x8 CMakeFiles/main.dir/home/szymon-gogulski/pico/pico-sdk/src/rp2_common/pico_runtime_init/runtime_init.c.o
                0x1000201c                runtime_init_spin_locks_reset
 .text.runtime_init_install_ram_vector_table
                0x10002024       0x1c CMakeFiles/main.dir/home/szymon-gogulski/pico/pico-sdk/src/rp2_common/pico_runtime_init/runtime_init.c.o
                0x10002024                runtime_init_install_ram_vector_table
 .text.runtime_init_clocks
                0x10002040       0xd8 CMakeFiles/main.dir/home/szymon-gogulski/pico/pico-sdk/src/rp2_common/pico_runtime_init/runtime_init_clocks.c.o
                0x10002040                runtime_init_clocks
 .text          0x10002118       0x10 CMakeFiles/main.dir/home/szymon-gogulski/pico/pico-sdk/src/rp2_common/pico_bit_ops/bit_ops_aeabi.S.o
 .text.__wrap___aeabi_idiv
                0x10002128       0x50 CMakeFiles/main.dir/home/szymon-gogulski/pico/pico-sdk/src/rp2_common/pico_divider/divider_hardware.S.o
                0x10002128                __wrap___aeabi_idivmod
                0x10002128                divmod_s32s32
                0x10002128                div_s32s32
                0x10002128                __wrap___aeabi_idiv
                0x10002130                divmod_s32s32_unsafe
                0x1000215c                divmod_s32s32_savestate
 .text.__wrap___aeabi_uidiv
                0x10002178       0x4c CMakeFiles/main.dir/home/szymon-gogulski/pico/pico-sdk/src/rp2_common/pico_divider/divider_hardware.S.o
                0x10002178                __wrap___aeabi_uidiv
                0x10002178                __wrap___aeabi_uidivmod
                0x10002178                div_u32u32
                0x10002178                divmod_u32u32
                0x10002180                divmod_u32u32_unsafe
                0x100021a8                divmod_u32u32_savestate
 .text.__wrap___aeabi_ldiv
                0x100021c4      0x424 CMakeFiles/main.dir/home/szymon-gogulski/pico/pico-sdk/src/rp2_common/pico_divider/divider_hardware.S.o
                0x100021c4                div_s64s64
                0x100021c4                divmod_s64s64
                0x100021c4                __wrap___aeabi_ldivmod
                0x100021f4                div_u64u64
                0x100021f4                divmod_u64u64
                0x100021f4                __wrap___aeabi_uldivmod
                0x10002204                divmod_u64u64_savestate
                0x10002224                divmod_s64s64_unsafe
                0x100022ac                divmod_u64u64_unsafe
 .text.__wrap___aeabi_darithmetic
                0x100025e8       0x80 CMakeFiles/main.dir/home/szymon-gogulski/pico/pico-sdk/src/rp2_common/pico_double/double_aeabi_rp2040.S.o
                0x100025e8                __wrap___aeabi_drsub
                0x100025ee                __wrap___aeabi_dsub
                0x10002600                __wrap___aeabi_dadd
                0x10002612                __wrap___aeabi_ddiv
                0x1000264e                __wrap___aeabi_dmul
 .text.__wrap___aeabi_cdcmple
                0x10002668       0x6c CMakeFiles/main.dir/home/szymon-gogulski/pico/pico-sdk/src/rp2_common/pico_double/double_aeabi_rp2040.S.o
                0x10002668                __wrap___aeabi_cdrcmple
                0x10002678                __wrap___aeabi_cdcmple
                0x10002678                __wrap___aeabi_cdcmpeq
 .text.__wrap___aeabi_dcmpeq
                0x100026d4       0x10 CMakeFiles/main.dir/home/szymon-gogulski/pico/pico-sdk/src/rp2_common/pico_double/double_aeabi_rp2040.S.o
                0x100026d4                __wrap___aeabi_dcmpeq
 .text.__wrap___aeabi_dcmplt
                0x100026e4        0xc CMakeFiles/main.dir/home/szymon-gogulski/pico/pico-sdk/src/rp2_common/pico_double/double_aeabi_rp2040.S.o
                0x100026e4                __wrap___aeabi_dcmplt
 .text.__wrap___aeabi_dcmple
                0x100026f0       0x10 CMakeFiles/main.dir/home/szymon-gogulski/pico/pico-sdk/src/rp2_common/pico_double/double_aeabi_rp2040.S.o
                0x100026f0                __wrap___aeabi_dcmple
 .text.__wrap___aeabi_dcmpge
                0x10002700       0x10 CMakeFiles/main.dir/home/szymon-gogulski/pico/pico-sdk/src/rp2_common/pico_double/double_aeabi_rp2040.S.o
                0x10002700                __wrap___aeabi_dcmpge
 .text.__wrap___aeabi_dcmpgt
                0x10002710        0xa CMakeFiles/main.dir/home/szymon-gogulski/pico/pico-sdk/src/rp2_common/pico_double/double_aeabi_rp2040.S.o
                0x10002710                __wrap___aeabi_dcmpgt
 .text.__wrap___aeabi_dcmpun
                0x1000271a       0x18 CMakeFiles/main.dir/home/szymon-gogulski/pico/pico-sdk/src/rp2_common/pico_double/double_aeabi_rp2040.S.o
                0x1000271a                __wrap___aeabi_dcmpun
 *fill*         0x10002732        0x2 
 .text.__wrap___aeabi_i2d
                0x10002734       0x38 CMakeFiles/main.dir/home/szymon-gogulski/pico/pico-sdk/src/rp2_common/pico_double/double_aeabi_rp2040.S.o
                0x10002734                __wrap___aeabi_ui2d
                0x1000273c                __wrap___aeabi_i2d
 .text.__wrap___aeabi_d2iz
                0x1000276c       0x48 CMakeFiles/main.dir/home/szymon-gogulski/pico/pico-sdk/src/rp2_common/pico_double/double_aeabi_rp2040.S.o
                0x1000276c                __wrap___aeabi_d2iz
                0x1000276c                double2int_z
 .text.__wrap___aeabi_d2uiz
                0x100027b4       0x18 CMakeFiles/main.dir/home/szymon-gogulski/pico/pico-sdk/src/rp2_common/pico_double/double_aeabi_rp2040.S.o
                0x100027b4                double2uint
                0x100027b4                __wrap___aeabi_d2uiz
 .text.__wrap___aeabi_d2lz
                0x100027cc       0x26 CMakeFiles/main.dir/home/szymon-gogulski/pico/pico-sdk/src/rp2_common/pico_double/double_aeabi_rp2040.S.o
                0x100027cc                __wrap___aeabi_d2lz
                0x100027cc                double2int64_z
 *fill*         0x100027f2        0x2 
 .text.double2int64
                0x100027f4       0x18 CMakeFiles/main.dir/home/szymon-gogulski/pico/pico-sdk/src/rp2_common/pico_double/double_aeabi_rp2040.S.o
                0x100027f4                double2int64
 .text.double2ufix64
                0x1000280c       0x18 CMakeFiles/main.dir/home/szymon-gogulski/pico/pico-sdk/src/rp2_common/pico_double/double_aeabi_rp2040.S.o
                0x1000280c                double2ufix64
 .text.__wrap___aeabi_d2f
                0x10002824       0x18 CMakeFiles/main.dir/home/szymon-gogulski/pico/pico-sdk/src/rp2_common/pico_double/double_aeabi_rp2040.S.o
                0x10002824                __wrap___aeabi_d2f
 .text.__aeabi_double_init
                0x1000283c       0xa4 CMakeFiles/main.dir/home/szymon-gogulski/pico/pico-sdk/src/rp2_common/pico_double/double_init_rom_rp2040.c.o
                0x1000283c                __aeabi_double_init
 .text.__wrap_round
                0x100028e0       0x9c CMakeFiles/main.dir/home/szymon-gogulski/pico/pico-sdk/src/rp2_common/pico_double/double_math.c.o
                0x100028e0                __wrap_round
 .text.double_table_shim_on_use_helper
                0x1000297c       0x2c CMakeFiles/main.dir/home/szymon-gogulski/pico/pico-sdk/src/rp2_common/pico_double/double_v1_rom_shim_rp2040.S.o
                0x1000297c                double_table_shim_on_use_helper
 .text.__wrap___aeabi_dsub
                0x100029a8       0x10 CMakeFiles/main.dir/home/szymon-gogulski/pico/pico-sdk/src/rp2_common/pico_double/double_v1_rom_shim_rp2040.S.o
                0x100029a8                drsub_shim
                0x100029ae                dsub_shim
 .text.dadd_shim
                0x100029b8      0x15c CMakeFiles/main.dir/home/szymon-gogulski/pico/pico-sdk/src/rp2_common/pico_double/double_v1_rom_shim_rp2040.S.o
                0x100029b8                dadd_shim
 .text.dmul_shim
                0x10002b14      0x15c CMakeFiles/main.dir/home/szymon-gogulski/pico/pico-sdk/src/rp2_common/pico_double/double_v1_rom_shim_rp2040.S.o
                0x10002b14                dmul_shim
 .text.ddiv_shim
                0x10002c70      0x1b0 CMakeFiles/main.dir/home/szymon-gogulski/pico/pico-sdk/src/rp2_common/pico_double/double_v1_rom_shim_rp2040.S.o
                0x10002c70                ddiv_shim
 .text.double2uint_shim
                0x10002e20        0xe CMakeFiles/main.dir/home/szymon-gogulski/pico/pico-sdk/src/rp2_common/pico_double/double_v1_rom_shim_rp2040.S.o
                0x10002e20                double2uint_shim
                0x10002e22                double2ufix_shim
 .text.double2int64_shim
                0x10002e2e       0x1a CMakeFiles/main.dir/home/szymon-gogulski/pico/pico-sdk/src/rp2_common/pico_double/double_v1_rom_shim_rp2040.S.o
                0x10002e2e                double2int64_shim
                0x10002e30                double2fix64_shim
 .text.double2uint64_shim
                0x10002e48       0x70 CMakeFiles/main.dir/home/szymon-gogulski/pico/pico-sdk/src/rp2_common/pico_double/double_v1_rom_shim_rp2040.S.o
                0x10002e48                double2uint64_shim
                0x10002e4a                double2ufix64_shim
                0x10002e6a                d2fix_a
 .text.double2float_shim
                0x10002eb8       0x5c CMakeFiles/main.dir/home/szymon-gogulski/pico/pico-sdk/src/rp2_common/pico_double/double_v1_rom_shim_rp2040.S.o
                0x10002eb8                double2float_shim
 .text.dunpacks
                0x10002f14       0x3c CMakeFiles/main.dir/home/szymon-gogulski/pico/pico-sdk/src/rp2_common/pico_double/double_v1_rom_shim_rp2040.S.o
                0x10002f14                dunpacks
 .text.__aeabi_lmul
                0x10002f50       0x32 CMakeFiles/main.dir/home/szymon-gogulski/pico/pico-sdk/src/rp2_common/pico_int64_ops/pico_int64_ops_aeabi.S.o
                0x10002f50                __wrap___aeabi_lmul
 *fill*         0x10002f82        0x2 
 .text.__wrap___aeabi_farithmetic
                0x10002f84       0x48 CMakeFiles/main.dir/home/szymon-gogulski/pico/pico-sdk/src/rp2_common/pico_float/float_aeabi_rp2040.S.o
                0x10002f84                __wrap___aeabi_frsub
                0x10002f8a                __wrap___aeabi_fsub
                0x10002f90                __wrap___aeabi_fadd
                0x10002f96                __wrap___aeabi_fdiv
                0x10002fbe                __wrap___aeabi_fmul
 .text.__wrap___aeabi_cfcmple
                0x10002fcc       0x50 CMakeFiles/main.dir/home/szymon-gogulski/pico/pico-sdk/src/rp2_common/pico_float/float_aeabi_rp2040.S.o
                0x10002fcc                __wrap___aeabi_cfrcmple
                0x10002fd8                __wrap___aeabi_cfcmpeq
                0x10002fd8                __wrap___aeabi_cfcmple
 .text.__wrap___aeabi_fcmpeq
                0x1000301c       0x10 CMakeFiles/main.dir/home/szymon-gogulski/pico/pico-sdk/src/rp2_common/pico_float/float_aeabi_rp2040.S.o
                0x1000301c                __wrap___aeabi_fcmpeq
 .text.__wrap___aeabi_fcmplt
                0x1000302c        0xc CMakeFiles/main.dir/home/szymon-gogulski/pico/pico-sdk/src/rp2_common/pico_float/float_aeabi_rp2040.S.o
                0x1000302c                __wrap___aeabi_fcmplt
 .text.__wrap___aeabi_fcmple
                0x10003038       0x10 CMakeFiles/main.dir/home/szymon-gogulski/pico/pico-sdk/src/rp2_common/pico_float/float_aeabi_rp2040.S.o
                0x10003038                __wrap___aeabi_fcmple
 .text.__wrap___aeabi_fcmpge
                0x10003048       0x10 CMakeFiles/main.dir/home/szymon-gogulski/pico/pico-sdk/src/rp2_common/pico_float/float_aeabi_rp2040.S.o
                0x10003048                __wrap___aeabi_fcmpge
 .text.__wrap___aeabi_fcmpgt
                0x10003058        0xa CMakeFiles/main.dir/home/szymon-gogulski/pico/pico-sdk/src/rp2_common/pico_float/float_aeabi_rp2040.S.o
                0x10003058                __wrap___aeabi_fcmpgt
 .text.__wrap___aeabi_ui2f
                0x10003062        0xa CMakeFiles/main.dir/home/szymon-gogulski/pico/pico-sdk/src/rp2_common/pico_float/float_aeabi_rp2040.S.o
                0x10003062                uint2float
                0x10003062                __wrap___aeabi_ui2f
 .text.__wrap___aeabi_i2f
                0x1000306c       0x44 CMakeFiles/main.dir/home/szymon-gogulski/pico/pico-sdk/src/rp2_common/pico_float/float_aeabi_rp2040.S.o
                0x1000306c                int2float
                0x1000306c                __wrap___aeabi_i2f
 .text.__wrap___aeabi_f2iz
                0x100030b0       0x4e CMakeFiles/main.dir/home/szymon-gogulski/pico/pico-sdk/src/rp2_common/pico_float/float_aeabi_rp2040.S.o
                0x100030b0                __wrap___aeabi_f2iz
                0x100030b0                float2int_z
 *fill*         0x100030fe        0x2 
 .text.float2int
                0x10003100       0x14 CMakeFiles/main.dir/home/szymon-gogulski/pico/pico-sdk/src/rp2_common/pico_float/float_aeabi_rp2040.S.o
                0x10003100                float2int
 .text.__wrap___aeabi_f2uiz
                0x10003114        0xc CMakeFiles/main.dir/home/szymon-gogulski/pico/pico-sdk/src/rp2_common/pico_float/float_aeabi_rp2040.S.o
                0x10003114                float2uint_z
                0x10003114                __wrap___aeabi_f2uiz
 .text.__wrap___aeabi_f2d
                0x10003120       0x14 CMakeFiles/main.dir/home/szymon-gogulski/pico/pico-sdk/src/rp2_common/pico_float/float_aeabi_rp2040.S.o
                0x10003120                __wrap___aeabi_f2d
 .text.__wrap_sqrtf
                0x10003134       0x20 CMakeFiles/main.dir/home/szymon-gogulski/pico/pico-sdk/src/rp2_common/pico_float/float_aeabi_rp2040.S.o
                0x10003134                __wrap_sqrtf
 .text.__wrap_logf
                0x10003154        0xc CMakeFiles/main.dir/home/szymon-gogulski/pico/pico-sdk/src/rp2_common/pico_float/float_aeabi_rp2040.S.o
                0x10003154                __wrap_logf
 .text.__aeabi_float_init
                0x10003160       0x64 CMakeFiles/main.dir/home/szymon-gogulski/pico/pico-sdk/src/rp2_common/pico_float/float_init_rom_rp2040.c.o
                0x10003160                __aeabi_float_init
 .text.float_table_shim_on_use_helper
                0x100031c4       0x2c CMakeFiles/main.dir/home/szymon-gogulski/pico/pico-sdk/src/rp2_common/pico_float/float_v1_rom_shim_rp2040.S.o
                0x100031c4                float_table_shim_on_use_helper
 .text.float232_shims
                0x100031f0       0x18 CMakeFiles/main.dir/home/szymon-gogulski/pico/pico-sdk/src/rp2_common/pico_float/float_v1_rom_shim_rp2040.S.o
                0x100031f0                float2int_shim
                0x100031f2                float2fix_shim
 .text.float2double_shim
                0x10003208       0x30 CMakeFiles/main.dir/home/szymon-gogulski/pico/pico-sdk/src/rp2_common/pico_float/float_v1_rom_shim_rp2040.S.o
                0x10003208                float2double_shim
 .text          0x10003238       0x10 CMakeFiles/main.dir/home/szymon-gogulski/pico/pico-sdk/src/rp2_common/pico_mem_ops/mem_ops_aeabi.S.o
                0x10003238                __aeabi_mem_init
 .text.memset   0x10003248        0xc CMakeFiles/main.dir/home/szymon-gogulski/pico/pico-sdk/src/rp2_common/pico_mem_ops/mem_ops_aeabi.S.o
                0x10003248                __wrap_memset
 .text.memcpy   0x10003254        0xc CMakeFiles/main.dir/home/szymon-gogulski/pico/pico-sdk/src/rp2_common/pico_mem_ops/mem_ops_aeabi.S.o
                0x10003254                __wrap___aeabi_memcpy
                0x10003254                __wrap_memcpy
 .text._out_null
                0x10003260        0x4 CMakeFiles/main.dir/home/szymon-gogulski/pico/pico-sdk/src/rp2_common/pico_printf/printf.c.o
 .text._out_rev
                0x10003264       0xac CMakeFiles/main.dir/home/szymon-gogulski/pico/pico-sdk/src/rp2_common/pico_printf/printf.c.o
 .text._ntoa_format
                0x10003310      0x250 CMakeFiles/main.dir/home/szymon-gogulski/pico/pico-sdk/src/rp2_common/pico_printf/printf.c.o
 .text._out_char
                0x10003560       0x10 CMakeFiles/main.dir/home/szymon-gogulski/pico/pico-sdk/src/rp2_common/pico_printf/printf.c.o
 .text._out_fct
                0x10003570       0x10 CMakeFiles/main.dir/home/szymon-gogulski/pico/pico-sdk/src/rp2_common/pico_printf/printf.c.o
 .text._etoa    0x10003580      0x464 CMakeFiles/main.dir/home/szymon-gogulski/pico/pico-sdk/src/rp2_common/pico_printf/printf.c.o
 .text._ftoa    0x100039e4      0x3c0 CMakeFiles/main.dir/home/szymon-gogulski/pico/pico-sdk/src/rp2_common/pico_printf/printf.c.o
 .text._vsnprintf
                0x10003da4      0xbc8 CMakeFiles/main.dir/home/szymon-gogulski/pico/pico-sdk/src/rp2_common/pico_printf/printf.c.o
 .text.vfctprintf
                0x1000496c       0x20 CMakeFiles/main.dir/home/szymon-gogulski/pico/pico-sdk/src/rp2_common/pico_printf/printf.c.o
                0x1000496c                vfctprintf
 .text.weak_raw_printf
                0x1000498c       0x40 CMakeFiles/main.dir/home/szymon-gogulski/pico/pico-sdk/src/rp2_common/pico_printf/printf.c.o
                0x1000498c                weak_raw_printf
 .text.weak_raw_vprintf
                0x100049cc       0x30 CMakeFiles/main.dir/home/szymon-gogulski/pico/pico-sdk/src/rp2_common/pico_printf/printf.c.o
                0x100049cc                weak_raw_vprintf
 .text._exit    0x100049fc        0x4 CMakeFiles/main.dir/home/szymon-gogulski/pico/pico-sdk/src/rp2_common/pico_clib_interface/newlib_interface.c.o
                0x100049fc                _exit
 .text._sbrk    0x10004a00       0x34 CMakeFiles/main.dir/home/szymon-gogulski/pico/pico-sdk/src/rp2_common/pico_clib_interface/newlib_interface.c.o
                0x10004a00                _sbrk
 .text._getpid  0x10004a34        0x4 CMakeFiles/main.dir/home/szymon-gogulski/pico/pico-sdk/src/rp2_common/pico_clib_interface/newlib_interface.c.o
                0x10004a34                _getpid
 .text._kill    0x10004a38        0x8 CMakeFiles/main.dir/home/szymon-gogulski/pico/pico-sdk/src/rp2_common/pico_clib_interface/newlib_interface.c.o
                0x10004a38                _kill
 .text._read    0x10004a40       0x24 CMakeFiles/main.dir/home/szymon-gogulski/pico/pico-sdk/src/rp2_common/pico_clib_interface/newlib_interface.c.o
                0x10004a40                _read
 .text._write   0x10004a64       0x24 CMakeFiles/main.dir/home/szymon-gogulski/pico/pico-sdk/src/rp2_common/pico_clib_interface/newlib_interface.c.o
                0x10004a64                _write
 .text._close   0x10004a88        0x8 CMakeFiles/main.dir/home/szymon-gogulski/pico/pico-sdk/src/rp2_common/pico_clib_interface/newlib_interface.c.o
                0x10004a88                _close
 .text._lseek   0x10004a90        0x8 CMakeFiles/main.dir/home/szymon-gogulski/pico/pico-sdk/src/rp2_common/pico_clib_interface/newlib_interface.c.o
                0x10004a90                _lseek
 .text._fstat   0x10004a98        0x8 CMakeFiles/main.dir/home/szymon-gogulski/pico/pico-sdk/src/rp2_common/pico_clib_interface/newlib_interface.c.o
                0x10004a98                _fstat
 .text._isatty  0x10004aa0        0xc CMakeFiles/main.dir/home/szymon-gogulski/pico/pico-sdk/src/rp2_common/pico_clib_interface/newlib_interface.c.o
                0x10004aa0                _isatty
 .text.exit     0x10004aac        0x8 CMakeFiles/main.dir/home/szymon-gogulski/pico/pico-sdk/src/rp2_common/pico_clib_interface/newlib_interface.c.o
                0x10004aac                exit
 .text.__assert_func
                0x10004ab4       0x38 CMakeFiles/main.dir/home/szymon-gogulski/pico/pico-sdk/src/rp2_common/pico_clib_interface/newlib_interface.c.o
                0x10004ab4                __assert_func
 .text.runtime_init
                0x10004aec       0x2c CMakeFiles/main.dir/home/szymon-gogulski/pico/pico-sdk/src/rp2_common/pico_clib_interface/newlib_interface.c.o
                0x10004aec                runtime_init
 .text.stdio_out_chars_no_crlf
                0x10004b18       0x10 CMakeFiles/main.dir/home/szymon-gogulski/pico/pico-sdk/src/rp2_common/pico_stdio/stdio.c.o
 .text.stdio_out_chars_crlf
                0x10004b28       0x94 CMakeFiles/main.dir/home/szymon-gogulski/pico/pico-sdk/src/rp2_common/pico_stdio/stdio.c.o
 .text.stdio_buffered_printer
                0x10004bbc       0x64 CMakeFiles/main.dir/home/szymon-gogulski/pico/pico-sdk/src/rp2_common/pico_stdio/stdio.c.o
 .text.stdio_put_string
                0x10004c20      0x100 CMakeFiles/main.dir/home/szymon-gogulski/pico/pico-sdk/src/rp2_common/pico_stdio/stdio.c.o
                0x10004c20                stdio_put_string
 .text.stdio_get_until
                0x10004d20       0x84 CMakeFiles/main.dir/home/szymon-gogulski/pico/pico-sdk/src/rp2_common/pico_stdio/stdio.c.o
                0x10004d20                stdio_get_until
 .text.stdio_set_driver_enabled
                0x10004da4       0x30 CMakeFiles/main.dir/home/szymon-gogulski/pico/pico-sdk/src/rp2_common/pico_stdio/stdio.c.o
                0x10004da4                stdio_set_driver_enabled
 .text.stdio_init_all
                0x10004dd4       0x10 CMakeFiles/main.dir/home/szymon-gogulski/pico/pico-sdk/src/rp2_common/pico_stdio/stdio.c.o
                0x10004dd4                stdio_init_all
 .text.__wrap_putchar
                0x10004de4       0x98 CMakeFiles/main.dir/home/szymon-gogulski/pico/pico-sdk/src/rp2_common/pico_stdio/stdio.c.o
                0x10004de4                stdio_putchar
                0x10004de4                __wrap_putchar
 .text.__wrap_puts
                0x10004e7c       0x3c CMakeFiles/main.dir/home/szymon-gogulski/pico/pico-sdk/src/rp2_common/pico_stdio/stdio.c.o
                0x10004e7c                __wrap_puts
                0x10004e7c                stdio_puts
 .text.__wrap_vprintf
                0x10004eb8       0xd4 CMakeFiles/main.dir/home/szymon-gogulski/pico/pico-sdk/src/rp2_common/pico_stdio/stdio.c.o
                0x10004eb8                __wrap_vprintf
                0x10004eb8                stdio_vprintf
 .text.__wrap_printf
                0x10004f8c       0x18 CMakeFiles/main.dir/home/szymon-gogulski/pico/pico-sdk/src/rp2_common/pico_stdio/stdio.c.o
                0x10004f8c                stdio_printf
                0x10004f8c                __wrap_printf
 .text.stdio_uart_out_chars
                0x10004fa4       0x4c CMakeFiles/main.dir/home/szymon-gogulski/pico/pico-sdk/src/rp2_common/pico_stdio_uart/stdio_uart.c.o
 .text.stdio_uart_in_chars
                0x10004ff0       0x90 CMakeFiles/main.dir/home/szymon-gogulski/pico/pico-sdk/src/rp2_common/pico_stdio_uart/stdio_uart.c.o
                0x10004ff0                stdio_uart_in_chars
 .text.on_uart_rx
                0x10005080       0x28 CMakeFiles/main.dir/home/szymon-gogulski/pico/pico-sdk/src/rp2_common/pico_stdio_uart/stdio_uart.c.o
 .text.stdio_uart_out_flush
                0x100050a8       0x14 CMakeFiles/main.dir/home/szymon-gogulski/pico/pico-sdk/src/rp2_common/pico_stdio_uart/stdio_uart.c.o
 .text.stdio_uart_set_chars_available_callback
                0x100050bc       0x84 CMakeFiles/main.dir/home/szymon-gogulski/pico/pico-sdk/src/rp2_common/pico_stdio_uart/stdio_uart.c.o
 .text.stdio_uart_init
                0x10005140       0x50 CMakeFiles/main.dir/home/szymon-gogulski/pico/pico-sdk/src/rp2_common/pico_stdio_uart/stdio_uart.c.o
                0x10005140                stdio_uart_init
 .text.resetd_init
                0x10005190        0x4 CMakeFiles/main.dir/home/szymon-gogulski/pico/pico-sdk/src/rp2_common/pico_stdio_usb/reset_interface.c.o
 .text.resetd_reset
                0x10005194        0xc CMakeFiles/main.dir/home/szymon-gogulski/pico/pico-sdk/src/rp2_common/pico_stdio_usb/reset_interface.c.o
 .text.resetd_open
                0x100051a0       0x28 CMakeFiles/main.dir/home/szymon-gogulski/pico/pico-sdk/src/rp2_common/pico_stdio_usb/reset_interface.c.o
 .text.resetd_xfer_cb
                0x100051c8        0x4 CMakeFiles/main.dir/home/szymon-gogulski/pico/pico-sdk/src/rp2_common/pico_stdio_usb/reset_interface.c.o
 .text.resetd_control_xfer_cb
                0x100051cc       0x5c CMakeFiles/main.dir/home/szymon-gogulski/pico/pico-sdk/src/rp2_common/pico_stdio_usb/reset_interface.c.o
 .text.tud_descriptor_bos_cb
                0x10005228        0x8 CMakeFiles/main.dir/home/szymon-gogulski/pico/pico-sdk/src/rp2_common/pico_stdio_usb/reset_interface.c.o
                0x10005228                tud_descriptor_bos_cb
 .text.tud_vendor_control_xfer_cb
                0x10005230       0x34 CMakeFiles/main.dir/home/szymon-gogulski/pico/pico-sdk/src/rp2_common/pico_stdio_usb/reset_interface.c.o
                0x10005230                tud_vendor_control_xfer_cb
 .text.usbd_app_driver_get_cb
                0x10005264        0xc CMakeFiles/main.dir/home/szymon-gogulski/pico/pico-sdk/src/rp2_common/pico_stdio_usb/reset_interface.c.o
                0x10005264                usbd_app_driver_get_cb
 .text.tud_cdc_line_coding_cb
                0x10005270       0x2c CMakeFiles/main.dir/home/szymon-gogulski/pico/pico-sdk/src/rp2_common/pico_stdio_usb/reset_interface.c.o
                0x10005270                tud_cdc_line_coding_cb
 .text.stdio_usb_set_chars_available_callback
                0x1000529c       0x14 CMakeFiles/main.dir/home/szymon-gogulski/pico/pico-sdk/src/rp2_common/pico_stdio_usb/stdio_usb.c.o
                0x1000529c                stdio_usb_set_chars_available_callback
 .text.usb_irq  0x100052b0       0x10 CMakeFiles/main.dir/home/szymon-gogulski/pico/pico-sdk/src/rp2_common/pico_stdio_usb/stdio_usb.c.o
 .text.timer_task
                0x100052c0       0x64 CMakeFiles/main.dir/home/szymon-gogulski/pico/pico-sdk/src/rp2_common/pico_stdio_usb/stdio_usb.c.o
 .text.stdio_usb_in_chars
                0x10005324       0x90 CMakeFiles/main.dir/home/szymon-gogulski/pico/pico-sdk/src/rp2_common/pico_stdio_usb/stdio_usb.c.o
                0x10005324                stdio_usb_in_chars
 .text.stdio_usb_out_flush
                0x100053b4       0x50 CMakeFiles/main.dir/home/szymon-gogulski/pico/pico-sdk/src/rp2_common/pico_stdio_usb/stdio_usb.c.o
 .text.stdio_usb_out_chars
                0x10005404      0x104 CMakeFiles/main.dir/home/szymon-gogulski/pico/pico-sdk/src/rp2_common/pico_stdio_usb/stdio_usb.c.o
 .text.low_priority_worker_irq
                0x10005508       0xcc CMakeFiles/main.dir/home/szymon-gogulski/pico/pico-sdk/src/rp2_common/pico_stdio_usb/stdio_usb.c.o
 .text.stdio_usb_init
                0x100055d4       0xe8 CMakeFiles/main.dir/home/szymon-gogulski/pico/pico-sdk/src/rp2_common/pico_stdio_usb/stdio_usb.c.o
                0x100055d4                stdio_usb_init
 .text.tud_descriptor_device_cb
                0x100056bc        0x8 CMakeFiles/main.dir/home/szymon-gogulski/pico/pico-sdk/src/rp2_common/pico_stdio_usb/stdio_usb_descriptors.c.o
                0x100056bc                tud_descriptor_device_cb
 .text.tud_descriptor_configuration_cb
                0x100056c4        0x8 CMakeFiles/main.dir/home/szymon-gogulski/pico/pico-sdk/src/rp2_common/pico_stdio_usb/stdio_usb_descriptors.c.o
                0x100056c4                tud_descriptor_configuration_cb
 .text.tud_descriptor_string_cb
                0x100056cc       0x78 CMakeFiles/main.dir/home/szymon-gogulski/pico/pico-sdk/src/rp2_common/pico_stdio_usb/stdio_usb_descriptors.c.o
                0x100056cc                tud_descriptor_string_cb
 .text.startup._retrieve_unique_id_on_boot
                0x10005744       0x10 CMakeFiles/main.dir/home/szymon-gogulski/pico/pico-sdk/src/rp2_common/pico_unique_id/unique_id.c.o
 .text.pico_get_unique_board_id_string
                0x10005754      0x1a8 CMakeFiles/main.dir/home/szymon-gogulski/pico/pico-sdk/src/rp2_common/pico_unique_id/unique_id.c.o
                0x10005754                pico_get_unique_board_id_string
 .text.flash_get_unique_id
                0x100058fc       0x3c CMakeFiles/main.dir/home/szymon-gogulski/pico/pico-sdk/src/rp2_common/hardware_flash/flash.c.o
                0x100058fc                flash_get_unique_id
 .text.dcd_init
                0x10005938       0x8c CMakeFiles/main.dir/home/szymon-gogulski/pico/pico-sdk/lib/tinyusb/src/portable/raspberrypi/rp2040/dcd_rp2040.c.o
                0x10005938                dcd_init
 .text.dcd_int_enable
                0x100059c4        0xc CMakeFiles/main.dir/home/szymon-gogulski/pico/pico-sdk/lib/tinyusb/src/portable/raspberrypi/rp2040/dcd_rp2040.c.o
                0x100059c4                dcd_int_enable
 .text.dcd_set_address
                0x100059d0       0x14 CMakeFiles/main.dir/home/szymon-gogulski/pico/pico-sdk/lib/tinyusb/src/portable/raspberrypi/rp2040/dcd_rp2040.c.o
                0x100059d0                dcd_set_address
 .text.dcd_sof_enable
                0x100059e4       0x1c CMakeFiles/main.dir/home/szymon-gogulski/pico/pico-sdk/lib/tinyusb/src/portable/raspberrypi/rp2040/dcd_rp2040.c.o
                0x100059e4                dcd_sof_enable
 .text.dcd_edpt0_status_complete
                0x10005a00       0x1c CMakeFiles/main.dir/home/szymon-gogulski/pico/pico-sdk/lib/tinyusb/src/portable/raspberrypi/rp2040/dcd_rp2040.c.o
                0x10005a00                dcd_edpt0_status_complete
 .text.dcd_edpt_open
                0x10005a1c      0x108 CMakeFiles/main.dir/home/szymon-gogulski/pico/pico-sdk/lib/tinyusb/src/portable/raspberrypi/rp2040/dcd_rp2040.c.o
                0x10005a1c                dcd_edpt_open
 .text.dcd_edpt_close_all
                0x10005b24        0x8 CMakeFiles/main.dir/home/szymon-gogulski/pico/pico-sdk/lib/tinyusb/src/portable/raspberrypi/rp2040/dcd_rp2040.c.o
                0x10005b24                dcd_edpt_close_all
 .text.dcd_edpt_xfer
                0x10005b2c       0x24 CMakeFiles/main.dir/home/szymon-gogulski/pico/pico-sdk/lib/tinyusb/src/portable/raspberrypi/rp2040/dcd_rp2040.c.o
                0x10005b2c                dcd_edpt_xfer
 .text.dcd_edpt_stall
                0x10005b50       0x34 CMakeFiles/main.dir/home/szymon-gogulski/pico/pico-sdk/lib/tinyusb/src/portable/raspberrypi/rp2040/dcd_rp2040.c.o
                0x10005b50                dcd_edpt_stall
 .text.dcd_edpt_clear_stall
                0x10005b84       0x30 CMakeFiles/main.dir/home/szymon-gogulski/pico/pico-sdk/lib/tinyusb/src/portable/raspberrypi/rp2040/dcd_rp2040.c.o
                0x10005b84                dcd_edpt_clear_stall
 .text.rp2040_usb_init
                0x10005bb4       0x40 CMakeFiles/main.dir/home/szymon-gogulski/pico/pico-sdk/lib/tinyusb/src/portable/raspberrypi/rp2040/rp2040_usb.c.o
                0x10005bb4                rp2040_usb_init
 .text.hw_endpoint_xfer_start
                0x10005bf4       0x40 CMakeFiles/main.dir/home/szymon-gogulski/pico/pico-sdk/lib/tinyusb/src/portable/raspberrypi/rp2040/rp2040_usb.c.o
                0x10005bf4                hw_endpoint_xfer_start
 .text.tud_event_hook_cb
                0x10005c34        0x4 CMakeFiles/main.dir/home/szymon-gogulski/pico/pico-sdk/lib/tinyusb/src/device/usbd.c.o
                0x10005c34                tud_event_hook_cb
 .text.tud_sof_cb
                0x10005c38        0x4 CMakeFiles/main.dir/home/szymon-gogulski/pico/pico-sdk/lib/tinyusb/src/device/usbd.c.o
                0x10005c38                tud_sof_cb
 .text.tud_descriptor_device_qualifier_cb
                0x10005c3c        0x4 CMakeFiles/main.dir/home/szymon-gogulski/pico/pico-sdk/lib/tinyusb/src/device/usbd.c.o
                0x10005c3c                tud_descriptor_device_qualifier_cb
 .text.tud_descriptor_other_speed_configuration_cb
                0x10005c40        0x4 CMakeFiles/main.dir/home/szymon-gogulski/pico/pico-sdk/lib/tinyusb/src/device/usbd.c.o
                0x10005c40                tud_descriptor_other_speed_configuration_cb
 .text.tud_mount_cb
                0x10005c44        0x4 CMakeFiles/main.dir/home/szymon-gogulski/pico/pico-sdk/lib/tinyusb/src/device/usbd.c.o
                0x10005c44                tud_mount_cb
 .text.tud_umount_cb
                0x10005c48        0x4 CMakeFiles/main.dir/home/szymon-gogulski/pico/pico-sdk/lib/tinyusb/src/device/usbd.c.o
                0x10005c48                tud_umount_cb
 .text.tud_suspend_cb
                0x10005c4c        0x4 CMakeFiles/main.dir/home/szymon-gogulski/pico/pico-sdk/lib/tinyusb/src/device/usbd.c.o
                0x10005c4c                tud_suspend_cb
 .text.tud_resume_cb
                0x10005c50        0x4 CMakeFiles/main.dir/home/szymon-gogulski/pico/pico-sdk/lib/tinyusb/src/device/usbd.c.o
                0x10005c50                tud_resume_cb
 .text.tud_mounted
                0x10005c54       0x10 CMakeFiles/main.dir/home/szymon-gogulski/pico/pico-sdk/lib/tinyusb/src/device/usbd.c.o
                0x10005c54                tud_mounted
 .text.tud_suspended
                0x10005c64       0x10 CMakeFiles/main.dir/home/szymon-gogulski/pico/pico-sdk/lib/tinyusb/src/device/usbd.c.o
                0x10005c64                tud_suspended
 .text.tud_init
                0x10005c74       0xe4 CMakeFiles/main.dir/home/szymon-gogulski/pico/pico-sdk/lib/tinyusb/src/device/usbd.c.o
                0x10005c74                tud_init
 .text.tud_task_ext
                0x10005d58      0x800 CMakeFiles/main.dir/home/szymon-gogulski/pico/pico-sdk/lib/tinyusb/src/device/usbd.c.o
                0x10005d58                tud_task_ext
 .text.usbd_open_edpt_pair
                0x10006558       0x9c CMakeFiles/main.dir/home/szymon-gogulski/pico/pico-sdk/lib/tinyusb/src/device/usbd.c.o
                0x10006558                usbd_open_edpt_pair
 .text.usbd_edpt_open
                0x100065f4       0x34 CMakeFiles/main.dir/home/szymon-gogulski/pico/pico-sdk/lib/tinyusb/src/device/usbd.c.o
                0x100065f4                usbd_edpt_open
 .text.usbd_edpt_claim
                0x10006628       0x28 CMakeFiles/main.dir/home/szymon-gogulski/pico/pico-sdk/lib/tinyusb/src/device/usbd.c.o
                0x10006628                usbd_edpt_claim
 .text.usbd_edpt_release
                0x10006650       0x28 CMakeFiles/main.dir/home/szymon-gogulski/pico/pico-sdk/lib/tinyusb/src/device/usbd.c.o
                0x10006650                usbd_edpt_release
 .text.usbd_edpt_xfer
                0x10006678       0x4c CMakeFiles/main.dir/home/szymon-gogulski/pico/pico-sdk/lib/tinyusb/src/device/usbd.c.o
                0x10006678                usbd_edpt_xfer
 .text.tud_control_status
                0x100066c4       0x2c CMakeFiles/main.dir/home/szymon-gogulski/pico/pico-sdk/lib/tinyusb/src/device/usbd_control.c.o
                0x100066c4                tud_control_status
 .text.tud_control_xfer
                0x100066f0       0xac CMakeFiles/main.dir/home/szymon-gogulski/pico/pico-sdk/lib/tinyusb/src/device/usbd_control.c.o
                0x100066f0                tud_control_xfer
 .text.usbd_control_reset
                0x1000679c       0x14 CMakeFiles/main.dir/home/szymon-gogulski/pico/pico-sdk/lib/tinyusb/src/device/usbd_control.c.o
                0x1000679c                usbd_control_reset
 .text.usbd_control_set_complete_callback
                0x100067b0        0xc CMakeFiles/main.dir/home/szymon-gogulski/pico/pico-sdk/lib/tinyusb/src/device/usbd_control.c.o
                0x100067b0                usbd_control_set_complete_callback
 .text.usbd_control_set_request
                0x100067bc       0x1c CMakeFiles/main.dir/home/szymon-gogulski/pico/pico-sdk/lib/tinyusb/src/device/usbd_control.c.o
                0x100067bc                usbd_control_set_request
 .text.usbd_control_xfer_cb
                0x100067d8       0xec CMakeFiles/main.dir/home/szymon-gogulski/pico/pico-sdk/lib/tinyusb/src/device/usbd_control.c.o
                0x100067d8                usbd_control_xfer_cb
 .text._prep_out_transaction.isra.0
                0x100068c4       0x5c CMakeFiles/main.dir/home/szymon-gogulski/pico/pico-sdk/lib/tinyusb/src/class/cdc/cdc_device.c.o
 .text.tud_cdc_n_connected
                0x10006920       0x30 CMakeFiles/main.dir/home/szymon-gogulski/pico/pico-sdk/lib/tinyusb/src/class/cdc/cdc_device.c.o
                0x10006920                tud_cdc_n_connected
 .text.tud_cdc_n_available
                0x10006950       0x18 CMakeFiles/main.dir/home/szymon-gogulski/pico/pico-sdk/lib/tinyusb/src/class/cdc/cdc_device.c.o
                0x10006950                tud_cdc_n_available
 .text.tud_cdc_n_read
                0x10006968       0x98 CMakeFiles/main.dir/home/szymon-gogulski/pico/pico-sdk/lib/tinyusb/src/class/cdc/cdc_device.c.o
                0x10006968                tud_cdc_n_read
 .text.tud_cdc_n_write_flush
                0x10006a00       0x78 CMakeFiles/main.dir/home/szymon-gogulski/pico/pico-sdk/lib/tinyusb/src/class/cdc/cdc_device.c.o
                0x10006a00                tud_cdc_n_write_flush
 .text.tud_cdc_n_write
                0x10006a78       0x40 CMakeFiles/main.dir/home/szymon-gogulski/pico/pico-sdk/lib/tinyusb/src/class/cdc/cdc_device.c.o
                0x10006a78                tud_cdc_n_write
 .text.tud_cdc_n_write_available
                0x10006ab8       0x18 CMakeFiles/main.dir/home/szymon-gogulski/pico/pico-sdk/lib/tinyusb/src/class/cdc/cdc_device.c.o
                0x10006ab8                tud_cdc_n_write_available
 .text.cdcd_init
                0x10006ad0       0x7c CMakeFiles/main.dir/home/szymon-gogulski/pico/pico-sdk/lib/tinyusb/src/class/cdc/cdc_device.c.o
                0x10006ad0                cdcd_init
 .text.cdcd_deinit
                0x10006b4c       0x34 CMakeFiles/main.dir/home/szymon-gogulski/pico/pico-sdk/lib/tinyusb/src/class/cdc/cdc_device.c.o
                0x10006b4c                cdcd_deinit
 .text.cdcd_reset
                0x10006b80       0x4c CMakeFiles/main.dir/home/szymon-gogulski/pico/pico-sdk/lib/tinyusb/src/class/cdc/cdc_device.c.o
                0x10006b80                cdcd_reset
 .text.cdcd_open
                0x10006bcc       0xb0 CMakeFiles/main.dir/home/szymon-gogulski/pico/pico-sdk/lib/tinyusb/src/class/cdc/cdc_device.c.o
                0x10006bcc                cdcd_open
 .text.cdcd_control_xfer_cb
                0x10006c7c       0xe4 CMakeFiles/main.dir/home/szymon-gogulski/pico/pico-sdk/lib/tinyusb/src/class/cdc/cdc_device.c.o
                0x10006c7c                cdcd_control_xfer_cb
 .text.cdcd_xfer_cb
                0x10006d60      0x100 CMakeFiles/main.dir/home/szymon-gogulski/pico/pico-sdk/lib/tinyusb/src/class/cdc/cdc_device.c.o
                0x10006d60                cdcd_xfer_cb
 .text.vendord_init
                0x10006e60       0x5c CMakeFiles/main.dir/home/szymon-gogulski/pico/pico-sdk/lib/tinyusb/src/class/vendor/vendor_device.c.o
                0x10006e60                vendord_init
 .text.vendord_deinit
                0x10006ebc       0x1c CMakeFiles/main.dir/home/szymon-gogulski/pico/pico-sdk/lib/tinyusb/src/class/vendor/vendor_device.c.o
                0x10006ebc                vendord_deinit
 .text.vendord_reset
                0x10006ed8       0x20 CMakeFiles/main.dir/home/szymon-gogulski/pico/pico-sdk/lib/tinyusb/src/class/vendor/vendor_device.c.o
                0x10006ed8                vendord_reset
 .text.vendord_open
                0x10006ef8      0x138 CMakeFiles/main.dir/home/szymon-gogulski/pico/pico-sdk/lib/tinyusb/src/class/vendor/vendor_device.c.o
                0x10006ef8                vendord_open
 .text.vendord_xfer_cb
                0x10007030       0x9c CMakeFiles/main.dir/home/szymon-gogulski/pico/pico-sdk/lib/tinyusb/src/class/vendor/vendor_device.c.o
                0x10007030                vendord_xfer_cb
 .text.tusb_init
                0x100070cc        0xc CMakeFiles/main.dir/home/szymon-gogulski/pico/pico-sdk/lib/tinyusb/src/tusb.c.o
                0x100070cc                tusb_init
 .text.tu_edpt_claim
                0x100070d8       0x50 CMakeFiles/main.dir/home/szymon-gogulski/pico/pico-sdk/lib/tinyusb/src/tusb.c.o
                0x100070d8                tu_edpt_claim
 .text.tu_edpt_release
                0x10007128       0x38 CMakeFiles/main.dir/home/szymon-gogulski/pico/pico-sdk/lib/tinyusb/src/tusb.c.o
                0x10007128                tu_edpt_release
 .text.tu_edpt_validate
                0x10007160       0x7c CMakeFiles/main.dir/home/szymon-gogulski/pico/pico-sdk/lib/tinyusb/src/tusb.c.o
                0x10007160                tu_edpt_validate
 .text.tu_edpt_bind_driver
                0x100071dc       0x34 CMakeFiles/main.dir/home/szymon-gogulski/pico/pico-sdk/lib/tinyusb/src/tusb.c.o
                0x100071dc                tu_edpt_bind_driver
 .text.tu_edpt_stream_init
                0x10007210       0x6c CMakeFiles/main.dir/home/szymon-gogulski/pico/pico-sdk/lib/tinyusb/src/tusb.c.o
                0x10007210                tu_edpt_stream_init
 .text.tu_edpt_stream_deinit
                0x1000727c        0x4 CMakeFiles/main.dir/home/szymon-gogulski/pico/pico-sdk/lib/tinyusb/src/tusb.c.o
                0x1000727c                tu_edpt_stream_deinit
 .text.tu_edpt_stream_write_zlp_if_needed
                0x10007280       0x68 CMakeFiles/main.dir/home/szymon-gogulski/pico/pico-sdk/lib/tinyusb/src/tusb.c.o
                0x10007280                tu_edpt_stream_write_zlp_if_needed
 .text.tu_edpt_stream_write_xfer
                0x100072e8       0x64 CMakeFiles/main.dir/home/szymon-gogulski/pico/pico-sdk/lib/tinyusb/src/tusb.c.o
                0x100072e8                tu_edpt_stream_write_xfer
 .text.tu_edpt_stream_read_xfer
                0x1000734c       0xdc CMakeFiles/main.dir/home/szymon-gogulski/pico/pico-sdk/lib/tinyusb/src/tusb.c.o
                0x1000734c                tu_edpt_stream_read_xfer
 .text.tu_fifo_config
                0x10007428       0x6c CMakeFiles/main.dir/home/szymon-gogulski/pico/pico-sdk/lib/tinyusb/src/common/tusb_fifo.c.o
                0x10007428                tu_fifo_config
 .text.tu_fifo_count
                0x10007494       0x2c CMakeFiles/main.dir/home/szymon-gogulski/pico/pico-sdk/lib/tinyusb/src/common/tusb_fifo.c.o
                0x10007494                tu_fifo_count
 .text.tu_fifo_empty
                0x100074c0       0x10 CMakeFiles/main.dir/home/szymon-gogulski/pico/pico-sdk/lib/tinyusb/src/common/tusb_fifo.c.o
                0x100074c0                tu_fifo_empty
 .text.tu_fifo_remaining
                0x100074d0       0x2c CMakeFiles/main.dir/home/szymon-gogulski/pico/pico-sdk/lib/tinyusb/src/common/tusb_fifo.c.o
                0x100074d0                tu_fifo_remaining
 .text.tu_fifo_read
                0x100074fc       0x9c CMakeFiles/main.dir/home/szymon-gogulski/pico/pico-sdk/lib/tinyusb/src/common/tusb_fifo.c.o
                0x100074fc                tu_fifo_read
 .text.tu_fifo_read_n
                0x10007598       0xe8 CMakeFiles/main.dir/home/szymon-gogulski/pico/pico-sdk/lib/tinyusb/src/common/tusb_fifo.c.o
                0x10007598                tu_fifo_read_n
 .text.tu_fifo_write
                0x10007680       0xa8 CMakeFiles/main.dir/home/szymon-gogulski/pico/pico-sdk/lib/tinyusb/src/common/tusb_fifo.c.o
                0x10007680                tu_fifo_write
 .text.tu_fifo_write_n
                0x10007728      0x178 CMakeFiles/main.dir/home/szymon-gogulski/pico/pico-sdk/lib/tinyusb/src/common/tusb_fifo.c.o
                0x10007728                tu_fifo_write_n
 .text.tu_fifo_clear
                0x100078a0       0x40 CMakeFiles/main.dir/home/szymon-gogulski/pico/pico-sdk/lib/tinyusb/src/common/tusb_fifo.c.o
                0x100078a0                tu_fifo_clear
 .text.tu_fifo_set_overwritable
                0x100078e0       0x48 CMakeFiles/main.dir/home/szymon-gogulski/pico/pico-sdk/lib/tinyusb/src/common/tusb_fifo.c.o
                0x100078e0                tu_fifo_set_overwritable
 .text.core1_trampoline
                0x10007928        0x4 CMakeFiles/main.dir/home/szymon-gogulski/pico/pico-sdk/src/rp2_common/pico_multicore/multicore.c.o
 .text.core1_wrapper
                0x1000792c        0xc CMakeFiles/main.dir/home/szymon-gogulski/pico/pico-sdk/src/rp2_common/pico_multicore/multicore.c.o
                0x1000792c                core1_wrapper
 .text.multicore_fifo_push_blocking
                0x10007938       0x14 CMakeFiles/main.dir/home/szymon-gogulski/pico/pico-sdk/src/rp2_common/pico_multicore/multicore.c.o
                0x10007938                multicore_fifo_push_blocking
 .text.multicore_fifo_pop_blocking
                0x1000794c       0x1c CMakeFiles/main.dir/home/szymon-gogulski/pico/pico-sdk/src/rp2_common/pico_multicore/multicore.c.o
                0x1000794c                multicore_fifo_pop_blocking
 .text.multicore_reset_core1
                0x10007968       0x58 CMakeFiles/main.dir/home/szymon-gogulski/pico/pico-sdk/src/rp2_common/pico_multicore/multicore.c.o
                0x10007968                multicore_reset_core1
 .text.multicore_launch_core1_raw
                0x100079c0       0x84 CMakeFiles/main.dir/home/szymon-gogulski/pico/pico-sdk/src/rp2_common/pico_multicore/multicore.c.o
                0x100079c0                multicore_launch_core1_raw
 .text.multicore_launch_core1
                0x10007a44       0x58 CMakeFiles/main.dir/home/szymon-gogulski/pico/pico-sdk/src/rp2_common/pico_multicore/multicore.c.o
                0x10007a44                multicore_launch_core1
 .text.adc_init
                0x10007a9c       0x38 CMakeFiles/main.dir/home/szymon-gogulski/pico/pico-sdk/src/rp2_common/hardware_adc/adc.c.o
                0x10007a9c                adc_init
 .text._ZN6tflite17ConvertTensorTypeENS_10TensorTypeEP10TfLiteTypePNS_13ErrorReporterE
                0x10007ad4       0x9c libpico-tflmicro-lib.a(flatbuffer_conversions.cpp.o)
                0x10007ad4                tflite::ConvertTensorType(tflite::TensorType, TfLiteType*, tflite::ErrorReporter*)
 .text._ZN6tflite19ParseFullyConnectedEPKNS_8OperatorEPNS_13ErrorReporterEPNS_20BuiltinDataAllocatorEPPv
                0x10007b70      0x12c libpico-tflmicro-lib.a(flatbuffer_conversions.cpp.o)
                0x10007b70                tflite::ParseFullyConnected(tflite::Operator const*, tflite::ErrorReporter*, tflite::BuiltinDataAllocator*, void**)
 .text._ZN6tflite12_GLOBAL__N_14InitEP13TfLiteContextPKcj
                0x10007c9c        0xc libpico-tflmicro-lib.a(fully_connected.cpp.o)
 .text._ZN6tflite12_GLOBAL__N_17PrepareEP13TfLiteContextP10TfLiteNode
                0x10007ca8      0x2e4 libpico-tflmicro-lib.a(fully_connected.cpp.o)
 .text._ZN6tflite12_GLOBAL__N_118EvalQuantizedInt16EP13TfLiteContextP10TfLiteNodeRKNS0_6OpDataEPK16TfLiteEvalTensorSA_SA_PS8_.isra.0
                0x10007f8c      0x108 libpico-tflmicro-lib.a(fully_connected.cpp.o)
 .text._ZN6tflite12_GLOBAL__N_117EvalQuantizedInt8EP13TfLiteContextP10TfLiteNodeRKNS0_6OpDataEPK16TfLiteEvalTensorSA_SA_PS8_.isra.0
                0x10008094      0x234 libpico-tflmicro-lib.a(fully_connected.cpp.o)
 .text._ZN6tflite12_GLOBAL__N_117EvalQuantizedInt4EP13TfLiteContextP10TfLiteNodeRKNS0_6OpDataEPK16TfLiteEvalTensorSA_SA_PS8_.isra.0
                0x100082c8      0x118 libpico-tflmicro-lib.a(fully_connected.cpp.o)
 .text._ZN6tflite12_GLOBAL__N_14EvalEP13TfLiteContextP10TfLiteNode
                0x100083e0      0x298 libpico-tflmicro-lib.a(fully_connected.cpp.o)
 .text._ZN6tflite24Register_FULLY_CONNECTEDEv
                0x10008678       0x2c libpico-tflmicro-lib.a(fully_connected.cpp.o)
                0x10008678                tflite::Register_FULLY_CONNECTED()
 .text._ZN6tflite25FullyConnectedParamsFloatE21TfLiteFusedActivation
                0x100086a4       0x3c libpico-tflmicro-lib.a(fully_connected_common.cpp.o)
                0x100086a4                tflite::FullyConnectedParamsFloat(TfLiteFusedActivation)
 .text._ZN6tflite29CalculateOpDataFullyConnectedEP13TfLiteContext21TfLiteFusedActivation10TfLiteTypePK12TfLiteTensorS6_S6_PS4_PNS_20OpDataFullyConnectedE
                0x100086e0       0x68 libpico-tflmicro-lib.a(fully_connected_common.cpp.o)
                0x100086e0                tflite::CalculateOpDataFullyConnected(TfLiteContext*, TfLiteFusedActivation, TfLiteType, TfLiteTensor const*, TfLiteTensor const*, TfLiteTensor const*, TfLiteTensor*, tflite::OpDataFullyConnected*)
 .text._ZN6tflite5micro10RegisterOpEPFPvP13TfLiteContextPKcjEPF12TfLiteStatusS3_P10TfLiteNodeESC_PFvS3_S1_ESE_
                0x10008748       0x18 libpico-tflmicro-lib.a(kernel_util.cpp.o)
                0x10008748                tflite::micro::RegisterOp(void* (*)(TfLiteContext*, char const*, unsigned int), TfLiteStatus (*)(TfLiteContext*, TfLiteNode*), TfLiteStatus (*)(TfLiteContext*, TfLiteNode*), void (*)(TfLiteContext*, void*), void (*)(TfLiteContext*, void*))
 .text._ZN6tflite5micro12GetEvalInputEPK13TfLiteContextPK10TfLiteNodei
                0x10008760       0x28 libpico-tflmicro-lib.a(kernel_util.cpp.o)
                0x10008760                tflite::micro::GetEvalInput(TfLiteContext const*, TfLiteNode const*, int)
 .text._ZN6tflite5micro13GetEvalOutputEPK13TfLiteContextPK10TfLiteNodei
                0x10008788       0x10 libpico-tflmicro-lib.a(kernel_util.cpp.o)
                0x10008788                tflite::micro::GetEvalOutput(TfLiteContext const*, TfLiteNode const*, int)
 .text._ZN6tflite5micro14GetTensorShapeEPK16TfLiteEvalTensor
                0x10008798       0x24 libpico-tflmicro-lib.a(kernel_util.cpp.o)
                0x10008798                tflite::micro::GetTensorShape(TfLiteEvalTensor const*)
 .text._ZN6tflite14AlignPointerUpEPhj
                0x100087bc       0x10 libpico-tflmicro-lib.a(memory_helpers.cpp.o)
                0x100087bc                tflite::AlignPointerUp(unsigned char*, unsigned int)
 .text._ZN6tflite16AlignPointerDownEPhj
                0x100087cc        0xc libpico-tflmicro-lib.a(memory_helpers.cpp.o)
                0x100087cc                tflite::AlignPointerDown(unsigned char*, unsigned int)
 .text._ZN6tflite11AlignSizeUpEjj
                0x100087d8       0x10 libpico-tflmicro-lib.a(memory_helpers.cpp.o)
                0x100087d8                tflite::AlignSizeUp(unsigned int, unsigned int)
 .text._ZN6tflite16TfLiteTypeSizeOfE10TfLiteTypePj
                0x100087e8       0x60 libpico-tflmicro-lib.a(memory_helpers.cpp.o)
                0x100087e8                tflite::TfLiteTypeSizeOf(TfLiteType, unsigned int*)
 .text._ZN6tflite22BytesRequiredForTensorERKNS_6TensorEPjS3_
                0x10008848       0x8c libpico-tflmicro-lib.a(memory_helpers.cpp.o)
                0x10008848                tflite::BytesRequiredForTensor(tflite::Tensor const&, unsigned int*, unsigned int*)
 .text._ZN6tflite26TfLiteEvalTensorByteLengthEPK16TfLiteEvalTensorPj
                0x100088d4       0x88 libpico-tflmicro-lib.a(memory_helpers.cpp.o)
                0x100088d4                tflite::TfLiteEvalTensorByteLength(TfLiteEvalTensor const*, unsigned int*)
 .text._ZN6tflite12MicroContext23AllocateTempInputTensorEPK10TfLiteNodei
                0x1000895c       0x24 libpico-tflmicro-lib.a(micro_context.cpp.o)
                0x1000895c                tflite::MicroContext::AllocateTempInputTensor(TfLiteNode const*, int)
 .text._ZN6tflite12MicroContext24AllocateTempOutputTensorEPK10TfLiteNodei
                0x10008980       0x24 libpico-tflmicro-lib.a(micro_context.cpp.o)
                0x10008980                tflite::MicroContext::AllocateTempOutputTensor(TfLiteNode const*, int)
 .text._ZN6tflite25MicroContextReportOpErrorEP13TfLiteContextPKcz
                0x100089a4       0x18 libpico-tflmicro-lib.a(micro_context.cpp.o)
                0x100089a4                tflite::MicroContextReportOpError(TfLiteContext*, char const*, ...)
 .text._ZN6tflite36MicroContextAllocatePersistentBufferEP13TfLiteContextj
                0x100089bc        0xc libpico-tflmicro-lib.a(micro_interpreter.cpp.o)
                0x100089bc                tflite::MicroContextAllocatePersistentBuffer(TfLiteContext*, unsigned int)
 .text._ZN6tflite39MicroContextRequestScratchBufferInArenaEP13TfLiteContextjPi
                0x100089c8        0xc libpico-tflmicro-lib.a(micro_interpreter.cpp.o)
                0x100089c8                tflite::MicroContextRequestScratchBufferInArena(TfLiteContext*, unsigned int, int*)
 .text._ZN6tflite28MicroContextGetScratchBufferEP13TfLiteContexti
                0x100089d4        0xc libpico-tflmicro-lib.a(micro_interpreter.cpp.o)
                0x100089d4                tflite::MicroContextGetScratchBuffer(TfLiteContext*, int)
 .text._ZN6tflite21MicroContextGetTensorEPK13TfLiteContexti
                0x100089e0        0xc libpico-tflmicro-lib.a(micro_interpreter.cpp.o)
                0x100089e0                tflite::MicroContextGetTensor(TfLiteContext const*, int)
 .text._ZN6tflite25MicroContextGetEvalTensorEPK13TfLiteContexti
                0x100089ec        0xc libpico-tflmicro-lib.a(micro_interpreter.cpp.o)
                0x100089ec                tflite::MicroContextGetEvalTensor(TfLiteContext const*, int)
 .text._ZN6tflite23MicroInterpreterContext16external_contextEv
                0x100089f8        0x4 libpico-tflmicro-lib.a(micro_interpreter.cpp.o)
                0x100089f8                tflite::MicroInterpreterContext::external_context()
 .text._ZN6tflite30MicroContextGetExternalContextEP13TfLiteContext25TfLiteExternalContextType
                0x100089fc       0x1c libpico-tflmicro-lib.a(micro_interpreter.cpp.o)
                0x100089fc                tflite::MicroContextGetExternalContext(TfLiteContext*, TfLiteExternalContextType)
 .text._ZN6tflite16MicroInterpreterC2EPKNS_5ModelERKNS_15MicroOpResolverEPhjPNS_22MicroResourceVariablesEPNS_22MicroProfilerInterfaceEb
                0x10008a18       0xc0 libpico-tflmicro-lib.a(micro_interpreter.cpp.o)
                0x10008a18                tflite::MicroInterpreter::MicroInterpreter(tflite::Model const*, tflite::MicroOpResolver const&, unsigned char*, unsigned int, tflite::MicroResourceVariables*, tflite::MicroProfilerInterface*, bool)
                0x10008a18                tflite::MicroInterpreter::MicroInterpreter(tflite::Model const*, tflite::MicroOpResolver const&, unsigned char*, unsigned int, tflite::MicroResourceVariables*, tflite::MicroProfilerInterface*, bool)
 .text._ZN6tflite16MicroInterpreter5inputEj
                0x10008ad8       0x60 libpico-tflmicro-lib.a(micro_interpreter.cpp.o)
                0x10008ad8                tflite::MicroInterpreter::input(unsigned int)
 .text._ZN6tflite16MicroInterpreter6outputEj
                0x10008b38       0x60 libpico-tflmicro-lib.a(micro_interpreter.cpp.o)
                0x10008b38                tflite::MicroInterpreter::output(unsigned int)
 .text._ZN6tflite16MicroInterpreterD2Ev
                0x10008b98       0x28 libpico-tflmicro-lib.a(micro_interpreter.cpp.o)
                0x10008b98                tflite::MicroInterpreter::~MicroInterpreter()
                0x10008b98                tflite::MicroInterpreter::~MicroInterpreter()
 .text._ZN6tflite16MicroInterpreter44PrepareNodeAndRegistrationDataFromFlatbufferEv
                0x10008bc0      0x2dc libpico-tflmicro-lib.a(micro_interpreter.cpp.o)
                0x10008bc0                tflite::MicroInterpreter::PrepareNodeAndRegistrationDataFromFlatbuffer()
 .text._ZN6tflite16MicroInterpreter15AllocateTensorsEv
                0x10008e9c      0x320 libpico-tflmicro-lib.a(micro_interpreter.cpp.o)
                0x10008e9c                tflite::MicroInterpreter::AllocateTensors()
 .text._ZN6tflite16MicroInterpreter6InvokeEv
                0x100091bc       0x38 libpico-tflmicro-lib.a(micro_interpreter.cpp.o)
                0x100091bc                tflite::MicroInterpreter::Invoke()
 .text._ZN6tflite23MicroInterpreterContext5graphEv
                0x100091f4        0x4 libpico-tflmicro-lib.a(micro_interpreter_context.cpp.o)
                0x100091f4                tflite::MicroInterpreterContext::graph()
 .text._ZN6tflite23MicroInterpreterContextD0Ev
                0x100091f8        0x4 libpico-tflmicro-lib.a(micro_interpreter_context.cpp.o)
                0x100091f8                tflite::MicroInterpreterContext::~MicroInterpreterContext()
                0x100091f8                tflite::MicroInterpreterContext::~MicroInterpreterContext()
                0x100091f8                tflite::MicroInterpreterContext::~MicroInterpreterContext()
 .text._ZN6tflite23MicroInterpreterContext24AllocatePersistentBufferEj
                0x100091fc        0xc libpico-tflmicro-lib.a(micro_interpreter_context.cpp.o)
                0x100091fc                tflite::MicroInterpreterContext::AllocatePersistentBuffer(unsigned int)
 .text._ZN6tflite23MicroInterpreterContext16GetScratchBufferEi
                0x10009208        0x8 libpico-tflmicro-lib.a(micro_interpreter_context.cpp.o)
                0x10009208                tflite::MicroInterpreterContext::GetScratchBuffer(int)
 .text._ZN6tflite23MicroInterpreterContext24AllocateTempTfLiteTensorEi
                0x10009210       0x20 libpico-tflmicro-lib.a(micro_interpreter_context.cpp.o)
                0x10009210                tflite::MicroInterpreterContext::AllocateTempTfLiteTensor(int)
 .text._ZN6tflite23MicroInterpreterContext26DeallocateTempTfLiteTensorEP12TfLiteTensor
                0x10009230        0xc libpico-tflmicro-lib.a(micro_interpreter_context.cpp.o)
                0x10009230                tflite::MicroInterpreterContext::DeallocateTempTfLiteTensor(TfLiteTensor*)
 .text._ZN6tflite23MicroInterpreterContext18AllocateTempBufferEjj
                0x1000923c        0xc libpico-tflmicro-lib.a(micro_interpreter_context.cpp.o)
                0x1000923c                tflite::MicroInterpreterContext::AllocateTempBuffer(unsigned int, unsigned int)
 .text._ZN6tflite23MicroInterpreterContext20DeallocateTempBufferEPh
                0x10009248        0xc libpico-tflmicro-lib.a(micro_interpreter_context.cpp.o)
                0x10009248                tflite::MicroInterpreterContext::DeallocateTempBuffer(unsigned char*)
 .text._ZN6tflite23MicroInterpreterContext13GetEvalTensorEi
                0x10009254       0x18 libpico-tflmicro-lib.a(micro_interpreter_context.cpp.o)
                0x10009254                tflite::MicroInterpreterContext::GetEvalTensor(int)
 .text._ZN6tflite23MicroInterpreterContext27RequestScratchBufferInArenaEjPi
                0x1000926c       0x10 libpico-tflmicro-lib.a(micro_interpreter_context.cpp.o)
                0x1000926c                tflite::MicroInterpreterContext::RequestScratchBufferInArena(unsigned int, int*)
 .text._ZN6tflite23MicroInterpreterContext20set_external_contextEPv
                0x1000927c       0x24 libpico-tflmicro-lib.a(micro_interpreter_context.cpp.o)
                0x1000927c                tflite::MicroInterpreterContext::set_external_context(void*)
 .text._ZN6tflite23MicroInterpreterContextC2EPNS_14MicroAllocatorEPKNS_5ModelEPNS_21MicroInterpreterGraphE
                0x100092a0       0x1c libpico-tflmicro-lib.a(micro_interpreter_context.cpp.o)
                0x100092a0                tflite::MicroInterpreterContext::MicroInterpreterContext(tflite::MicroAllocator*, tflite::Model const*, tflite::MicroInterpreterGraph*)
                0x100092a0                tflite::MicroInterpreterContext::MicroInterpreterContext(tflite::MicroAllocator*, tflite::Model const*, tflite::MicroInterpreterGraph*)
 .text._ZN6tflite23MicroInterpreterContext23SetScratchBufferHandlesEPNS_19ScratchBufferHandleE
                0x100092bc        0x4 libpico-tflmicro-lib.a(micro_interpreter_context.cpp.o)
                0x100092bc                tflite::MicroInterpreterContext::SetScratchBufferHandles(tflite::ScratchBufferHandle*)
 .text._ZN6tflite23MicroInterpreterContext19SetInterpreterStateENS0_16InterpreterStateE
                0x100092c0        0x4 libpico-tflmicro-lib.a(micro_interpreter_context.cpp.o)
                0x100092c0                tflite::MicroInterpreterContext::SetInterpreterState(tflite::MicroInterpreterContext::InterpreterState)
 .text._ZN6tflite21MicroInterpreterGraph20GetResourceVariablesEv
                0x100092c4        0x4 libpico-tflmicro-lib.a(micro_interpreter_graph.cpp.o)
                0x100092c4                tflite::MicroInterpreterGraph::GetResourceVariables()
 .text._ZN6tflite21MicroInterpreterGraphD0Ev
                0x100092c8        0x4 libpico-tflmicro-lib.a(micro_interpreter_graph.cpp.o)
                0x100092c8                tflite::MicroInterpreterGraph::~MicroInterpreterGraph()
                0x100092c8                tflite::MicroInterpreterGraph::~MicroInterpreterGraph()
                0x100092c8                tflite::MicroInterpreterGraph::~MicroInterpreterGraph()
 .text._ZN6tflite21MicroInterpreterGraph12NumSubgraphsEv
                0x100092cc       0x20 libpico-tflmicro-lib.a(micro_interpreter_graph.cpp.o)
                0x100092cc                tflite::MicroInterpreterGraph::NumSubgraphs()
 .text._ZN6tflite21MicroInterpreterGraph17NumSubgraphInputsEi
                0x100092ec       0x44 libpico-tflmicro-lib.a(micro_interpreter_graph.cpp.o)
                0x100092ec                tflite::MicroInterpreterGraph::NumSubgraphInputs(int)
 .text._ZN6tflite21MicroInterpreterGraph16GetSubgraphInputEii
                0x10009330       0x58 libpico-tflmicro-lib.a(micro_interpreter_graph.cpp.o)
                0x10009330                tflite::MicroInterpreterGraph::GetSubgraphInput(int, int)
 .text._ZN6tflite21MicroInterpreterGraph18NumSubgraphOutputsEi
                0x10009388       0x44 libpico-tflmicro-lib.a(micro_interpreter_graph.cpp.o)
                0x10009388                tflite::MicroInterpreterGraph::NumSubgraphOutputs(int)
 .text._ZN6tflite21MicroInterpreterGraph17GetSubgraphOutputEii
                0x100093cc       0x58 libpico-tflmicro-lib.a(micro_interpreter_graph.cpp.o)
                0x100093cc                tflite::MicroInterpreterGraph::GetSubgraphOutput(int, int)
 .text._ZN6tflite21MicroInterpreterGraph13InitSubgraphsEv
                0x10009424       0x84 libpico-tflmicro-lib.a(micro_interpreter_graph.cpp.o)
                0x10009424                tflite::MicroInterpreterGraph::InitSubgraphs()
 .text._ZN6tflite21MicroInterpreterGraph14ResetSubgraphsEv
                0x100094a8       0x6c libpico-tflmicro-lib.a(micro_interpreter_graph.cpp.o)
                0x100094a8                tflite::MicroInterpreterGraph::ResetSubgraphs()
 .text._ZN6tflite21MicroInterpreterGraph13FreeSubgraphsEv
                0x10009514       0x6c libpico-tflmicro-lib.a(micro_interpreter_graph.cpp.o)
                0x10009514                tflite::MicroInterpreterGraph::FreeSubgraphs()
 .text._ZN6tflite21MicroInterpreterGraph14InvokeSubgraphEi
                0x10009580      0x118 libpico-tflmicro-lib.a(micro_interpreter_graph.cpp.o)
                0x10009580                tflite::MicroInterpreterGraph::InvokeSubgraph(int)
 .text._ZN6tflite21MicroInterpreterGraph16PrepareSubgraphsEv
                0x10009698       0xb4 libpico-tflmicro-lib.a(micro_interpreter_graph.cpp.o)
                0x10009698                tflite::MicroInterpreterGraph::PrepareSubgraphs()
 .text._ZN6tflite21MicroInterpreterGraph20ResetVariableTensorsEv
                0x1000974c      0x124 libpico-tflmicro-lib.a(micro_interpreter_graph.cpp.o)
                0x1000974c                tflite::MicroInterpreterGraph::ResetVariableTensors()
 .text._ZN6tflite21MicroInterpreterGraphC2EP13TfLiteContextPKNS_5ModelEPNS_14MicroAllocatorEPNS_22MicroResourceVariablesE
                0x10009870       0x3c libpico-tflmicro-lib.a(micro_interpreter_graph.cpp.o)
                0x10009870                tflite::MicroInterpreterGraph::MicroInterpreterGraph(TfLiteContext*, tflite::Model const*, tflite::MicroAllocator*, tflite::MicroResourceVariables*)
                0x10009870                tflite::MicroInterpreterGraph::MicroInterpreterGraph(TfLiteContext*, tflite::Model const*, tflite::MicroAllocator*, tflite::MicroResourceVariables*)
 .text._ZN6tflite21MicroInterpreterGraph22SetSubgraphAllocationsEPNS_19SubgraphAllocationsE
                0x100098ac        0x4 libpico-tflmicro-lib.a(micro_interpreter_graph.cpp.o)
                0x100098ac                tflite::MicroInterpreterGraph::SetSubgraphAllocations(tflite::SubgraphAllocations*)
 .text._ZN12_GLOBAL__N_19VDebugLogEPKcz.constprop.0
                0x100098b0       0x1c libpico-tflmicro-lib.a(micro_log.cpp.o)
 .text._Z12VMicroPrintfPKcSt9__va_list
                0x100098cc       0x14 libpico-tflmicro-lib.a(micro_log.cpp.o)
                0x100098cc                VMicroPrintf(char const*, std::__va_list)
 .text._Z11MicroPrintfPKcz
                0x100098e0       0x24 libpico-tflmicro-lib.a(micro_log.cpp.o)
                0x100098e0                MicroPrintf(char const*, ...)
 .text._ZN6tflite25GetRegistrationFromOpCodeEPKNS_12OperatorCodeERKNS_15MicroOpResolverEPPK16TFLMRegistration
                0x10009904       0x9c libpico-tflmicro-lib.a(micro_op_resolver.cpp.o)
                0x10009904                tflite::GetRegistrationFromOpCode(tflite::OperatorCode const*, tflite::MicroOpResolver const&, TFLMRegistration const**)
 .text._ZN6tflite22MicroResourceVariables8ResetAllEv
                0x100099a0       0x2c libpico-tflmicro-lib.a(micro_resource_variable.cpp.o)
                0x100099a0                tflite::MicroResourceVariables::ResetAll()
 .text._ZN6tflite16InitializeTargetEv
                0x100099cc        0x8 libpico-tflmicro-lib.a(system_setup.cpp.o)
                0x100099cc                tflite::InitializeTarget()
 .text.DebugLog
                0x100099d4       0x18 libpico-tflmicro-lib.a(system_setup.cpp.o)
                0x100099d4                DebugLog
 .text._ZN6tflite17ConvertTensorTypeENS_10TensorTypeEP10TfLiteType
                0x100099ec       0x18 libpico-tflmicro-lib.a(flatbuffer_conversions_bridge.cpp.o)
                0x100099ec                tflite::ConvertTensorType(tflite::TensorType, TfLiteType*)
 .text._ZN6tflite24CallBuiltinParseFunctionEPF12TfLiteStatusPKNS_8OperatorEPNS_13ErrorReporterEPNS_20BuiltinDataAllocatorEPPvES3_S7_S9_
                0x10009a04       0x1c libpico-tflmicro-lib.a(flatbuffer_conversions_bridge.cpp.o)
                0x10009a04                tflite::CallBuiltinParseFunction(TfLiteStatus (*)(tflite::Operator const*, tflite::ErrorReporter*, tflite::BuiltinDataAllocator*, void**), tflite::Operator const*, tflite::BuiltinDataAllocator*, void**)
 .text._ZN6tflite18MicroErrorReporterD0Ev
                0x10009a20        0x4 libpico-tflmicro-lib.a(micro_error_reporter.cpp.o)
                0x10009a20                tflite::MicroErrorReporter::~MicroErrorReporter()
                0x10009a20                tflite::MicroErrorReporter::~MicroErrorReporter()
                0x10009a20                tflite::MicroErrorReporter::~MicroErrorReporter()
 .text._ZN6tflite18MicroErrorReporter6ReportEPKcSt9__va_list
                0x10009a24       0x10 libpico-tflmicro-lib.a(micro_error_reporter.cpp.o)
                0x10009a24                tflite::MicroErrorReporter::Report(char const*, std::__va_list)
 .text._ZN6tflite21GetMicroErrorReporterEv
                0x10009a34       0x20 libpico-tflmicro-lib.a(micro_error_reporter.cpp.o)
                0x10009a34                tflite::GetMicroErrorReporter()
 .text._ZN6tflite14GetBuiltinCodeEPKNS_12OperatorCodeE
                0x10009a54       0x3c libpico-tflmicro-lib.a(schema_utils.cpp.o)
                0x10009a54                tflite::GetBuiltinCode(tflite::OperatorCode const*)
 .text.arm_convolve_1x1_s8_fast
                0x10009a90       0x68 libpico-tflmicro-lib.a(arm_convolve_1x1_s8_fast.c.o)
                0x10009a90                arm_convolve_1x1_s8_fast
 .text.arm_convolve_1x1_s8_fast_get_buffer_size
                0x10009af8        0x4 libpico-tflmicro-lib.a(arm_convolve_get_buffer_sizes_s8.c.o)
                0x10009af8                arm_convolve_1x1_s8_fast_get_buffer_size
 .text.arm_fully_connected_s16_get_buffer_size
                0x10009afc        0x4 libpico-tflmicro-lib.a(arm_fully_connected_get_buffer_sizes_s16.c.o)
                0x10009afc                arm_fully_connected_s16_get_buffer_size
 .text.arm_fully_connected_s8_get_buffer_size
                0x10009b00        0x4 libpico-tflmicro-lib.a(arm_fully_connected_get_buffer_sizes_s8.c.o)
                0x10009b00                arm_fully_connected_s8_get_buffer_size
 .text.arm_fully_connected_s16
                0x10009b04       0x9c libpico-tflmicro-lib.a(arm_fully_connected_s16.c.o)
                0x10009b04                arm_fully_connected_s16
 .text.arm_fully_connected_s4
                0x10009ba0       0x88 libpico-tflmicro-lib.a(arm_fully_connected_s4.c.o)
                0x10009ba0                arm_fully_connected_s4
 .text.arm_fully_connected_s8
                0x10009c28       0x90 libpico-tflmicro-lib.a(arm_fully_connected_s8.c.o)
                0x10009c28                arm_fully_connected_s8
 .text.arm_vector_sum_s8
                0x10009cb8       0x5c libpico-tflmicro-lib.a(arm_vector_sum_s8.c.o)
                0x10009cb8                arm_vector_sum_s8
 .text.mat_mul_task
                0x10009d14      0x48c libpico-tflmicro-lib.a(arm_nn_mat_mult_nt_t_s8.c.o)
 .text.core1_mat_mul_worker
                0x1000a1a0       0x14 libpico-tflmicro-lib.a(arm_nn_mat_mult_nt_t_s8.c.o)
 .text.arm_nn_mat_mult_nt_t_s8
                0x1000a1b4      0x1d8 libpico-tflmicro-lib.a(arm_nn_mat_mult_nt_t_s8.c.o)
                0x1000a1b4                arm_nn_mat_mult_nt_t_s8
 .text.arm_nn_vec_mat_mult_t_s16
                0x1000a38c      0x1ac libpico-tflmicro-lib.a(arm_nn_vec_mat_mult_t_s16.c.o)
                0x1000a38c                arm_nn_vec_mat_mult_t_s16
 .text.arm_nn_vec_mat_mult_t_s4
                0x1000a538      0x508 libpico-tflmicro-lib.a(arm_nn_vec_mat_mult_t_s4.c.o)
                0x1000a538                arm_nn_vec_mat_mult_t_s4
 .text.arm_nn_vec_mat_mult_t_s8
                0x1000aa40      0x654 libpico-tflmicro-lib.a(arm_nn_vec_mat_mult_t_s8.c.o)
                0x1000aa40                arm_nn_vec_mat_mult_t_s8
 .text._ZN6tflite13ErrorReporter6ReportEPKcz
                0x1000b094       0x1c libpico-tflmicro-lib.a(error_reporter.cpp.o)
                0x1000b094                tflite::ErrorReporter::Report(char const*, ...)
 .text.TfLiteIntArrayGetSizeInBytes
                0x1000b0b0        0x8 libpico-tflmicro-lib.a(common.cpp.o)
                0x1000b0b0                TfLiteIntArrayGetSizeInBytes
 .text.TfLiteTypeGetName
                0x1000b0b8       0x18 libpico-tflmicro-lib.a(common.cpp.o)
                0x1000b0b8                TfLiteTypeGetName
 .text._ZN6tflite18QuantizeMultiplierEdPlPi
                0x1000b0d0       0x74 libpico-tflmicro-lib.a(quantization_util.cpp.o)
                0x1000b0d0                tflite::QuantizeMultiplier(double, long*, int*)
 .text._ZN6tflite14GetTensorShapeEPK12TfLiteTensor
                0x1000b144       0x1c libpico-tflmicro-lib.a(tensor_ctypes.cpp.o)
                0x1000b144                tflite::GetTensorShape(TfLiteTensor const*)
 .text._ZN6tflite32GetQuantizedConvolutionMultiplerEP13TfLiteContextPK12TfLiteTensorS4_S4_PS2_Pd
                0x1000b160       0xfc libpico-tflmicro-lib.a(kernel_util.cpp.o)
                0x1000b160                tflite::GetQuantizedConvolutionMultipler(TfLiteContext*, TfLiteTensor const*, TfLiteTensor const*, TfLiteTensor const*, TfLiteTensor*, double*)
 .text._ZN6tflite33CalculateActivationRangeQuantizedEP13TfLiteContext21TfLiteFusedActivationP12TfLiteTensorPlS5_
                0x1000b25c      0x1d0 libpico-tflmicro-lib.a(kernel_util.cpp.o)
                0x1000b25c                tflite::CalculateActivationRangeQuantized(TfLiteContext*, TfLiteFusedActivation, TfLiteTensor*, long*, long*)
 .text._ZN6tflite20NumSubgraphOperatorsEPKNS_8SubGraphE
                0x1000b42c       0x1c libpico-tflmicro-lib.a(flatbuffer_utils.cpp.o)
                0x1000b42c                tflite::NumSubgraphOperators(tflite::SubGraph const*)
 .text._ZN6tflite20NumSubgraphOperatorsEPKNS_5ModelEi
                0x1000b448       0x40 libpico-tflmicro-lib.a(flatbuffer_utils.cpp.o)
                0x1000b448                tflite::NumSubgraphOperators(tflite::Model const*, int)
 .text._ZN6tflite33FlatBufferVectorToTfLiteTypeArrayEPKN11flatbuffers6VectorIlmEE
                0x1000b488        0x4 libpico-tflmicro-lib.a(flatbuffer_utils.cpp.o)
                0x1000b488                tflite::FlatBufferVectorToTfLiteTypeArray(flatbuffers::Vector<long, unsigned long> const*)
 .text._ZN6tflite33FlatBufferVectorToTfLiteTypeArrayEPKN11flatbuffers6VectorIfmEE
                0x1000b48c        0x4 libpico-tflmicro-lib.a(flatbuffer_utils.cpp.o)
                0x1000b48c                tflite::FlatBufferVectorToTfLiteTypeArray(flatbuffers::Vector<float, unsigned long> const*)
 .text._ZN6tflite18MicroMemoryPlanner9AddBufferEiiii
                0x1000b490        0x4 libpico-tflmicro-lib.a(micro_allocator.cpp.o)
                0x1000b490                tflite::MicroMemoryPlanner::AddBuffer(int, int, int, int)
 .text._ZN6tflite18MicroMemoryPlanner4InitEPhi
                0x1000b494        0x4 libpico-tflmicro-lib.a(micro_allocator.cpp.o)
                0x1000b494                tflite::MicroMemoryPlanner::Init(unsigned char*, int)
 .text._ZN6tflite12_GLOBAL__N_125MicroBuiltinDataAllocator8AllocateEjj
                0x1000b498        0xc libpico-tflmicro-lib.a(micro_allocator.cpp.o)
 .text._ZN6tflite12_GLOBAL__N_125MicroBuiltinDataAllocator10DeallocateEPv
                0x1000b4a4        0x4 libpico-tflmicro-lib.a(micro_allocator.cpp.o)
 .text._ZN6tflite14MicroAllocatorD0Ev
                0x1000b4a8        0x4 libpico-tflmicro-lib.a(micro_allocator.cpp.o)
                0x1000b4a8                tflite::MicroAllocator::~MicroAllocator()
                0x1000b4a8                tflite::MicroAllocator::~MicroAllocator()
                0x1000b4a8                tflite::MicroAllocator::~MicroAllocator()
 .text._ZN6tflite14MicroAllocator24AllocatePersistentBufferEj
                0x1000b4ac       0x10 libpico-tflmicro-lib.a(micro_allocator.cpp.o)