Archive member included to satisfy reference by file (symbol)

libpico-tflmicro-lib.a(flatbuffer_conversions.cpp.o)
                              CMakeFiles/main.dir/main.cpp.o (tflite::ParseFullyConnected(tflite::Operator const*, tflite::ErrorReporter*, tflite::BuiltinDataAllocator*, void**))
libpico-tflmicro-lib.a(fully_connected.cpp.o)
                              CMakeFiles/main.dir/main.cpp.o (tflite::Register_FULLY_CONNECTED())
libpico-tflmicro-lib.a(fully_connected_common.cpp.o)
                              libpico-tflmicro-lib.a(fully_connected.cpp.o) (tflite::FullyConnectedParamsFloat(TfLiteFusedActivation))
libpico-tflmicro-lib.a(kernel_util.cpp.o)
                              libpico-tflmicro-lib.a(fully_connected.cpp.o) (tflite::micro::RegisterOp(void* (*)(TfLiteContext*, char const*, unsigned int), TfLiteStatus (*)(TfLiteContext*, TfLiteNode*), TfLiteStatus (*)(TfLiteContext*, TfLiteNode*), void (*)(TfLiteContext*, void*), void (*)(TfLiteContext*, void*)))
libpico-tflmicro-lib.a(memory_helpers.cpp.o)
                              libpico-tflmicro-lib.a(kernel_util.cpp.o) (tflite::TfLiteEvalTensorByteLength(TfLiteEvalTensor const*, unsigned int*))
libpico-tflmicro-lib.a(micro_context.cpp.o)
                              libpico-tflmicro-lib.a(fully_connected.cpp.o) (tflite::MicroContext::AllocateTempInputTensor(TfLiteNode const*, int))
libpico-tflmicro-lib.a(micro_interpreter.cpp.o)
                              CMakeFiles/main.dir/main.cpp.o (tflite::MicroInterpreter::MicroInterpreter(tflite::Model const*, tflite::MicroOpResolver const&, unsigned char*, unsigned int, tflite::MicroResourceVariables*, tflite::MicroProfilerInterface*, bool))
libpico-tflmicro-lib.a(micro_interpreter_context.cpp.o)
                              libpico-tflmicro-lib.a(micro_interpreter.cpp.o) (tflite::MicroInterpreterContext::~MicroInterpreterContext())
libpico-tflmicro-lib.a(micro_interpreter_graph.cpp.o)
                              libpico-tflmicro-lib.a(micro_interpreter.cpp.o) (tflite::MicroInterpreterGraph::~MicroInterpreterGraph())
libpico-tflmicro-lib.a(micro_log.cpp.o)
                              libpico-tflmicro-lib.a(micro_context.cpp.o) (VMicroPrintf(char const*, std::__va_list))
libpico-tflmicro-lib.a(micro_op_resolver.cpp.o)
                              libpico-tflmicro-lib.a(micro_interpreter.cpp.o) (tflite::GetRegistrationFromOpCode(tflite::OperatorCode const*, tflite::MicroOpResolver const&, TFLMRegistration const**))
libpico-tflmicro-lib.a(micro_resource_variable.cpp.o)
                              libpico-tflmicro-lib.a(micro_interpreter_graph.cpp.o) (tflite::MicroResourceVariables::ResetAll())
libpico-tflmicro-lib.a(micro_utils.cpp.o)
                              libpico-tflmicro-lib.a(micro_resource_variable.cpp.o) (tflite::EvalTensorBytes(TfLiteEvalTensor const*))
libpico-tflmicro-lib.a(system_setup.cpp.o)
                              CMakeFiles/main.dir/main.cpp.o (tflite::InitializeTarget())
libpico-tflmicro-lib.a(flatbuffer_conversions_bridge.cpp.o)
                              libpico-tflmicro-lib.a(memory_helpers.cpp.o) (tflite::ConvertTensorType(tflite::TensorType, TfLiteType*))
libpico-tflmicro-lib.a(micro_error_reporter.cpp.o)
                              libpico-tflmicro-lib.a(flatbuffer_conversions_bridge.cpp.o) (tflite::GetMicroErrorReporter())
libpico-tflmicro-lib.a(schema_utils.cpp.o)
                              libpico-tflmicro-lib.a(micro_interpreter.cpp.o) (tflite::GetBuiltinCode(tflite::OperatorCode const*))
libpico-tflmicro-lib.a(arm_convolve_1x1_s8_fast.c.o)
                              libpico-tflmicro-lib.a(fully_connected.cpp.o) (arm_convolve_1x1_s8_fast)
libpico-tflmicro-lib.a(arm_convolve_get_buffer_sizes_s8.c.o)
                              libpico-tflmicro-lib.a(fully_connected.cpp.o) (arm_convolve_1x1_s8_fast_get_buffer_size)
libpico-tflmicro-lib.a(arm_fully_connected_get_buffer_sizes_s16.c.o)
                              libpico-tflmicro-lib.a(fully_connected.cpp.o) (arm_fully_connected_s16_get_buffer_size)
libpico-tflmicro-lib.a(arm_fully_connected_get_buffer_sizes_s8.c.o)
                              libpico-tflmicro-lib.a(fully_connected.cpp.o) (arm_fully_connected_s8_get_buffer_size)
libpico-tflmicro-lib.a(arm_fully_connected_s16.c.o)
                              libpico-tflmicro-lib.a(fully_connected.cpp.o) (arm_fully_connected_s16)
libpico-tflmicro-lib.a(arm_fully_connected_s4.c.o)
                              libpico-tflmicro-lib.a(fully_connected.cpp.o) (arm_fully_connected_s4)
libpico-tflmicro-lib.a(arm_fully_connected_s8.c.o)
                              libpico-tflmicro-lib.a(fully_connected.cpp.o) (arm_fully_connected_s8)
libpico-tflmicro-lib.a(arm_vector_sum_s8.c.o)
                              libpico-tflmicro-lib.a(fully_connected.cpp.o) (arm_vector_sum_s8)
libpico-tflmicro-lib.a(arm_nn_mat_mult_nt_t_s8.c.o)
                              libpico-tflmicro-lib.a(arm_convolve_1x1_s8_fast.c.o) (arm_nn_mat_mult_nt_t_s8)
[...]
Memory Configuration

Name             Origin             Length             Attributes
FLASH            0x10000000         0x00200000         xr
RAM              0x20000000         0x00040000         xrw
SCRATCH_X        0x20040000         0x00001000         xrw
SCRATCH_Y        0x20041000         0x00001000         xrw
*default*        0x00000000         0xffffffff

Linker script and memory map

LOAD /home/szymon-gogulski/.pico-sdk/toolchain/13_3_Rel1/bin/../lib/gcc/arm-none-eabi/13.3.1/thumb/v6-m/nofp/crti.o
LOAD /home/szymon-gogulski/.pico-sdk/toolchain/13_3_Rel1/bin/../lib/gcc/arm-none-eabi/13.3.1/thumb/v6-m/nofp/crtbegin.o
LOAD /home/szymon-gogulski/.pico-sdk/toolchain/13_3_Rel1/bin/../lib/gcc/arm-none-eabi/13.3.1/../../../../arm-none-eabi/lib/thumb/v6-m/nofp/crt0.o

.flash_begin    0x10000000        0x0
                0x10000000                        __flash_binary_start = .

.boot2          0x10000000      0x100
                0x10000000                        __boot2_start__ = .
 *(.boot2)
 .boot2         0x10000000      0x100 pico-sdk/src/rp2040/boot_stage2/CMakeFiles/bs2_default_library.dir/bs2_default_padded_checksummed.S.o
                0x10000100                        __boot2_end__ = .
                0x00000001                        ASSERT (((__boot2_end__ - __boot2_start__) == 0x100), ERROR: Pico second stage bootloader must be 256 bytes in size)

.text           0x10000100    0x1bb8c
                0x10000100                        __logical_binary_start = .
 *(.vectors)
 .vectors       0x10000100       0xd4 CMakeFiles/main.dir/home/szymon-gogulski/pico/pico-sdk/src/rp2_common/pico_crt0/crt0.S.o
                0x10000100                __vectors
                0x10000100                __VECTOR_TABLE
                0x100001c0                isr_invalid
                0x100001c0                __default_isrs_start
                0x100001c2                isr_nmi
                0x100001c4                isr_hardfault
                0x100001c6                isr_svcall
                0x100001c8                isr_pendsv
                0x100001ca                isr_systick
                0x100001cc                isr_irq30
                0x100001cc                __unhandled_user_irq
                0x100001cc                isr_irq13
                0x100001cc                isr_irq27
                0x100001cc                isr_irq31
                0x100001cc                isr_irq5
                0x100001cc                isr_irq11
                0x100001cc                isr_irq23
                0x100001cc                isr_irq18
                0x100001cc                isr_irq28
                0x100001cc                isr_irq19
                0x100001cc                isr_irq0
                0x100001cc                isr_irq6
                0x100001cc                isr_irq22
                0x100001cc                isr_irq17
                0x100001cc                isr_irq14
                0x100001cc                isr_irq2
                0x100001cc                isr_irq10
                0x100001cc                isr_irq8
                0x100001cc                isr_irq24
                0x100001cc                isr_irq1
                0x100001cc                isr_irq7
                0x100001cc                isr_irq21
                0x100001cc                isr_irq20
                0x100001cc                isr_irq15
                0x100001cc                isr_irq25
                0x100001cc                isr_irq4
                0x100001cc                isr_irq16
                0x100001cc                isr_irq29
                0x100001cc                isr_irq26
                0x100001cc                __default_isrs_end
                0x100001cc                isr_irq3
                0x100001cc                isr_irq12
                0x100001cc                isr_irq9
                0x100001d2                unhandled_user_irq_num_in_r0
 *(.binary_info_header)
 .binary_info_header
                0x100001d4       0x14 CMakeFiles/main.dir/home/szymon-gogulski/pico/pico-sdk/src/rp2_common/pico_crt0/crt0.S.o
                0x100001e8                        __binary_info_header_end = .
 *(.embedded_block)
                0x100001e8                        __embedded_block_end = .
 *(.reset)
 .reset         0x100001e8       0x9c CMakeFiles/main.dir/home/szymon-gogulski/pico/pico-sdk/src/rp2_common/pico_crt0/crt0.S.o
                0x100001e8                _entry_point
 *(.init)
 .init          0x10000284        0x4 /home/szymon-gogulski/.pico-sdk/toolchain/13_3_Rel1/bin/../lib/gcc/arm-none-eabi/13.3.1/thumb/v6-m/nofp/crti.o
                0x10000284                _init
 *(EXCLUDE_FILE(*libm.a: *libc.a:*lib_a-mem*.o *libgcc.a:) .text*)
 .text.register_tm_clones
                0x10000288       0x28 /home/szymon-gogulski/.pico-sdk/toolchain/13_3_Rel1/bin/../lib/gcc/arm-none-eabi/13.3.1/thumb/v6-m/nofp/crtbegin.o
 .text.frame_dummy
                0x100002b0       0x24 /home/szymon-gogulski/.pico-sdk/toolchain/13_3_Rel1/bin/../lib/gcc/arm-none-eabi/13.3.1/thumb/v6-m/nofp/crtbegin.o
 .text._ZN6tflite22MicroMutableOpResolverILj1EED0Ev
                0x100002d4        0x4 CMakeFiles/main.dir/main.cpp.o
                0x100002d4                tflite::MicroMutableOpResolver<1u>::~MicroMutableOpResolver()
                0x100002d4                tflite::MicroMutableOpResolver<1u>::~MicroMutableOpResolver()
                0x100002d4                tflite::MicroMutableOpResolver<1u>::~MicroMutableOpResolver()
 .text.__tcf_0  0x100002d8        0x4 CMakeFiles/main.dir/main.cpp.o
 .text._ZNK6tflite22MicroMutableOpResolverILj1EE6FindOpENS_15BuiltinOperatorE
                0x100002dc       0x20 CMakeFiles/main.dir/main.cpp.o
                0x100002dc                tflite::MicroMutableOpResolver<1u>::FindOp(tflite::BuiltinOperator) const
 .text._ZNK6tflite22MicroMutableOpResolverILj1EE15GetOpDataParserENS_15BuiltinOperatorE
                0x100002fc       0x18 CMakeFiles/main.dir/main.cpp.o
                0x100002fc                tflite::MicroMutableOpResolver<1u>::GetOpDataParser(tflite::BuiltinOperator) const
 .text.__tcf_1  0x10000314       0x10 CMakeFiles/main.dir/main.cpp.o
 .text._ZNK6tflite22MicroMutableOpResolverILj1EE6FindOpEPKc
                0x10000324       0x28 CMakeFiles/main.dir/main.cpp.o
                0x10000324                tflite::MicroMutableOpResolver<1u>::FindOp(char const*) const
 .text._Z5setupv
                0x1000034c       0x84 CMakeFiles/main.dir/main.cpp.o
                0x1000034c                setup()
 .text.startup.main
                0x100003d0      0x368 CMakeFiles/main.dir/main.cpp.o
                0x100003d0                main
 .text.gpio_set_function
                0x10000738       0x34 CMakeFiles/main.dir/home/szymon-gogulski/pico/pico-sdk/src/rp2_common/hardware_gpio/gpio.c.o
                0x10000738                gpio_set_function
 .text.gpio_set_pulls
                0x1000076c       0x28 CMakeFiles/main.dir/home/szymon-gogulski/pico/pico-sdk/src/rp2_common/hardware_gpio/gpio.c.o
                0x1000076c                gpio_set_pulls
 .text.gpio_set_input_enabled
                0x10000794       0x28 CMakeFiles/main.dir/home/szymon-gogulski/pico/pico-sdk/src/rp2_common/hardware_gpio/gpio.c.o
                0x10000794                gpio_set_input_enabled
 .text.gpio_init
                0x100007bc       0x40 CMakeFiles/main.dir/home/szymon-gogulski/pico/pico-sdk/src/rp2_common/hardware_gpio/gpio.c.o
                0x100007bc                gpio_init
 .text.rp2040_chip_version
                0x100007fc        0xc CMakeFiles/main.dir/home/szymon-gogulski/pico/pico-sdk/src/rp2040/pico_platform/platform.c.o
                0x100007fc                rp2040_chip_version
 .text.panic    0x10000808       0x30 CMakeFiles/main.dir/home/szymon-gogulski/pico/pico-sdk/src/rp2_common/pico_platform_panic/panic.c.o
                0x10000808                panic
 .text.hw_claim_or_assert
                0x10000838       0x44 CMakeFiles/main.dir/home/szymon-gogulski/pico/pico-sdk/src/common/hardware_claim/claim.c.o
                0x10000838                hw_claim_or_assert
 .text.hw_claim_unused_from_range
                0x1000087c       0x9c CMakeFiles/main.dir/home/szymon-gogulski/pico/pico-sdk/src/common/hardware_claim/claim.c.o
                0x1000087c                hw_claim_unused_from_range
 .text.next_striped_spin_lock_num
                0x10000918       0x18 CMakeFiles/main.dir/home/szymon-gogulski/pico/pico-sdk/src/rp2_common/hardware_sync/sync.c.o
                0x10000918                next_striped_spin_lock_num
 .text.spin_lock_claim_unused
                0x10000930       0x24 CMakeFiles/main.dir/home/szymon-gogulski/pico/pico-sdk/src/rp2_common/hardware_sync/sync.c.o
                0x10000930                spin_lock_claim_unused
 .text.spin_locks_reset
                0x10000954       0x1c CMakeFiles/main.dir/home/szymon-gogulski/pico/pico-sdk/src/rp2_common/hardware_sync_spin_lock/sync_spin_lock.c.o
                0x10000954                spin_locks_reset
 .text.runtime_init_per_core_irq_priorities
                0x10000970       0x24 CMakeFiles/main.dir/home/szymon-gogulski/pico/pico-sdk/src/rp2_common/hardware_irq/irq.c.o
                0x10000970                runtime_init_per_core_irq_priorities
 .text.irq_set_enabled
                0x10000994       0x24 CMakeFiles/main.dir/home/szymon-gogulski/pico/pico-sdk/src/rp2_common/hardware_irq/irq.c.o
                0x10000994                irq_set_enabled
 .text.irq_is_enabled
                0x100009b8       0x18 CMakeFiles/main.dir/home/szymon-gogulski/pico/pico-sdk/src/rp2_common/hardware_irq/irq.c.o
                0x100009b8                irq_is_enabled
 .text.irq_set_pending
                0x100009d0       0x10 CMakeFiles/main.dir/home/szymon-gogulski/pico/pico-sdk/src/rp2_common/hardware_irq/irq.c.o
                0x100009d0                irq_set_pending
 .text.irq_has_shared_handler
                0x100009e0       0x2c CMakeFiles/main.dir/home/szymon-gogulski/pico/pico-sdk/src/rp2_common/hardware_irq/irq.c.o
                0x100009e0                irq_has_shared_handler
 .text.irq_set_exclusive_handler
                0x10000a0c       0x54 CMakeFiles/main.dir/home/szymon-gogulski/pico/pico-sdk/src/rp2_common/hardware_irq/irq.c.o
                0x10000a0c                irq_set_exclusive_handler
 .text.irq_add_shared_handler
                0x10000a60      0x1f4 CMakeFiles/main.dir/home/szymon-gogulski/pico/pico-sdk/src/rp2_common/hardware_irq/irq.c.o
                0x10000a60                irq_add_shared_handler
 .text.irq_remove_handler
                0x10000c54      0x1d4 CMakeFiles/main.dir/home/szymon-gogulski/pico/pico-sdk/src/rp2_common/hardware_irq/irq.c.o
                0x10000c54                irq_remove_handler
 .text.irq_add_tail_to_free_list
                0x10000e28       0xb4 CMakeFiles/main.dir/home/szymon-gogulski/pico/pico-sdk/src/rp2_common/hardware_irq/irq.c.o
                0x10000e28                irq_add_tail_to_free_list
 .text.user_irq_claim_unused
                0x10000edc       0x2c CMakeFiles/main.dir/home/szymon-gogulski/pico/pico-sdk/src/rp2_common/hardware_irq/irq.c.o
                0x10000edc                user_irq_claim_unused
 .text.lock_init
                0x10000f08       0x10 CMakeFiles/main.dir/home/szymon-gogulski/pico/pico-sdk/src/common/pico_sync/lock_core.c.o
                0x10000f08                lock_init
 .text.runtime_init_mutex
                0x10000f18       0x50 CMakeFiles/main.dir/home/szymon-gogulski/pico/pico-sdk/src/common/pico_sync/mutex.c.o
                0x10000f18                runtime_init_mutex
 .text.mutex_init
                0x10000f68       0x1c CMakeFiles/main.dir/home/szymon-gogulski/pico/pico-sdk/src/common/pico_sync/mutex.c.o
                0x10000f68                mutex_init
 .text.critical_section_init
                0x10000f84       0x1c CMakeFiles/main.dir/home/szymon-gogulski/pico/pico-sdk/src/common/pico_sync/critical_section.c.o
                0x10000f84                critical_section_init
 .text.critical_section_init_with_lock_num
                0x10000fa0       0x14 CMakeFiles/main.dir/home/szymon-gogulski/pico/pico-sdk/src/common/pico_sync/critical_section.c.o
                0x10000fa0                critical_section_init_with_lock_num
 .text.sleep_until_callback
                0x10000fb4       0x30 CMakeFiles/main.dir/home/szymon-gogulski/pico/pico-sdk/src/common/pico_time/time.c.o
 .text.alarm_pool_irq_handler
                0x10000fe4      0x2fc CMakeFiles/main.dir/home/szymon-gogulski/pico/pico-sdk/src/common/pico_time/time.c.o
 .text.runtime_init_default_alarm_pool
                0x100012e0       0xdc CMakeFiles/main.dir/home/szymon-gogulski/pico/pico-sdk/src/common/pico_time/time.c.o
                0x100012e0                runtime_init_default_alarm_pool
 .text.alarm_pool_get_default
                0x100013bc        0x8 CMakeFiles/main.dir/home/szymon-gogulski/pico/pico-sdk/src/common/pico_time/time.c.o
                0x100013bc                alarm_pool_get_default
 .text.alarm_pool_add_alarm_at
                0x100013c4       0xd4 CMakeFiles/main.dir/home/szymon-gogulski/pico/pico-sdk/src/common/pico_time/time.c.o
                0x100013c4                alarm_pool_add_alarm_at
 .text.alarm_pool_add_alarm_at_force_in_context
                0x10001498       0xb0 CMakeFiles/main.dir/home/szymon-gogulski/pico/pico-sdk/src/common/pico_time/time.c.o
                0x10001498                alarm_pool_add_alarm_at_force_in_context
 .text.alarm_pool_cancel_alarm
                0x10001548       0x74 CMakeFiles/main.dir/home/szymon-gogulski/pico/pico-sdk/src/common/pico_time/time.c.o
                0x10001548                alarm_pool_cancel_alarm
 .text.alarm_pool_core_num
                0x100015bc        0x4 CMakeFiles/main.dir/home/szymon-gogulski/pico/pico-sdk/src/common/pico_time/time.c.o
                0x100015bc                alarm_pool_core_num
 .text.sleep_until
                0x100015c0       0xd8 CMakeFiles/main.dir/home/szymon-gogulski/pico/pico-sdk/src/common/pico_time/time.c.o
                0x100015c0                sleep_until
 .text.sleep_ms
                0x10001698       0x38 CMakeFiles/main.dir/home/szymon-gogulski/pico/pico-sdk/src/common/pico_time/time.c.o
                0x10001698                sleep_ms
 .text.best_effort_wfe_or_timeout
                0x100016d0       0xe0 CMakeFiles/main.dir/home/szymon-gogulski/pico/pico-sdk/src/common/pico_time/time.c.o
                0x100016d0                best_effort_wfe_or_timeout
 .text.timer_hardware_alarm_claim
                0x100017b0       0x14 CMakeFiles/main.dir/home/szymon-gogulski/pico/pico-sdk/src/rp2_common/hardware_timer/timer.c.o
                0x100017b0                timer_hardware_alarm_claim
 .text.timer_time_us_64
                0x100017c4       0x10 CMakeFiles/main.dir/home/szymon-gogulski/pico/pico-sdk/src/rp2_common/hardware_timer/timer.c.o
                0x100017c4                timer_time_us_64
 .text.time_us_64
                0x100017d4       0x14 CMakeFiles/main.dir/home/szymon-gogulski/pico/pico-sdk/src/rp2_common/hardware_timer/timer.c.o
                0x100017d4                time_us_64
 .text.busy_wait_us
                0x100017e8       0x68 CMakeFiles/main.dir/home/szymon-gogulski/pico/pico-sdk/src/rp2_common/hardware_timer/timer.c.o
                0x100017e8                busy_wait_us
 .text.busy_wait_until
                0x10001850       0x20 CMakeFiles/main.dir/home/szymon-gogulski/pico/pico-sdk/src/rp2_common/hardware_timer/timer.c.o
                0x10001850                busy_wait_until
 .text.uart_init
                0x10001870      0x120 CMakeFiles/main.dir/home/szymon-gogulski/pico/pico-sdk/src/rp2_common/hardware_uart/uart.c.o
                0x10001870                uart_init
 .text.clock_configure_int_divider
                0x10001990       0xf4 CMakeFiles/main.dir/home/szymon-gogulski/pico/pico-sdk/src/rp2_common/hardware_clocks/clocks.c.o
                0x10001990                clock_configure_int_divider
 .text.clock_configure_undivided
                0x10001a84       0xe8 CMakeFiles/main.dir/home/szymon-gogulski/pico/pico-sdk/src/rp2_common/hardware_clocks/clocks.c.o
                0x10001a84                clock_configure_undivided
 .text.clock_get_hz
                0x10001b6c        0xc CMakeFiles/main.dir/home/szymon-gogulski/pico/pico-sdk/src/rp2_common/hardware_clocks/clocks.c.o
                0x10001b6c                clock_get_hz
 .text.pll_init
                0x10001b78       0xa4 CMakeFiles/main.dir/home/szymon-gogulski/pico/pico-sdk/src/rp2_common/hardware_pll/pll.c.o
                0x10001b78                pll_init
 .text.watchdog_reboot
                0x10001c1c       0x9c CMakeFiles/main.dir/home/szymon-gogulski/pico/pico-sdk/src/rp2_common/hardware_watchdog/watchdog.c.o
                0x10001c1c                watchdog_reboot
 .text.tick_start
                0x10001cb8       0x10 CMakeFiles/main.dir/home/szymon-gogulski/pico/pico-sdk/src/rp2_common/hardware_ticks/ticks.c.o
                0x10001cb8                tick_start
 .text.rom_func_lookup
                0x10001cc8       0x10 CMakeFiles/main.dir/home/szymon-gogulski/pico/pico-sdk/src/rp2_common/pico_bootrom/bootrom.c.o
                0x10001cc8                rom_func_lookup
 .text.rom_data_lookup
                0x10001cd8       0x10 CMakeFiles/main.dir/home/szymon-gogulski/pico/pico-sdk/src/rp2_common/pico_bootrom/bootrom.c.o
                0x10001cd8                rom_data_lookup
 .text.rom_funcs_lookup
                0x10001ce8       0x44 CMakeFiles/main.dir/home/szymon-gogulski/pico/pico-sdk/src/rp2_common/pico_bootrom/bootrom.c.o
                0x10001ce8                rom_funcs_lookup
 .text.rom_reset_usb_boot_extra
                0x10001d2c       0x28 CMakeFiles/main.dir/home/szymon-gogulski/pico/pico-sdk/src/rp2_common/pico_bootrom/bootrom.c.o
                0x10001d2c                rom_reset_usb_boot_extra
 .text.xosc_init
                0x10001d54       0x28 CMakeFiles/main.dir/home/szymon-gogulski/pico/pico-sdk/src/rp2_common/hardware_xosc/xosc.c.o
                0x10001d54                xosc_init
 .text.first_per_core_initializer
                0x10001d7c        0x4 CMakeFiles/main.dir/home/szymon-gogulski/pico/pico-sdk/src/rp2_common/pico_runtime/runtime.c.o
 .text.hard_assertion_failure
                0x10001d80        0xc CMakeFiles/main.dir/home/szymon-gogulski/pico/pico-sdk/src/rp2_common/pico_runtime/runtime.c.o
                0x10001d80                hard_assertion_failure
 .text.runtime_run_initializers
                0x10001d8c       0x28 CMakeFiles/main.dir/home/szymon-gogulski/pico/pico-sdk/src/rp2_common/pico_runtime/runtime.c.o
                0x10001d8c                runtime_run_initializers
 .text.runtime_run_per_core_initializers
                0x10001db4       0x28 CMakeFiles/main.dir/home/szymon-gogulski/pico/pico-sdk/src/rp2_common/pico_runtime/runtime.c.o
                0x10001db4                runtime_run_per_core_initializers
 .text.runtime_init_early_resets
                0x10001ddc       0x2c CMakeFiles/main.dir/home/szymon-gogulski/pico/pico-sdk/src/rp2_common/pico_runtime_init/runtime_init.c.o
                0x10001ddc                runtime_init_early_resets
 .text.runtime_init_usb_power_down
                0x10001e08       0x1c CMakeFiles/main.dir/home/szymon-gogulski/pico/pico-sdk/src/rp2_common/pico_runtime_init/runtime_init.c.o
                0x10001e08                runtime_init_usb_power_down
 .text.runtime_init_post_clock_resets
                0x10001e24       0x20 CMakeFiles/main.dir/home/szymon-gogulski/pico/pico-sdk/src/rp2_common/pico_runtime_init/runtime_init.c.o
                0x10001e24                runtime_init_post_clock_resets
 .text.runtime_init_rp2040_gpio_ie_disable
                0x10001e44       0x14 CMakeFiles/main.dir/home/szymon-gogulski/pico/pico-sdk/src/rp2_common/pico_runtime_init/runtime_init.c.o
                0x10001e44                runtime_init_rp2040_gpio_ie_disable
 .text.runtime_init_spin_locks_reset
                0x10001e58        0x8 CMakeFiles/main.dir/home/szymon-gogulski/pico/pico-sdk/src/rp2_common/pico_runtime_init/runtime_init.c.o
                0x10001e58                runtime_init_spin_locks_reset
 .text.runtime_init_install_ram_vector_table
                0x10001e60       0x1c CMakeFiles/main.dir/home/szymon-gogulski/pico/pico-sdk/src/rp2_common/pico_runtime_init/runtime_init.c.o
                0x10001e60                runtime_init_install_ram_vector_table
 .text.runtime_init_clocks
                0x10001e7c       0xd8 CMakeFiles/main.dir/home/szymon-gogulski/pico/pico-sdk/src/rp2_common/pico_runtime_init/runtime_init_clocks.c.o
                0x10001e7c                runtime_init_clocks
 .text          0x10001f54       0x10 CMakeFiles/main.dir/home/szymon-gogulski/pico/pico-sdk/src/rp2_common/pico_bit_ops/bit_ops_aeabi.S.o
 .text.__wrap___aeabi_idiv
                0x10001f64       0x50 CMakeFiles/main.dir/home/szymon-gogulski/pico/pico-sdk/src/rp2_common/pico_divider/divider_hardware.S.o
                0x10001f64                __wrap___aeabi_idivmod
                0x10001f64                divmod_s32s32
                0x10001f64                div_s32s32
                0x10001f64                __wrap___aeabi_idiv
                0x10001f6c                divmod_s32s32_unsafe
                0x10001f98                divmod_s32s32_savestate
 .text.__wrap___aeabi_uidiv
                0x10001fb4       0x4c CMakeFiles/main.dir/home/szymon-gogulski/pico/pico-sdk/src/rp2_common/pico_divider/divider_hardware.S.o
                0x10001fb4                __wrap___aeabi_uidiv
                0x10001fb4                __wrap___aeabi_uidivmod
                0x10001fb4                div_u32u32
                0x10001fb4                divmod_u32u32
                0x10001fbc                divmod_u32u32_unsafe
                0x10001fe4                divmod_u32u32_savestate
 .text.__wrap___aeabi_ldiv
                0x10002000      0x424 CMakeFiles/main.dir/home/szymon-gogulski/pico/pico-sdk/src/rp2_common/pico_divider/divider_hardware.S.o
                0x10002000                div_s64s64
                0x10002000                divmod_s64s64
                0x10002000                __wrap___aeabi_ldivmod
                0x10002030                div_u64u64
                0x10002030                divmod_u64u64
                0x10002030                __wrap___aeabi_uldivmod
                0x10002040                divmod_u64u64_savestate
                0x10002060                divmod_s64s64_unsafe
                0x100020e8                divmod_u64u64_unsafe
 .text.__wrap___aeabi_darithmetic
                0x10002424       0x80 CMakeFiles/main.dir/home/szymon-gogulski/pico/pico-sdk/src/rp2_common/pico_double/double_aeabi_rp2040.S.o
                0x10002424                __wrap___aeabi_drsub
                0x1000242a                __wrap___aeabi_dsub
                0x1000243c                __wrap___aeabi_dadd
                0x1000244e                __wrap___aeabi_ddiv
                0x1000248a                __wrap___aeabi_dmul
 .text.__wrap___aeabi_cdcmple
                0x100024a4       0x6c CMakeFiles/main.dir/home/szymon-gogulski/pico/pico-sdk/src/rp2_common/pico_double/double_aeabi_rp2040.S.o
                0x100024a4                __wrap___aeabi_cdrcmple
                0x100024b4                __wrap___aeabi_cdcmple
                0x100024b4                __wrap___aeabi_cdcmpeq
 .text.__wrap___aeabi_dcmpeq
                0x10002510       0x10 CMakeFiles/main.dir/home/szymon-gogulski/pico/pico-sdk/src/rp2_common/pico_double/double_aeabi_rp2040.S.o
                0x10002510                __wrap___aeabi_dcmpeq
 .text.__wrap___aeabi_dcmplt
                0x10002520        0xc CMakeFiles/main.dir/home/szymon-gogulski/pico/pico-sdk/src/rp2_common/pico_double/double_aeabi_rp2040.S.o
                0x10002520                __wrap___aeabi_dcmplt
 .text.__wrap___aeabi_dcmple
                0x1000252c       0x10 CMakeFiles/main.dir/home/szymon-gogulski/pico/pico-sdk/src/rp2_common/pico_double/double_aeabi_rp2040.S.o
                0x1000252c                __wrap___aeabi_dcmple
 .text.__wrap___aeabi_dcmpge
                0x1000253c       0x10 CMakeFiles/main.dir/home/szymon-gogulski/pico/pico-sdk/src/rp2_common/pico_double/double_aeabi_rp2040.S.o
                0x1000253c                __wrap___aeabi_dcmpge
 .text.__wrap___aeabi_dcmpgt
                0x1000254c        0xa CMakeFiles/main.dir/home/szymon-gogulski/pico/pico-sdk/src/rp2_common/pico_double/double_aeabi_rp2040.S.o
                0x1000254c                __wrap___aeabi_dcmpgt
 .text.__wrap___aeabi_dcmpun
                0x10002556       0x18 CMakeFiles/main.dir/home/szymon-gogulski/pico/pico-sdk/src/rp2_common/pico_double/double_aeabi_rp2040.S.o
                0x10002556                __wrap___aeabi_dcmpun
 *fill*         0x1000256e        0x2 
 .text.__wrap___aeabi_i2d
                0x10002570       0x38 CMakeFiles/main.dir/home/szymon-gogulski/pico/pico-sdk/src/rp2_common/pico_double/double_aeabi_rp2040.S.o
                0x10002570                __wrap___aeabi_ui2d
                0x10002578                __wrap___aeabi_i2d
 .text.__wrap___aeabi_d2iz
                0x100025a8       0x48 CMakeFiles/main.dir/home/szymon-gogulski/pico/pico-sdk/src/rp2_common/pico_double/double_aeabi_rp2040.S.o
                0x100025a8                __wrap___aeabi_d2iz
                0x100025a8                double2int_z
 .text.__wrap___aeabi_d2uiz
                0x100025f0       0x18 CMakeFiles/main.dir/home/szymon-gogulski/pico/pico-sdk/src/rp2_common/pico_double/double_aeabi_rp2040.S.o
                0x100025f0                double2uint
                0x100025f0                __wrap___aeabi_d2uiz
 .text.__wrap___aeabi_d2lz
                0x10002608       0x26 CMakeFiles/main.dir/home/szymon-gogulski/pico/pico-sdk/src/rp2_common/pico_double/double_aeabi_rp2040.S.o
                0x10002608                __wrap___aeabi_d2lz
                0x10002608                double2int64_z
 *fill*         0x1000262e        0x2 
 .text.double2int64
                0x10002630       0x18 CMakeFiles/main.dir/home/szymon-gogulski/pico/pico-sdk/src/rp2_common/pico_double/double_aeabi_rp2040.S.o
                0x10002630                double2int64
 .text.double2ufix64
                0x10002648       0x18 CMakeFiles/main.dir/home/szymon-gogulski/pico/pico-sdk/src/rp2_common/pico_double/double_aeabi_rp2040.S.o
                0x10002648                double2ufix64
 .text.__wrap___aeabi_d2f
                0x10002660       0x18 CMakeFiles/main.dir/home/szymon-gogulski/pico/pico-sdk/src/rp2_common/pico_double/double_aeabi_rp2040.S.o
                0x10002660                __wrap___aeabi_d2f
 .text.__aeabi_double_init
                0x10002678       0xa4 CMakeFiles/main.dir/home/szymon-gogulski/pico/pico-sdk/src/rp2_common/pico_double/double_init_rom_rp2040.c.o
                0x10002678                __aeabi_double_init
 .text.__wrap_round
                0x1000271c       0x9c CMakeFiles/main.dir/home/szymon-gogulski/pico/pico-sdk/src/rp2_common/pico_double/double_math.c.o
                0x1000271c                __wrap_round
 .text.double_table_shim_on_use_helper
                0x100027b8       0x2c CMakeFiles/main.dir/home/szymon-gogulski/pico/pico-sdk/src/rp2_common/pico_double/double_v1_rom_shim_rp2040.S.o
                0x100027b8                double_table_shim_on_use_helper
 .text.__wrap___aeabi_dsub
                0x100027e4       0x10 CMakeFiles/main.dir/home/szymon-gogulski/pico/pico-sdk/src/rp2_common/pico_double/double_v1_rom_shim_rp2040.S.o
                0x100027e4                drsub_shim
                0x100027ea                dsub_shim
 .text.dadd_shim
                0x100027f4      0x15c CMakeFiles/main.dir/home/szymon-gogulski/pico/pico-sdk/src/rp2_common/pico_double/double_v1_rom_shim_rp2040.S.o
                0x100027f4                dadd_shim
 .text.dmul_shim
                0x10002950      0x15c CMakeFiles/main.dir/home/szymon-gogulski/pico/pico-sdk/src/rp2_common/pico_double/double_v1_rom_shim_rp2040.S.o
                0x10002950                dmul_shim
 .text.ddiv_shim
                0x10002aac      0x1b0 CMakeFiles/main.dir/home/szymon-gogulski/pico/pico-sdk/src/rp2_common/pico_double/double_v1_rom_shim_rp2040.S.o
                0x10002aac                ddiv_shim
 .text.double2uint_shim
                0x10002c5c        0xe CMakeFiles/main.dir/home/szymon-gogulski/pico/pico-sdk/src/rp2_common/pico_double/double_v1_rom_shim_rp2040.S.o
                0x10002c5c                double2uint_shim
                0x10002c5e                double2ufix_shim
 .text.double2int64_shim
                0x10002c6a       0x1a CMakeFiles/main.dir/home/szymon-gogulski/pico/pico-sdk/src/rp2_common/pico_double/double_v1_rom_shim_rp2040.S.o
                0x10002c6a                double2int64_shim
                0x10002c6c                double2fix64_shim
 .text.double2uint64_shim
                0x10002c84       0x70 CMakeFiles/main.dir/home/szymon-gogulski/pico/pico-sdk/src/rp2_common/pico_double/double_v1_rom_shim_rp2040.S.o
                0x10002c84                double2uint64_shim
                0x10002c86                double2ufix64_shim
                0x10002ca6                d2fix_a
 .text.double2float_shim
                0x10002cf4       0x5c CMakeFiles/main.dir/home/szymon-gogulski/pico/pico-sdk/src/rp2_common/pico_double/double_v1_rom_shim_rp2040.S.o
                0x10002cf4                double2float_shim
 .text.dunpacks
                0x10002d50       0x3c CMakeFiles/main.dir/home/szymon-gogulski/pico/pico-sdk/src/rp2_common/pico_double/double_v1_rom_shim_rp2040.S.o
                0x10002d50                dunpacks
 .text.__aeabi_lmul
                0x10002d8c       0x32 CMakeFiles/main.dir/home/szymon-gogulski/pico/pico-sdk/src/rp2_common/pico_int64_ops/pico_int64_ops_aeabi.S.o
                0x10002d8c                __wrap___aeabi_lmul
 *fill*         0x10002dbe        0x2 
 .text.__wrap___aeabi_farithmetic
                0x10002dc0       0x48 CMakeFiles/main.dir/home/szymon-gogulski/pico/pico-sdk/src/rp2_common/pico_float/float_aeabi_rp2040.S.o
                0x10002dc0                __wrap___aeabi_frsub
                0x10002dc6                __wrap___aeabi_fsub
                0x10002dcc                __wrap___aeabi_fadd
                0x10002dd2                __wrap___aeabi_fdiv
                0x10002dfa                __wrap___aeabi_fmul
 .text.__wrap___aeabi_cfcmple
                0x10002e08       0x50 CMakeFiles/main.dir/home/szymon-gogulski/pico/pico-sdk/src/rp2_common/pico_float/float_aeabi_rp2040.S.o
                0x10002e08                __wrap___aeabi_cfrcmple
                0x10002e14                __wrap___aeabi_cfcmpeq
                0x10002e14                __wrap___aeabi_cfcmple
 .text.__wrap___aeabi_fcmplt
                0x10002e58        0xc CMakeFiles/main.dir/home/szymon-gogulski/pico/pico-sdk/src/rp2_common/pico_float/float_aeabi_rp2040.S.o
                0x10002e58                __wrap___aeabi_fcmplt
 .text.__wrap___aeabi_fcmple
                0x10002e64       0x10 CMakeFiles/main.dir/home/szymon-gogulski/pico/pico-sdk/src/rp2_common/pico_float/float_aeabi_rp2040.S.o
                0x10002e64                __wrap___aeabi_fcmple
 .text.__wrap___aeabi_fcmpge
                0x10002e74       0x10 CMakeFiles/main.dir/home/szymon-gogulski/pico/pico-sdk/src/rp2_common/pico_float/float_aeabi_rp2040.S.o
                0x10002e74                __wrap___aeabi_fcmpge
 .text.__wrap___aeabi_fcmpgt
                0x10002e84        0xa CMakeFiles/main.dir/home/szymon-gogulski/pico/pico-sdk/src/rp2_common/pico_float/float_aeabi_rp2040.S.o
                0x10002e84                __wrap___aeabi_fcmpgt
 *fill*         0x10002e8e        0x2 
 .text.__wrap___aeabi_i2f
                0x10002e90       0x44 CMakeFiles/main.dir/home/szymon-gogulski/pico/pico-sdk/src/rp2_common/pico_float/float_aeabi_rp2040.S.o
                0x10002e90                int2float
                0x10002e90                __wrap___aeabi_i2f
 .text.__wrap___aeabi_f2iz
                0x10002ed4       0x4e CMakeFiles/main.dir/home/szymon-gogulski/pico/pico-sdk/src/rp2_common/pico_float/float_aeabi_rp2040.S.o
                0x10002ed4                __wrap___aeabi_f2iz
                0x10002ed4                float2int_z
 *fill*         0x10002f22        0x2 
 .text.float2int
                0x10002f24       0x14 CMakeFiles/main.dir/home/szymon-gogulski/pico/pico-sdk/src/rp2_common/pico_float/float_aeabi_rp2040.S.o
                0x10002f24                float2int
 .text.__wrap___aeabi_f2uiz
                0x10002f38        0xc CMakeFiles/main.dir/home/szymon-gogulski/pico/pico-sdk/src/rp2_common/pico_float/float_aeabi_rp2040.S.o
                0x10002f38                float2uint_z
                0x10002f38                __wrap___aeabi_f2uiz
 .text.__wrap___aeabi_f2d
                0x10002f44       0x14 CMakeFiles/main.dir/home/szymon-gogulski/pico/pico-sdk/src/rp2_common/pico_float/float_aeabi_rp2040.S.o
                0x10002f44                __wrap___aeabi_f2d
 .text.__aeabi_float_init
                0x10002f58       0x64 CMakeFiles/main.dir/home/szymon-gogulski/pico/pico-sdk/src/rp2_common/pico_float/float_init_rom_rp2040.c.o
                0x10002f58                __aeabi_float_init
 .text.__wrap_roundf
                0x10002fbc       0x38 CMakeFiles/main.dir/home/szymon-gogulski/pico/pico-sdk/src/rp2_common/pico_float/float_math.c.o
                0x10002fbc                __wrap_roundf
 .text.float_table_shim_on_use_helper
                0x10002ff4       0x2c CMakeFiles/main.dir/home/szymon-gogulski/pico/pico-sdk/src/rp2_common/pico_float/float_v1_rom_shim_rp2040.S.o
                0x10002ff4                float_table_shim_on_use_helper
 .text.float232_shims
                0x10003020       0x18 CMakeFiles/main.dir/home/szymon-gogulski/pico/pico-sdk/src/rp2_common/pico_float/float_v1_rom_shim_rp2040.S.o
                0x10003020                float2int_shim
                0x10003022                float2fix_shim
 .text.float2double_shim
                0x10003038       0x30 CMakeFiles/main.dir/home/szymon-gogulski/pico/pico-sdk/src/rp2_common/pico_float/float_v1_rom_shim_rp2040.S.o
                0x10003038                float2double_shim
 .text.__wrap_malloc
                0x10003068       0x3c CMakeFiles/main.dir/home/szymon-gogulski/pico/pico-sdk/src/rp2_common/pico_malloc/malloc.c.o
                0x10003068                __wrap_malloc
 .text.__wrap_realloc
                0x100030a4       0x40 CMakeFiles/main.dir/home/szymon-gogulski/pico/pico-sdk/src/rp2_common/pico_malloc/malloc.c.o
                0x100030a4                __wrap_realloc
 .text.__wrap_free
                0x100030e4       0x20 CMakeFiles/main.dir/home/szymon-gogulski/pico/pico-sdk/src/rp2_common/pico_malloc/malloc.c.o
                0x100030e4                __wrap_free
 .text          0x10003104       0x10 CMakeFiles/main.dir/home/szymon-gogulski/pico/pico-sdk/src/rp2_common/pico_mem_ops/mem_ops_aeabi.S.o
                0x10003104                __aeabi_mem_init
 .text.memset   0x10003114        0xc CMakeFiles/main.dir/home/szymon-gogulski/pico/pico-sdk/src/rp2_common/pico_mem_ops/mem_ops_aeabi.S.o
                0x10003114                __wrap_memset
 .text.memcpy   0x10003120        0xc CMakeFiles/main.dir/home/szymon-gogulski/pico/pico-sdk/src/rp2_common/pico_mem_ops/mem_ops_aeabi.S.o
                0x10003120                __wrap___aeabi_memcpy
                0x10003120                __wrap_memcpy
 .text._ZdlPv   0x1000312c        0x8 CMakeFiles/main.dir/home/szymon-gogulski/pico/pico-sdk/src/rp2_common/pico_cxx_options/new_delete.cpp.o
                0x1000312c                operator delete(void*)
 .text._out_buffer
                0x10003134        0x8 CMakeFiles/main.dir/home/szymon-gogulski/pico/pico-sdk/src/rp2_common/pico_printf/printf.c.o
 .text._out_null
                0x1000313c        0x4 CMakeFiles/main.dir/home/szymon-gogulski/pico/pico-sdk/src/rp2_common/pico_printf/printf.c.o
 .text._out_rev
                0x10003140       0xac CMakeFiles/main.dir/home/szymon-gogulski/pico/pico-sdk/src/rp2_common/pico_printf/printf.c.o
 .text._ntoa_format
                0x100031ec      0x250 CMakeFiles/main.dir/home/szymon-gogulski/pico/pico-sdk/src/rp2_common/pico_printf/printf.c.o
 .text._out_char
                0x1000343c       0x10 CMakeFiles/main.dir/home/szymon-gogulski/pico/pico-sdk/src/rp2_common/pico_printf/printf.c.o
 .text._out_fct
                0x1000344c       0x10 CMakeFiles/main.dir/home/szymon-gogulski/pico/pico-sdk/src/rp2_common/pico_printf/printf.c.o
 .text._etoa    0x1000345c      0x464 CMakeFiles/main.dir/home/szymon-gogulski/pico/pico-sdk/src/rp2_common/pico_printf/printf.c.o
 .text._ftoa    0x100038c0      0x3c0 CMakeFiles/main.dir/home/szymon-gogulski/pico/pico-sdk/src/rp2_common/pico_printf/printf.c.o
 .text._vsnprintf
                0x10003c80      0xbc8 CMakeFiles/main.dir/home/szymon-gogulski/pico/pico-sdk/src/rp2_common/pico_printf/printf.c.o
 .text.__wrap_sprintf
                0x10004848       0x2c CMakeFiles/main.dir/home/szymon-gogulski/pico/pico-sdk/src/rp2_common/pico_printf/printf.c.o
                0x10004848                __wrap_sprintf
 .text.vfctprintf
                0x10004874       0x20 CMakeFiles/main.dir/home/szymon-gogulski/pico/pico-sdk/src/rp2_common/pico_printf/printf.c.o
                0x10004874                vfctprintf
 .text.weak_raw_printf
                0x10004894       0x40 CMakeFiles/main.dir/home/szymon-gogulski/pico/pico-sdk/src/rp2_common/pico_printf/printf.c.o
                0x10004894                weak_raw_printf
 .text.weak_raw_vprintf
                0x100048d4       0x30 CMakeFiles/main.dir/home/szymon-gogulski/pico/pico-sdk/src/rp2_common/pico_printf/printf.c.o
                0x100048d4                weak_raw_vprintf
 .text._exit    0x10004904        0x4 CMakeFiles/main.dir/home/szymon-gogulski/pico/pico-sdk/src/rp2_common/pico_clib_interface/newlib_interface.c.o
                0x10004904                _exit
 .text._sbrk    0x10004908       0x34 CMakeFiles/main.dir/home/szymon-gogulski/pico/pico-sdk/src/rp2_common/pico_clib_interface/newlib_interface.c.o
                0x10004908                _sbrk
 .text._getpid  0x1000493c        0x4 CMakeFiles/main.dir/home/szymon-gogulski/pico/pico-sdk/src/rp2_common/pico_clib_interface/newlib_interface.c.o
                0x1000493c                _getpid
 .text._kill    0x10004940        0x8 CMakeFiles/main.dir/home/szymon-gogulski/pico/pico-sdk/src/rp2_common/pico_clib_interface/newlib_interface.c.o
                0x10004940                _kill
 .text._read    0x10004948       0x24 CMakeFiles/main.dir/home/szymon-gogulski/pico/pico-sdk/src/rp2_common/pico_clib_interface/newlib_interface.c.o
                0x10004948                _read
 .text._write   0x1000496c       0x24 CMakeFiles/main.dir/home/szymon-gogulski/pico/pico-sdk/src/rp2_common/pico_clib_interface/newlib_interface.c.o
                0x1000496c                _write
 .text._close   0x10004990        0x8 CMakeFiles/main.dir/home/szymon-gogulski/pico/pico-sdk/src/rp2_common/pico_clib_interface/newlib_interface.c.o
                0x10004990                _close
 .text._lseek   0x10004998        0x8 CMakeFiles/main.dir/home/szymon-gogulski/pico/pico-sdk/src/rp2_common/pico_clib_interface/newlib_interface.c.o
                0x10004998                _lseek
 .text._fstat   0x100049a0        0x8 CMakeFiles/main.dir/home/szymon-gogulski/pico/pico-sdk/src/rp2_common/pico_clib_interface/newlib_interface.c.o
                0x100049a0                _fstat
 .text._isatty  0x100049a8        0xc CMakeFiles/main.dir/home/szymon-gogulski/pico/pico-sdk/src/rp2_common/pico_clib_interface/newlib_interface.c.o
                0x100049a8                _isatty
 .text.exit     0x100049b4        0x8 CMakeFiles/main.dir/home/szymon-gogulski/pico/pico-sdk/src/rp2_common/pico_clib_interface/newlib_interface.c.o
                0x100049b4                exit
 .text.__assert_func
                0x100049bc       0x38 CMakeFiles/main.dir/home/szymon-gogulski/pico/pico-sdk/src/rp2_common/pico_clib_interface/newlib_interface.c.o
                0x100049bc                __assert_func
 .text.runtime_init
                0x100049f4       0x2c CMakeFiles/main.dir/home/szymon-gogulski/pico/pico-sdk/src/rp2_common/pico_clib_interface/newlib_interface.c.o
                0x100049f4                runtime_init
 .text.stdio_out_chars_no_crlf
                0x10004a20       0x10 CMakeFiles/main.dir/home/szymon-gogulski/pico/pico-sdk/src/rp2_common/pico_stdio/stdio.c.o
 .text.stdio_out_chars_crlf
                0x10004a30       0x94 CMakeFiles/main.dir/home/szymon-gogulski/pico/pico-sdk/src/rp2_common/pico_stdio/stdio.c.o
 .text.stdio_buffered_printer
                0x10004ac4       0x64 CMakeFiles/main.dir/home/szymon-gogulski/pico/pico-sdk/src/rp2_common/pico_stdio/stdio.c.o
 .text.stdio_put_string
                0x10004b28      0x100 CMakeFiles/main.dir/home/szymon-gogulski/pico/pico-sdk/src/rp2_common/pico_stdio/stdio.c.o
                0x10004b28                stdio_put_string
 .text.stdio_get_until
                0x10004c28       0x84 CMakeFiles/main.dir/home/szymon-gogulski/pico/pico-sdk/src/rp2_common/pico_stdio/stdio.c.o
                0x10004c28                stdio_get_until
 .text.stdio_set_driver_enabled
                0x10004cac       0x30 CMakeFiles/main.dir/home/szymon-gogulski/pico/pico-sdk/src/rp2_common/pico_stdio/stdio.c.o
                0x10004cac                stdio_set_driver_enabled
 .text.stdio_init_all
                0x10004cdc       0x10 CMakeFiles/main.dir/home/szymon-gogulski/pico/pico-sdk/src/rp2_common/pico_stdio/stdio.c.o
                0x10004cdc                stdio_init_all
 .text.__wrap_putchar
                0x10004cec       0x98 CMakeFiles/main.dir/home/szymon-gogulski/pico/pico-sdk/src/rp2_common/pico_stdio/stdio.c.o
                0x10004cec                stdio_putchar
                0x10004cec                __wrap_putchar
 .text.__wrap_puts
                0x10004d84       0x3c CMakeFiles/main.dir/home/szymon-gogulski/pico/pico-sdk/src/rp2_common/pico_stdio/stdio.c.o
                0x10004d84                __wrap_puts
                0x10004d84                stdio_puts
 .text.__wrap_vprintf
                0x10004dc0       0xd4 CMakeFiles/main.dir/home/szymon-gogulski/pico/pico-sdk/src/rp2_common/pico_stdio/stdio.c.o
                0x10004dc0                __wrap_vprintf
                0x10004dc0                stdio_vprintf
 .text.__wrap_printf
                0x10004e94       0x18 CMakeFiles/main.dir/home/szymon-gogulski/pico/pico-sdk/src/rp2_common/pico_stdio/stdio.c.o
                0x10004e94                stdio_printf
                0x10004e94                __wrap_printf
 .text.stdio_uart_out_chars
                0x10004eac       0x4c CMakeFiles/main.dir/home/szymon-gogulski/pico/pico-sdk/src/rp2_common/pico_stdio_uart/stdio_uart.c.o
 .text.stdio_uart_in_chars
                0x10004ef8       0x90 CMakeFiles/main.dir/home/szymon-gogulski/pico/pico-sdk/src/rp2_common/pico_stdio_uart/stdio_uart.c.o
                0x10004ef8                stdio_uart_in_chars
 .text.on_uart_rx
                0x10004f88       0x28 CMakeFiles/main.dir/home/szymon-gogulski/pico/pico-sdk/src/rp2_common/pico_stdio_uart/stdio_uart.c.o
 .text.stdio_uart_out_flush
                0x10004fb0       0x14 CMakeFiles/main.dir/home/szymon-gogulski/pico/pico-sdk/src/rp2_common/pico_stdio_uart/stdio_uart.c.o
 .text.stdio_uart_set_chars_available_callback
                0x10004fc4       0x84 CMakeFiles/main.dir/home/szymon-gogulski/pico/pico-sdk/src/rp2_common/pico_stdio_uart/stdio_uart.c.o
 .text.stdio_uart_init
                0x10005048       0x50 CMakeFiles/main.dir/home/szymon-gogulski/pico/pico-sdk/src/rp2_common/pico_stdio_uart/stdio_uart.c.o
                0x10005048                stdio_uart_init
 .text.resetd_init
                0x10005098        0x4 CMakeFiles/main.dir/home/szymon-gogulski/pico/pico-sdk/src/rp2_common/pico_stdio_usb/reset_interface.c.o
 .text.resetd_reset
                0x1000509c        0xc CMakeFiles/main.dir/home/szymon-gogulski/pico/pico-sdk/src/rp2_common/pico_stdio_usb/reset_interface.c.o
 .text.resetd_open
                0x100050a8       0x28 CMakeFiles/main.dir/home/szymon-gogulski/pico/pico-sdk/src/rp2_common/pico_stdio_usb/reset_interface.c.o
 .text.resetd_xfer_cb
                0x100050d0        0x4 CMakeFiles/main.dir/home/szymon-gogulski/pico/pico-sdk/src/rp2_common/pico_stdio_usb/reset_interface.c.o
 .text.resetd_control_xfer_cb
                0x100050d4       0x5c CMakeFiles/main.dir/home/szymon-gogulski/pico/pico-sdk/src/rp2_common/pico_stdio_usb/reset_interface.c.o
 .text.tud_descriptor_bos_cb
                0x10005130        0x8 CMakeFiles/main.dir/home/szymon-gogulski/pico/pico-sdk/src/rp2_common/pico_stdio_usb/reset_interface.c.o
                0x10005130                tud_descriptor_bos_cb
 .text.tud_vendor_control_xfer_cb
                0x10005138       0x34 CMakeFiles/main.dir/home/szymon-gogulski/pico/pico-sdk/src/rp2_common/pico_stdio_usb/reset_interface.c.o
                0x10005138                tud_vendor_control_xfer_cb
 .text.usbd_app_driver_get_cb
                0x1000516c        0xc CMakeFiles/main.dir/home/szymon-gogulski/pico/pico-sdk/src/rp2_common/pico_stdio_usb/reset_interface.c.o
                0x1000516c                usbd_app_driver_get_cb
 .text.tud_cdc_line_coding_cb
                0x10005178       0x2c CMakeFiles/main.dir/home/szymon-gogulski/pico/pico-sdk/src/rp2_common/pico_stdio_usb/reset_interface.c.o
                0x10005178                tud_cdc_line_coding_cb
 .text.stdio_usb_set_chars_available_callback
                0x100051a4       0x14 CMakeFiles/main.dir/home/szymon-gogulski/pico/pico-sdk/src/rp2_common/pico_stdio_usb/stdio_usb.c.o
                0x100051a4                stdio_usb_set_chars_available_callback
 .text.usb_irq  0x100051b8       0x10 CMakeFiles/main.dir/home/szymon-gogulski/pico/pico-sdk/src/rp2_common/pico_stdio_usb/stdio_usb.c.o
 .text.timer_task
                0x100051c8       0x64 CMakeFiles/main.dir/home/szymon-gogulski/pico/pico-sdk/src/rp2_common/pico_stdio_usb/stdio_usb.c.o
 .text.stdio_usb_in_chars
                0x1000522c       0x90 CMakeFiles/main.dir/home/szymon-gogulski/pico/pico-sdk/src/rp2_common/pico_stdio_usb/stdio_usb.c.o
                0x1000522c                stdio_usb_in_chars
 .text.stdio_usb_out_flush
                0x100052bc       0x50 CMakeFiles/main.dir/home/szymon-gogulski/pico/pico-sdk/src/rp2_common/pico_stdio_usb/stdio_usb.c.o
 .text.stdio_usb_out_chars
                0x1000530c      0x104 CMakeFiles/main.dir/home/szymon-gogulski/pico/pico-sdk/src/rp2_common/pico_stdio_usb/stdio_usb.c.o
 .text.low_priority_worker_irq
                0x10005410       0xcc CMakeFiles/main.dir/home/szymon-gogulski/pico/pico-sdk/src/rp2_common/pico_stdio_usb/stdio_usb.c.o
 .text.stdio_usb_init
                0x100054dc       0xe8 CMakeFiles/main.dir/home/szymon-gogulski/pico/pico-sdk/src/rp2_common/pico_stdio_usb/stdio_usb.c.o
                0x100054dc                stdio_usb_init
 .text.tud_descriptor_device_cb
                0x100055c4        0x8 CMakeFiles/main.dir/home/szymon-gogulski/pico/pico-sdk/src/rp2_common/pico_stdio_usb/stdio_usb_descriptors.c.o
                0x100055c4                tud_descriptor_device_cb
 .text.tud_descriptor_configuration_cb
                0x100055cc        0x8 CMakeFiles/main.dir/home/szymon-gogulski/pico/pico-sdk/src/rp2_common/pico_stdio_usb/stdio_usb_descriptors.c.o
                0x100055cc                tud_descriptor_configuration_cb
 .text.tud_descriptor_string_cb
                0x100055d4       0x78 CMakeFiles/main.dir/home/szymon-gogulski/pico/pico-sdk/src/rp2_common/pico_stdio_usb/stdio_usb_descriptors.c.o
                0x100055d4                tud_descriptor_string_cb
 .text.startup._retrieve_unique_id_on_boot
                0x1000564c       0x10 CMakeFiles/main.dir/home/szymon-gogulski/pico/pico-sdk/src/rp2_common/pico_unique_id/unique_id.c.o
 .text.pico_get_unique_board_id_string
                0x1000565c      0x1a8 CMakeFiles/main.dir/home/szymon-gogulski/pico/pico-sdk/src/rp2_common/pico_unique_id/unique_id.c.o
                0x1000565c                pico_get_unique_board_id_string
 .text.flash_get_unique_id
                0x10005804       0x3c CMakeFiles/main.dir/home/szymon-gogulski/pico/pico-sdk/src/rp2_common/hardware_flash/flash.c.o
                0x10005804                flash_get_unique_id
 .text.dcd_init
                0x10005840       0x8c CMakeFiles/main.dir/home/szymon-gogulski/pico/pico-sdk/lib/tinyusb/src/portable/raspberrypi/rp2040/dcd_rp2040.c.o
                0x10005840                dcd_init
 .text.dcd_int_enable
                0x100058cc        0xc CMakeFiles/main.dir/home/szymon-gogulski/pico/pico-sdk/lib/tinyusb/src/portable/raspberrypi/rp2040/dcd_rp2040.c.o
                0x100058cc                dcd_int_enable
 .text.dcd_set_address
                0x100058d8       0x14 CMakeFiles/main.dir/home/szymon-gogulski/pico/pico-sdk/lib/tinyusb/src/portable/raspberrypi/rp2040/dcd_rp2040.c.o
                0x100058d8                dcd_set_address
 .text.dcd_sof_enable
                0x100058ec       0x1c CMakeFiles/main.dir/home/szymon-gogulski/pico/pico-sdk/lib/tinyusb/src/portable/raspberrypi/rp2040/dcd_rp2040.c.o
                0x100058ec                dcd_sof_enable
 .text.dcd_edpt0_status_complete
                0x10005908       0x1c CMakeFiles/main.dir/home/szymon-gogulski/pico/pico-sdk/lib/tinyusb/src/portable/raspberrypi/rp2040/dcd_rp2040.c.o
                0x10005908                dcd_edpt0_status_complete
 .text.dcd_edpt_open
                0x10005924      0x108 CMakeFiles/main.dir/home/szymon-gogulski/pico/pico-sdk/lib/tinyusb/src/portable/raspberrypi/rp2040/dcd_rp2040.c.o
                0x10005924                dcd_edpt_open
 .text.dcd_edpt_close_all
                0x10005a2c        0x8 CMakeFiles/main.dir/home/szymon-gogulski/pico/pico-sdk/lib/tinyusb/src/portable/raspberrypi/rp2040/dcd_rp2040.c.o
                0x10005a2c                dcd_edpt_close_all
 .text.dcd_edpt_xfer
                0x10005a34       0x24 CMakeFiles/main.dir/home/szymon-gogulski/pico/pico-sdk/lib/tinyusb/src/portable/raspberrypi/rp2040/dcd_rp2040.c.o
                0x10005a34                dcd_edpt_xfer
 .text.dcd_edpt_stall
                0x10005a58       0x34 CMakeFiles/main.dir/home/szymon-gogulski/pico/pico-sdk/lib/tinyusb/src/portable/raspberrypi/rp2040/dcd_rp2040.c.o
                0x10005a58                dcd_edpt_stall
 .text.dcd_edpt_clear_stall
                0x10005a8c       0x30 CMakeFiles/main.dir/home/szymon-gogulski/pico/pico-sdk/lib/tinyusb/src/portable/raspberrypi/rp2040/dcd_rp2040.c.o
                0x10005a8c                dcd_edpt_clear_stall
 .text.rp2040_usb_init
                0x10005abc       0x40 CMakeFiles/main.dir/home/szymon-gogulski/pico/pico-sdk/lib/tinyusb/src/portable/raspberrypi/rp2040/rp2040_usb.c.o
                0x10005abc                rp2040_usb_init
 .text.hw_endpoint_xfer_start
                0x10005afc       0x40 CMakeFiles/main.dir/home/szymon-gogulski/pico/pico-sdk/lib/tinyusb/src/portable/raspberrypi/rp2040/rp2040_usb.c.o
                0x10005afc                hw_endpoint_xfer_start
 .text.tud_event_hook_cb
                0x10005b3c        0x4 CMakeFiles/main.dir/home/szymon-gogulski/pico/pico-sdk/lib/tinyusb/src/device/usbd.c.o
                0x10005b3c                tud_event_hook_cb
 .text.tud_sof_cb
                0x10005b40        0x4 CMakeFiles/main.dir/home/szymon-gogulski/pico/pico-sdk/lib/tinyusb/src/device/usbd.c.o
                0x10005b40                tud_sof_cb
 .text.tud_descriptor_device_qualifier_cb
                0x10005b44        0x4 CMakeFiles/main.dir/home/szymon-gogulski/pico/pico-sdk/lib/tinyusb/src/device/usbd.c.o
                0x10005b44                tud_descriptor_device_qualifier_cb
 .text.tud_descriptor_other_speed_configuration_cb
                0x10005b48        0x4 CMakeFiles/main.dir/home/szymon-gogulski/pico/pico-sdk/lib/tinyusb/src/device/usbd.c.o
                0x10005b48                tud_descriptor_other_speed_configuration_cb
 .text.tud_mount_cb
                0x10005b4c        0x4 CMakeFiles/main.dir/home/szymon-gogulski/pico/pico-sdk/lib/tinyusb/src/device/usbd.c.o
                0x10005b4c                tud_mount_cb
 .text.tud_umount_cb
                0x10005b50        0x4 CMakeFiles/main.dir/home/szymon-gogulski/pico/pico-sdk/lib/tinyusb/src/device/usbd.c.o
                0x10005b50                tud_umount_cb
 .text.tud_suspend_cb
                0x10005b54        0x4 CMakeFiles/main.dir/home/szymon-gogulski/pico/pico-sdk/lib/tinyusb/src/device/usbd.c.o
                0x10005b54                tud_suspend_cb
 .text.tud_resume_cb
                0x10005b58        0x4 CMakeFiles/main.dir/home/szymon-gogulski/pico/pico-sdk/lib/tinyusb/src/device/usbd.c.o
                0x10005b58                tud_resume_cb
 .text.tud_mounted
                0x10005b5c       0x10 CMakeFiles/main.dir/home/szymon-gogulski/pico/pico-sdk/lib/tinyusb/src/device/usbd.c.o
                0x10005b5c                tud_mounted
 .text.tud_suspended
                0x10005b6c       0x10 CMakeFiles/main.dir/home/szymon-gogulski/pico/pico-sdk/lib/tinyusb/src/device/usbd.c.o
                0x10005b6c                tud_suspended
 .text.tud_init
                0x10005b7c       0xe4 CMakeFiles/main.dir/home/szymon-gogulski/pico/pico-sdk/lib/tinyusb/src/device/usbd.c.o
                0x10005b7c                tud_init
 .text.tud_task_ext
                0x10005c60      0x800 CMakeFiles/main.dir/home/szymon-gogulski/pico/pico-sdk/lib/tinyusb/src/device/usbd.c.o
                0x10005c60                tud_task_ext
 .text.usbd_open_edpt_pair
                0x10006460       0x9c CMakeFiles/main.dir/home/szymon-gogulski/pico/pico-sdk/lib/tinyusb/src/device/usbd.c.o
                0x10006460                usbd_open_edpt_pair
 .text.usbd_edpt_open
                0x100064fc       0x34 CMakeFiles/main.dir/home/szymon-gogulski/pico/pico-sdk/lib/tinyusb/src/device/usbd.c.o
                0x100064fc                usbd_edpt_open
 .text.usbd_edpt_claim
                0x10006530       0x28 CMakeFiles/main.dir/home/szymon-gogulski/pico/pico-sdk/lib/tinyusb/src/device/usbd.c.o
                0x10006530                usbd_edpt_claim
 .text.usbd_edpt_release
                0x10006558       0x28 CMakeFiles/main.dir/home/szymon-gogulski/pico/pico-sdk/lib/tinyusb/src/device/usbd.c.o
                0x10006558                usbd_edpt_release
 .text.usbd_edpt_xfer
                0x10006580       0x4c CMakeFiles/main.dir/home/szymon-gogulski/pico/pico-sdk/lib/tinyusb/src/device/usbd.c.o
                0x10006580                usbd_edpt_xfer
 .text.tud_control_status
                0x100065cc       0x2c CMakeFiles/main.dir/home/szymon-gogulski/pico/pico-sdk/lib/tinyusb/src/device/usbd_control.c.o
                0x100065cc                tud_control_status
 .text.tud_control_xfer
                0x100065f8       0xac CMakeFiles/main.dir/home/szymon-gogulski/pico/pico-sdk/lib/tinyusb/src/device/usbd_control.c.o
                0x100065f8                tud_control_xfer
 .text.usbd_control_reset
                0x100066a4       0x14 CMakeFiles/main.dir/home/szymon-gogulski/pico/pico-sdk/lib/tinyusb/src/device/usbd_control.c.o
                0x100066a4                usbd_control_reset
 .text.usbd_control_set_complete_callback
                0x100066b8        0xc CMakeFiles/main.dir/home/szymon-gogulski/pico/pico-sdk/lib/tinyusb/src/device/usbd_control.c.o
                0x100066b8                usbd_control_set_complete_callback
 .text.usbd_control_set_request
                0x100066c4       0x1c CMakeFiles/main.dir/home/szymon-gogulski/pico/pico-sdk/lib/tinyusb/src/device/usbd_control.c.o
                0x100066c4                usbd_control_set_request
 .text.usbd_control_xfer_cb
                0x100066e0       0xec CMakeFiles/main.dir/home/szymon-gogulski/pico/pico-sdk/lib/tinyusb/src/device/usbd_control.c.o
                0x100066e0                usbd_control_xfer_cb
 .text._prep_out_transaction.isra.0
                0x100067cc       0x5c CMakeFiles/main.dir/home/szymon-gogulski/pico/pico-sdk/lib/tinyusb/src/class/cdc/cdc_device.c.o
 .text.tud_cdc_n_connected
                0x10006828       0x30 CMakeFiles/main.dir/home/szymon-gogulski/pico/pico-sdk/lib/tinyusb/src/class/cdc/cdc_device.c.o
                0x10006828                tud_cdc_n_connected
 .text.tud_cdc_n_available
                0x10006858       0x18 CMakeFiles/main.dir/home/szymon-gogulski/pico/pico-sdk/lib/tinyusb/src/class/cdc/cdc_device.c.o
                0x10006858                tud_cdc_n_available
 .text.tud_cdc_n_read
                0x10006870       0x98 CMakeFiles/main.dir/home/szymon-gogulski/pico/pico-sdk/lib/tinyusb/src/class/cdc/cdc_device.c.o
                0x10006870                tud_cdc_n_read
 .text.tud_cdc_n_write_flush
                0x10006908       0x78 CMakeFiles/main.dir/home/szymon-gogulski/pico/pico-sdk/lib/tinyusb/src/class/cdc/cdc_device.c.o
                0x10006908                tud_cdc_n_write_flush
 .text.tud_cdc_n_write
                0x10006980       0x40 CMakeFiles/main.dir/home/szymon-gogulski/pico/pico-sdk/lib/tinyusb/src/class/cdc/cdc_device.c.o
                0x10006980                tud_cdc_n_write
 .text.tud_cdc_n_write_available
                0x100069c0       0x18 CMakeFiles/main.dir/home/szymon-gogulski/pico/pico-sdk/lib/tinyusb/src/class/cdc/cdc_device.c.o
                0x100069c0                tud_cdc_n_write_available
 .text.cdcd_init
                0x100069d8       0x7c CMakeFiles/main.dir/home/szymon-gogulski/pico/pico-sdk/lib/tinyusb/src/class/cdc/cdc_device.c.o
                0x100069d8                cdcd_init
 .text.cdcd_deinit
                0x10006a54       0x34 CMakeFiles/main.dir/home/szymon-gogulski/pico/pico-sdk/lib/tinyusb/src/class/cdc/cdc_device.c.o
                0x10006a54                cdcd_deinit
 .text.cdcd_reset
                0x10006a88       0x4c CMakeFiles/main.dir/home/szymon-gogulski/pico/pico-sdk/lib/tinyusb/src/class/cdc/cdc_device.c.o
                0x10006a88                cdcd_reset
 .text.cdcd_open
                0x10006ad4       0xb0 CMakeFiles/main.dir/home/szymon-gogulski/pico/pico-sdk/lib/tinyusb/src/class/cdc/cdc_device.c.o
                0x10006ad4                cdcd_open
 .text.cdcd_control_xfer_cb
                0x10006b84       0xe4 CMakeFiles/main.dir/home/szymon-gogulski/pico/pico-sdk/lib/tinyusb/src/class/cdc/cdc_device.c.o
                0x10006b84                cdcd_control_xfer_cb
 .text.cdcd_xfer_cb
                0x10006c68      0x100 CMakeFiles/main.dir/home/szymon-gogulski/pico/pico-sdk/lib/tinyusb/src/class/cdc/cdc_device.c.o
                0x10006c68                cdcd_xfer_cb
 .text.vendord_init
                0x10006d68       0x5c CMakeFiles/main.dir/home/szymon-gogulski/pico/pico-sdk/lib/tinyusb/src/class/vendor/vendor_device.c.o
                0x10006d68                vendord_init
 .text.vendord_deinit
                0x10006dc4       0x1c CMakeFiles/main.dir/home/szymon-gogulski/pico/pico-sdk/lib/tinyusb/src/class/vendor/vendor_device.c.o
                0x10006dc4                vendord_deinit
 .text.vendord_reset
                0x10006de0       0x20 CMakeFiles/main.dir/home/szymon-gogulski/pico/pico-sdk/lib/tinyusb/src/class/vendor/vendor_device.c.o
                0x10006de0                vendord_reset
 .text.vendord_open
                0x10006e00      0x138 CMakeFiles/main.dir/home/szymon-gogulski/pico/pico-sdk/lib/tinyusb/src/class/vendor/vendor_device.c.o
                0x10006e00                vendord_open
 .text.vendord_xfer_cb
                0x10006f38       0x9c CMakeFiles/main.dir/home/szymon-gogulski/pico/pico-sdk/lib/tinyusb/src/class/vendor/vendor_device.c.o
                0x10006f38                vendord_xfer_cb
 .text.tusb_init
                0x10006fd4        0xc CMakeFiles/main.dir/home/szymon-gogulski/pico/pico-sdk/lib/tinyusb/src/tusb.c.o
                0x10006fd4                tusb_init
 .text.tu_edpt_claim
                0x10006fe0       0x50 CMakeFiles/main.dir/home/szymon-gogulski/pico/pico-sdk/lib/tinyusb/src/tusb.c.o
                0x10006fe0                tu_edpt_claim
 .text.tu_edpt_release
                0x10007030       0x38 CMakeFiles/main.dir/home/szymon-gogulski/pico/pico-sdk/lib/tinyusb/src/tusb.c.o
                0x10007030                tu_edpt_release
 .text.tu_edpt_validate
                0x10007068       0x7c CMakeFiles/main.dir/home/szymon-gogulski/pico/pico-sdk/lib/tinyusb/src/tusb.c.o
                0x10007068                tu_edpt_validate
 .text.tu_edpt_bind_driver
                0x100070e4       0x34 CMakeFiles/main.dir/home/szymon-gogulski/pico/pico-sdk/lib/tinyusb/src/tusb.c.o
                0x100070e4                tu_edpt_bind_driver
 .text.tu_edpt_stream_init
                0x10007118       0x6c CMakeFiles/main.dir/home/szymon-gogulski/pico/pico-sdk/lib/tinyusb/src/tusb.c.o
                0x10007118                tu_edpt_stream_init
 .text.tu_edpt_stream_deinit
                0x10007184        0x4 CMakeFiles/main.dir/home/szymon-gogulski/pico/pico-sdk/lib/tinyusb/src/tusb.c.o
                0x10007184                tu_edpt_stream_deinit
 .text.tu_edpt_stream_write_zlp_if_needed
                0x10007188       0x68 CMakeFiles/main.dir/home/szymon-gogulski/pico/pico-sdk/lib/tinyusb/src/tusb.c.o
                0x10007188                tu_edpt_stream_write_zlp_if_needed
 .text.tu_edpt_stream_write_xfer
                0x100071f0       0x64 CMakeFiles/main.dir/home/szymon-gogulski/pico/pico-sdk/lib/tinyusb/src/tusb.c.o
                0x100071f0                tu_edpt_stream_write_xfer
 .text.tu_edpt_stream_read_xfer
                0x10007254       0xdc CMakeFiles/main.dir/home/szymon-gogulski/pico/pico-sdk/lib/tinyusb/src/tusb.c.o
                0x10007254                tu_edpt_stream_read_xfer
 .text.tu_fifo_config
                0x10007330       0x6c CMakeFiles/main.dir/home/szymon-gogulski/pico/pico-sdk/lib/tinyusb/src/common/tusb_fifo.c.o
                0x10007330                tu_fifo_config
 .text.tu_fifo_count
                0x1000739c       0x2c CMakeFiles/main.dir/home/szymon-gogulski/pico/pico-sdk/lib/tinyusb/src/common/tusb_fifo.c.o
                0x1000739c                tu_fifo_count
 .text.tu_fifo_empty
                0x100073c8       0x10 CMakeFiles/main.dir/home/szymon-gogulski/pico/pico-sdk/lib/tinyusb/src/common/tusb_fifo.c.o
                0x100073c8                tu_fifo_empty
 .text.tu_fifo_remaining
                0x100073d8       0x2c CMakeFiles/main.dir/home/szymon-gogulski/pico/pico-sdk/lib/tinyusb/src/common/tusb_fifo.c.o
                0x100073d8                tu_fifo_remaining
 .text.tu_fifo_read
                0x10007404       0x9c CMakeFiles/main.dir/home/szymon-gogulski/pico/pico-sdk/lib/tinyusb/src/common/tusb_fifo.c.o
                0x10007404                tu_fifo_read
 .text.tu_fifo_read_n
                0x100074a0       0xe8 CMakeFiles/main.dir/home/szymon-gogulski/pico/pico-sdk/lib/tinyusb/src/common/tusb_fifo.c.o
                0x100074a0                tu_fifo_read_n
 .text.tu_fifo_write
                0x10007588       0xa8 CMakeFiles/main.dir/home/szymon-gogulski/pico/pico-sdk/lib/tinyusb/src/common/tusb_fifo.c.o
                0x10007588                tu_fifo_write
 .text.tu_fifo_write_n
                0x10007630      0x178 CMakeFiles/main.dir/home/szymon-gogulski/pico/pico-sdk/lib/tinyusb/src/common/tusb_fifo.c.o
                0x10007630                tu_fifo_write_n
 .text.tu_fifo_clear
                0x100077a8       0x40 CMakeFiles/main.dir/home/szymon-gogulski/pico/pico-sdk/lib/tinyusb/src/common/tusb_fifo.c.o
                0x100077a8                tu_fifo_clear
 .text.tu_fifo_set_overwritable
                0x100077e8       0x48 CMakeFiles/main.dir/home/szymon-gogulski/pico/pico-sdk/lib/tinyusb/src/common/tusb_fifo.c.o
                0x100077e8                tu_fifo_set_overwritable
 .text.core1_trampoline
                0x10007830        0x4 CMakeFiles/main.dir/home/szymon-gogulski/pico/pico-sdk/src/rp2_common/pico_multicore/multicore.c.o
 .text.core1_wrapper
                0x10007834        0xc CMakeFiles/main.dir/home/szymon-gogulski/pico/pico-sdk/src/rp2_common/pico_multicore/multicore.c.o
                0x10007834                core1_wrapper
 .text.multicore_fifo_push_blocking
                0x10007840       0x14 CMakeFiles/main.dir/home/szymon-gogulski/pico/pico-sdk/src/rp2_common/pico_multicore/multicore.c.o
                0x10007840                multicore_fifo_push_blocking
 .text.multicore_fifo_pop_blocking
                0x10007854       0x1c CMakeFiles/main.dir/home/szymon-gogulski/pico/pico-sdk/src/rp2_common/pico_multicore/multicore.c.o
                0x10007854                multicore_fifo_pop_blocking
 .text.multicore_reset_core1
                0x10007870       0x58 CMakeFiles/main.dir/home/szymon-gogulski/pico/pico-sdk/src/rp2_common/pico_multicore/multicore.c.o
                0x10007870                multicore_reset_core1
 .text.multicore_launch_core1_raw
                0x100078c8       0x84 CMakeFiles/main.dir/home/szymon-gogulski/pico/pico-sdk/src/rp2_common/pico_multicore/multicore.c.o
                0x100078c8                multicore_launch_core1_raw
 .text.multicore_launch_core1
                0x1000794c       0x58 CMakeFiles/main.dir/home/szymon-gogulski/pico/pico-sdk/src/rp2_common/pico_multicore/multicore.c.o
                0x1000794c                multicore_launch_core1
 .text.adc_init
                0x100079a4       0x38 CMakeFiles/main.dir/home/szymon-gogulski/pico/pico-sdk/src/rp2_common/hardware_adc/adc.c.o
                0x100079a4                adc_init
 .text._ZN6tflite17ConvertTensorTypeENS_10TensorTypeEP10TfLiteTypePNS_13ErrorReporterE
                0x100079dc       0x9c libpico-tflmicro-lib.a(flatbuffer_conversions.cpp.o)
                0x100079dc                tflite::ConvertTensorType(tflite::TensorType, TfLiteType*, tflite::ErrorReporter*)
 .text._ZN6tflite19ParseFullyConnectedEPKNS_8OperatorEPNS_13ErrorReporterEPNS_20BuiltinDataAllocatorEPPv
                0x10007a78      0x12c libpico-tflmicro-lib.a(flatbuffer_conversions.cpp.o)
                0x10007a78                tflite::ParseFullyConnected(tflite::Operator const*, tflite::ErrorReporter*, tflite::BuiltinDataAllocator*, void**)
 .text._ZN6tflite12_GLOBAL__N_14InitEP13TfLiteContextPKcj
                0x10007ba4        0xc libpico-tflmicro-lib.a(fully_connected.cpp.o)
 .text._ZN6tflite12_GLOBAL__N_17PrepareEP13TfLiteContextP10TfLiteNode
                0x10007bb0      0x2e4 libpico-tflmicro-lib.a(fully_connected.cpp.o)
 .text._ZN6tflite12_GLOBAL__N_118EvalQuantizedInt16EP13TfLiteContextP10TfLiteNodeRKNS0_6OpDataEPK16TfLiteEvalTensorSA_SA_PS8_.isra.0
                0x10007e94      0x108 libpico-tflmicro-lib.a(fully_connected.cpp.o)
 .text._ZN6tflite12_GLOBAL__N_117EvalQuantizedInt8EP13TfLiteContextP10TfLiteNodeRKNS0_6OpDataEPK16TfLiteEvalTensorSA_SA_PS8_.isra.0
                0x10007f9c      0x234 libpico-tflmicro-lib.a(fully_connected.cpp.o)
 .text._ZN6tflite12_GLOBAL__N_117EvalQuantizedInt4EP13TfLiteContextP10TfLiteNodeRKNS0_6OpDataEPK16TfLiteEvalTensorSA_SA_PS8_.isra.0
                0x100081d0      0x118 libpico-tflmicro-lib.a(fully_connected.cpp.o)
 .text._ZN6tflite12_GLOBAL__N_14EvalEP13TfLiteContextP10TfLiteNode
                0x100082e8      0x298 libpico-tflmicro-lib.a(fully_connected.cpp.o)
 .text._ZN6tflite24Register_FULLY_CONNECTEDEv
                0x10008580       0x2c libpico-tflmicro-lib.a(fully_connected.cpp.o)
                0x10008580                tflite::Register_FULLY_CONNECTED()
 .text._ZN6tflite25FullyConnectedParamsFloatE21TfLiteFusedActivation
                0x100085ac       0x3c libpico-tflmicro-lib.a(fully_connected_common.cpp.o)
                0x100085ac                tflite::FullyConnectedParamsFloat(TfLiteFusedActivation)
 .text._ZN6tflite29CalculateOpDataFullyConnectedEP13TfLiteContext21TfLiteFusedActivation10TfLiteTypePK12TfLiteTensorS6_S6_PS4_PNS_20OpDataFullyConnectedE
                0x100085e8       0x68 libpico-tflmicro-lib.a(fully_connected_common.cpp.o)
                0x100085e8                tflite::CalculateOpDataFullyConnected(TfLiteContext*, TfLiteFusedActivation, TfLiteType, TfLiteTensor const*, TfLiteTensor const*, TfLiteTensor const*, TfLiteTensor*, tflite::OpDataFullyConnected*)
 .text._ZN6tflite5micro10RegisterOpEPFPvP13TfLiteContextPKcjEPF12TfLiteStatusS3_P10TfLiteNodeESC_PFvS3_S1_ESE_
                0x10008650       0x18 libpico-tflmicro-lib.a(kernel_util.cpp.o)
                0x10008650                tflite::micro::RegisterOp(void* (*)(TfLiteContext*, char const*, unsigned int), TfLiteStatus (*)(TfLiteContext*, TfLiteNode*), TfLiteStatus (*)(TfLiteContext*, TfLiteNode*), void (*)(TfLiteContext*, void*), void (*)(TfLiteContext*, void*))
 .text._ZN6tflite5micro12GetEvalInputEPK13TfLiteContextPK10TfLiteNodei
                0x10008668       0x28 libpico-tflmicro-lib.a(kernel_util.cpp.o)
                0x10008668                tflite::micro::GetEvalInput(TfLiteContext const*, TfLiteNode const*, int)
 .text._ZN6tflite5micro13GetEvalOutputEPK13TfLiteContextPK10TfLiteNodei
                0x10008690       0x10 libpico-tflmicro-lib.a(kernel_util.cpp.o)
                0x10008690                tflite::micro::GetEvalOutput(TfLiteContext const*, TfLiteNode const*, int)
 .text._ZN6tflite5micro14GetTensorShapeEPK16TfLiteEvalTensor
                0x100086a0       0x24 libpico-tflmicro-lib.a(kernel_util.cpp.o)
                0x100086a0                tflite::micro::GetTensorShape(TfLiteEvalTensor const*)
 .text._ZN6tflite14AlignPointerUpEPhj
                0x100086c4       0x10 libpico-tflmicro-lib.a(memory_helpers.cpp.o)
                0x100086c4                tflite::AlignPointerUp(unsigned char*, unsigned int)
 .text._ZN6tflite16AlignPointerDownEPhj
                0x100086d4        0xc libpico-tflmicro-lib.a(memory_helpers.cpp.o)
                0x100086d4                tflite::AlignPointerDown(unsigned char*, unsigned int)
 .text._ZN6tflite11AlignSizeUpEjj
                0x100086e0       0x10 libpico-tflmicro-lib.a(memory_helpers.cpp.o)
                0x100086e0                tflite::AlignSizeUp(unsigned int, unsigned int)
 .text._ZN6tflite16TfLiteTypeSizeOfE10TfLiteTypePj
                0x100086f0       0x60 libpico-tflmicro-lib.a(memory_helpers.cpp.o)
                0x100086f0                tflite::TfLiteTypeSizeOf(TfLiteType, unsigned int*)
 .text._ZN6tflite22BytesRequiredForTensorERKNS_6TensorEPjS3_
                0x10008750       0x8c libpico-tflmicro-lib.a(memory_helpers.cpp.o)
                0x10008750                tflite::BytesRequiredForTensor(tflite::Tensor const&, unsigned int*, unsigned int*)
 .text._ZN6tflite26TfLiteEvalTensorByteLengthEPK16TfLiteEvalTensorPj
                0x100087dc       0x88 libpico-tflmicro-lib.a(memory_helpers.cpp.o)
                0x100087dc                tflite::TfLiteEvalTensorByteLength(TfLiteEvalTensor const*, unsigned int*)
 .text._ZN6tflite12MicroContext23AllocateTempInputTensorEPK10TfLiteNodei
                0x10008864       0x24 libpico-tflmicro-lib.a(micro_context.cpp.o)
                0x10008864                tflite::MicroContext::AllocateTempInputTensor(TfLiteNode const*, int)
 .text._ZN6tflite12MicroContext24AllocateTempOutputTensorEPK10TfLiteNodei
                0x10008888       0x24 libpico-tflmicro-lib.a(micro_context.cpp.o)
                0x10008888                tflite::MicroContext::AllocateTempOutputTensor(TfLiteNode const*, int)
 .text._ZN6tflite25MicroContextReportOpErrorEP13TfLiteContextPKcz
                0x100088ac       0x18 libpico-tflmicro-lib.a(micro_context.cpp.o)
                0x100088ac                tflite::MicroContextReportOpError(TfLiteContext*, char const*, ...)
 .text._ZN6tflite36MicroContextAllocatePersistentBufferEP13TfLiteContextj
                0x100088c4        0xc libpico-tflmicro-lib.a(micro_interpreter.cpp.o)
                0x100088c4                tflite::MicroContextAllocatePersistentBuffer(TfLiteContext*, unsigned int)
 .text._ZN6tflite39MicroContextRequestScratchBufferInArenaEP13TfLiteContextjPi
                0x100088d0        0xc libpico-tflmicro-lib.a(micro_interpreter.cpp.o)
                0x100088d0                tflite::MicroContextRequestScratchBufferInArena(TfLiteContext*, unsigned int, int*)
 .text._ZN6tflite28MicroContextGetScratchBufferEP13TfLiteContexti
                0x100088dc        0xc libpico-tflmicro-lib.a(micro_interpreter.cpp.o)
                0x100088dc                tflite::MicroContextGetScratchBuffer(TfLiteContext*, int)
 .text._ZN6tflite21MicroContextGetTensorEPK13TfLiteContexti
                0x100088e8        0xc libpico-tflmicro-lib.a(micro_interpreter.cpp.o)
                0x100088e8                tflite::MicroContextGetTensor(TfLiteContext const*, int)
 .text._ZN6tflite25MicroContextGetEvalTensorEPK13TfLiteContexti
                0x100088f4        0xc libpico-tflmicro-lib.a(micro_interpreter.cpp.o)
                0x100088f4                tflite::MicroContextGetEvalTensor(TfLiteContext const*, int)
 .text._ZN6tflite23MicroInterpreterContext16external_contextEv
                0x10008900        0x4 libpico-tflmicro-lib.a(micro_interpreter.cpp.o)
                0x10008900                tflite::MicroInterpreterContext::external_context()
 .text._ZN6tflite30MicroContextGetExternalContextEP13TfLiteContext25TfLiteExternalContextType
                0x10008904       0x1c libpico-tflmicro-lib.a(micro_interpreter.cpp.o)
                0x10008904                tflite::MicroContextGetExternalContext(TfLiteContext*, TfLiteExternalContextType)
 .text._ZN6tflite16MicroInterpreterC2EPKNS_5ModelERKNS_15MicroOpResolverEPhjPNS_22MicroResourceVariablesEPNS_22MicroProfilerInterfaceEb
                0x10008920       0xc0 libpico-tflmicro-lib.a(micro_interpreter.cpp.o)
                0x10008920                tflite::MicroInterpreter::MicroInterpreter(tflite::Model const*, tflite::MicroOpResolver const&, unsigned char*, unsigned int, tflite::MicroResourceVariables*, tflite::MicroProfilerInterface*, bool)
                0x10008920                tflite::MicroInterpreter::MicroInterpreter(tflite::Model const*, tflite::MicroOpResolver const&, unsigned char*, unsigned int, tflite::MicroResourceVariables*, tflite::MicroProfilerInterface*, bool)
 .text._ZN6tflite16MicroInterpreter5inputEj
                0x100089e0       0x60 libpico-tflmicro-lib.a(micro_interpreter.cpp.o)
                0x100089e0                tflite::MicroInterpreter::input(unsigned int)
 .text._ZN6tflite16MicroInterpreter6outputEj
                0x10008a40       0x60 libpico-tflmicro-lib.a(micro_interpreter.cpp.o)
                0x10008a40                tflite::MicroInterpreter::output(unsigned int)
 .text._ZN6tflite16MicroInterpreterD2Ev
                0x10008aa0       0x28 libpico-tflmicro-lib.a(micro_interpreter.cpp.o)
                0x10008aa0                tflite::MicroInterpreter::~MicroInterpreter()
                0x10008aa0                tflite::MicroInterpreter::~MicroInterpreter()
 .text._ZN6tflite16MicroInterpreter44PrepareNodeAndRegistrationDataFromFlatbufferEv
                0x10008ac8      0x2dc libpico-tflmicro-lib.a(micro_interpreter.cpp.o)
                0x10008ac8                tflite::MicroInterpreter::PrepareNodeAndRegistrationDataFromFlatbuffer()
 .text._ZN6tflite16MicroInterpreter15AllocateTensorsEv
                0x10008da4      0x320 libpico-tflmicro-lib.a(micro_interpreter.cpp.o)
                0x10008da4                tflite::MicroInterpreter::AllocateTensors()
 .text._ZN6tflite16MicroInterpreter6InvokeEv
                0x100090c4       0x38 libpico-tflmicro-lib.a(micro_interpreter.cpp.o)
                0x100090c4                tflite::MicroInterpreter::Invoke()
 .text._ZN6tflite23MicroInterpreterContext5graphEv
                0x100090fc        0x4 libpico-tflmicro-lib.a(micro_interpreter_context.cpp.o)
                0x100090fc                tflite::MicroInterpreterContext::graph()
 .text._ZN6tflite23MicroInterpreterContextD0Ev
                0x10009100        0x4 libpico-tflmicro-lib.a(micro_interpreter_context.cpp.o)
                0x10009100                tflite::MicroInterpreterContext::~MicroInterpreterContext()
                0x10009100                tflite::MicroInterpreterContext::~MicroInterpreterContext()
                0x10009100                tflite::MicroInterpreterContext::~MicroInterpreterContext()
 .text._ZN6tflite23MicroInterpreterContext24AllocatePersistentBufferEj
                0x10009104        0xc libpico-tflmicro-lib.a(micro_interpreter_context.cpp.o)
                0x10009104                tflite::MicroInterpreterContext::AllocatePersistentBuffer(unsigned int)
 .text._ZN6tflite23MicroInterpreterContext16GetScratchBufferEi
                0x10009110        0x8 libpico-tflmicro-lib.a(micro_interpreter_context.cpp.o)
                0x10009110                tflite::MicroInterpreterContext::GetScratchBuffer(int)
 .text._ZN6tflite23MicroInterpreterContext24AllocateTempTfLiteTensorEi
                0x10009118       0x20 libpico-tflmicro-lib.a(micro_interpreter_context.cpp.o)
                0x10009118                tflite::MicroInterpreterContext::AllocateTempTfLiteTensor(int)
 .text._ZN6tflite23MicroInterpreterContext26DeallocateTempTfLiteTensorEP12TfLiteTensor
                0x10009138        0xc libpico-tflmicro-lib.a(micro_interpreter_context.cpp.o)
                0x10009138                tflite::MicroInterpreterContext::DeallocateTempTfLiteTensor(TfLiteTensor*)
 .text._ZN6tflite23MicroInterpreterContext18AllocateTempBufferEjj
                0x10009144        0xc libpico-tflmicro-lib.a(micro_interpreter_context.cpp.o)
                0x10009144                tflite::MicroInterpreterContext::AllocateTempBuffer(unsigned int, unsigned int)
 .text._ZN6tflite23MicroInterpreterContext20DeallocateTempBufferEPh
                0x10009150        0xc libpico-tflmicro-lib.a(micro_interpreter_context.cpp.o)
                0x10009150                tflite::MicroInterpreterContext::DeallocateTempBuffer(unsigned char*)
 .text._ZN6tflite23MicroInterpreterContext13GetEvalTensorEi
                0x1000915c       0x18 libpico-tflmicro-lib.a(micro_interpreter_context.cpp.o)
                0x1000915c                tflite::MicroInterpreterContext::GetEvalTensor(int)
 .text._ZN6tflite23MicroInterpreterContext27RequestScratchBufferInArenaEjPi
                0x10009174       0x10 libpico-tflmicro-lib.a(micro_interpreter_context.cpp.o)
                0x10009174                tflite::MicroInterpreterContext::RequestScratchBufferInArena(unsigned int, int*)
 .text._ZN6tflite23MicroInterpreterContext20set_external_contextEPv
                0x10009184       0x24 libpico-tflmicro-lib.a(micro_interpreter_context.cpp.o)
                0x10009184                tflite::MicroInterpreterContext::set_external_context(void*)
 .text._ZN6tflite23MicroInterpreterContextC2EPNS_14MicroAllocatorEPKNS_5ModelEPNS_21MicroInterpreterGraphE
                0x100091a8       0x1c libpico-tflmicro-lib.a(micro_interpreter_context.cpp.o)
                0x100091a8                tflite::MicroInterpreterContext::MicroInterpreterContext(tflite::MicroAllocator*, tflite::Model const*, tflite::MicroInterpreterGraph*)
                0x100091a8                tflite::MicroInterpreterContext::MicroInterpreterContext(tflite::MicroAllocator*, tflite::Model const*, tflite::MicroInterpreterGraph*)
 .text._ZN6tflite23MicroInterpreterContext23SetScratchBufferHandlesEPNS_19ScratchBufferHandleE
                0x100091c4        0x4 libpico-tflmicro-lib.a(micro_interpreter_context.cpp.o)
                0x100091c4                tflite::MicroInterpreterContext::SetScratchBufferHandles(tflite::ScratchBufferHandle*)
 .text._ZN6tflite23MicroInterpreterContext19SetInterpreterStateENS0_16InterpreterStateE
                0x100091c8        0x4 libpico-tflmicro-lib.a(micro_interpreter_context.cpp.o)
                0x100091c8                tflite::MicroInterpreterContext::SetInterpreterState(tflite::MicroInterpreterContext::InterpreterState)
 .text._ZN6tflite21MicroInterpreterGraph20GetResourceVariablesEv
                0x100091cc        0x4 libpico-tflmicro-lib.a(micro_interpreter_graph.cpp.o)
                0x100091cc                tflite::MicroInterpreterGraph::GetResourceVariables()
 .text._ZN6tflite21MicroInterpreterGraphD0Ev
                0x100091d0        0x4 libpico-tflmicro-lib.a(micro_interpreter_graph.cpp.o)
                0x100091d0                tflite::MicroInterpreterGraph::~MicroInterpreterGraph()
                0x100091d0                tflite::MicroInterpreterGraph::~MicroInterpreterGraph()
                0x100091d0                tflite::MicroInterpreterGraph::~MicroInterpreterGraph()
 .text._ZN6tflite21MicroInterpreterGraph12NumSubgraphsEv
                0x100091d4       0x20 libpico-tflmicro-lib.a(micro_interpreter_graph.cpp.o)
                0x100091d4                tflite::MicroInterpreterGraph::NumSubgraphs()
 .text._ZN6tflite21MicroInterpreterGraph17NumSubgraphInputsEi
                0x100091f4       0x44 libpico-tflmicro-lib.a(micro_interpreter_graph.cpp.o)
                0x100091f4                tflite::MicroInterpreterGraph::NumSubgraphInputs(int)
 .text._ZN6tflite21MicroInterpreterGraph16GetSubgraphInputEii
                0x10009238       0x58 libpico-tflmicro-lib.a(micro_interpreter_graph.cpp.o)
                0x10009238                tflite::MicroInterpreterGraph::GetSubgraphInput(int, int)
 .text._ZN6tflite21MicroInterpreterGraph18NumSubgraphOutputsEi
                0x10009290       0x44 libpico-tflmicro-lib.a(micro_interpreter_graph.cpp.o)
                0x10009290                tflite::MicroInterpreterGraph::NumSubgraphOutputs(int)
 .text._ZN6tflite21MicroInterpreterGraph17GetSubgraphOutputEii
                0x100092d4       0x58 libpico-tflmicro-lib.a(micro_interpreter_graph.cpp.o)
                0x100092d4                tflite::MicroInterpreterGraph::GetSubgraphOutput(int, int)
 .text._ZN6tflite21MicroInterpreterGraph13InitSubgraphsEv
                0x1000932c       0x84 libpico-tflmicro-lib.a(micro_interpreter_graph.cpp.o)
                0x1000932c                tflite::MicroInterpreterGraph::InitSubgraphs()
 .text._ZN6tflite21MicroInterpreterGraph14ResetSubgraphsEv
                0x100093b0       0x6c libpico-tflmicro-lib.a(micro_interpreter_graph.cpp.o)
                0x100093b0                tflite::MicroInterpreterGraph::ResetSubgraphs()
 .text._ZN6tflite21MicroInterpreterGraph13FreeSubgraphsEv
                0x1000941c       0x6c libpico-tflmicro-lib.a(micro_interpreter_graph.cpp.o)
                0x1000941c                tflite::MicroInterpreterGraph::FreeSubgraphs()
 .text._ZN6tflite21MicroInterpreterGraph14InvokeSubgraphEi
                0x10009488      0x118 libpico-tflmicro-lib.a(micro_interpreter_graph.cpp.o)
                0x10009488                tflite::MicroInterpreterGraph::InvokeSubgraph(int)
 .text._ZN6tflite21MicroInterpreterGraph16PrepareSubgraphsEv
                0x100095a0       0xb4 libpico-tflmicro-lib.a(micro_interpreter_graph.cpp.o)
                0x100095a0                tflite::MicroInterpreterGraph::PrepareSubgraphs()
 .text._ZN6tflite21MicroInterpreterGraph20ResetVariableTensorsEv
                0x10009654      0x124 libpico-tflmicro-lib.a(micro_interpreter_graph.cpp.o)
                0x10009654                tflite::MicroInterpreterGraph::ResetVariableTensors()
 .text._ZN6tflite21MicroInterpreterGraphC2EP13TfLiteContextPKNS_5ModelEPNS_14MicroAllocatorEPNS_22MicroResourceVariablesE
                0x10009778       0x3c libpico-tflmicro-lib.a(micro_interpreter_graph.cpp.o)
                0x10009778                tflite::MicroInterpreterGraph::MicroInterpreterGraph(TfLiteContext*, tflite::Model const*, tflite::MicroAllocator*, tflite::MicroResourceVariables*)
                0x10009778                tflite::MicroInterpreterGraph::MicroInterpreterGraph(TfLiteContext*, tflite::Model const*, tflite::MicroAllocator*, tflite::MicroResourceVariables*)
 .text._ZN6tflite21MicroInterpreterGraph22SetSubgraphAllocationsEPNS_19SubgraphAllocationsE
                0x100097b4        0x4 libpico-tflmicro-lib.a(micro_interpreter_graph.cpp.o)
                0x100097b4                tflite::MicroInterpreterGraph::SetSubgraphAllocations(tflite::SubgraphAllocations*)
 .text._ZN12_GLOBAL__N_19VDebugLogEPKcz.constprop.0
                0x100097b8       0x1c libpico-tflmicro-lib.a(micro_log.cpp.o)
 .text._Z12VMicroPrintfPKcSt9__va_list
                0x100097d4       0x14 libpico-tflmicro-lib.a(micro_log.cpp.o)
                0x100097d4                VMicroPrintf(char const*, std::__va_list)
 .text._Z11MicroPrintfPKcz
                0x100097e8       0x24 libpico-tflmicro-lib.a(micro_log.cpp.o)
                0x100097e8                MicroPrintf(char const*, ...)
 .text._ZN6tflite25GetRegistrationFromOpCodeEPKNS_12OperatorCodeERKNS_15MicroOpResolverEPPK16TFLMRegistration
                0x1000980c       0x9c libpico-tflmicro-lib.a(micro_op_resolver.cpp.o)
                0x1000980c                tflite::GetRegistrationFromOpCode(tflite::OperatorCode const*, tflite::MicroOpResolver const&, TFLMRegistration const**)
 .text._ZN6tflite22MicroResourceVariables8ResetAllEv
                0x100098a8       0x2c libpico-tflmicro-lib.a(micro_resource_variable.cpp.o)
                0x100098a8                tflite::MicroResourceVariables::ResetAll()
 .text._ZN6tflite16InitializeTargetEv
                0x100098d4        0x8 libpico-tflmicro-lib.a(system_setup.cpp.o)
                0x100098d4                tflite::InitializeTarget()
 .text.DebugLog
                0x100098dc       0x18 libpico-tflmicro-lib.a(system_setup.cpp.o)
                0x100098dc                DebugLog
 .text._ZN6tflite17ConvertTensorTypeENS_10TensorTypeEP10TfLiteType
                0x100098f4       0x18 libpico-tflmicro-lib.a(flatbuffer_conversions_bridge.cpp.o)
                0x100098f4                tflite::ConvertTensorType(tflite::TensorType, TfLiteType*)
 .text._ZN6tflite24CallBuiltinParseFunctionEPF12TfLiteStatusPKNS_8OperatorEPNS_13ErrorReporterEPNS_20BuiltinDataAllocatorEPPvES3_S7_S9_
                0x1000990c       0x1c libpico-tflmicro-lib.a(flatbuffer_conversions_bridge.cpp.o)
                0x1000990c                tflite::CallBuiltinParseFunction(TfLiteStatus (*)(tflite::Operator const*, tflite::ErrorReporter*, tflite::BuiltinDataAllocator*, void**), tflite::Operator const*, tflite::BuiltinDataAllocator*, void**)
 .text._ZN6tflite18MicroErrorReporterD0Ev
                0x10009928        0x4 libpico-tflmicro-lib.a(micro_error_reporter.cpp.o)
                0x10009928                tflite::MicroErrorReporter::~MicroErrorReporter()
                0x10009928                tflite::MicroErrorReporter::~MicroErrorReporter()
                0x10009928                tflite::MicroErrorReporter::~MicroErrorReporter()
 .text._ZN6tflite18MicroErrorReporter6ReportEPKcSt9__va_list
                0x1000992c       0x10 libpico-tflmicro-lib.a(micro_error_reporter.cpp.o)
                0x1000992c                tflite::MicroErrorReporter::Report(char const*, std::__va_list)
 .text._ZN6tflite21GetMicroErrorReporterEv
                0x1000993c       0x20 libpico-tflmicro-lib.a(micro_error_reporter.cpp.o)
                0x1000993c                tflite::GetMicroErrorReporter()
 .text._ZN6tflite14GetBuiltinCodeEPKNS_12OperatorCodeE
                0x1000995c       0x3c libpico-tflmicro-lib.a(schema_utils.cpp.o)
                0x1000995c                tflite::GetBuiltinCode(tflite::OperatorCode const*)
 .text.arm_convolve_1x1_s8_fast
                0x10009998       0x68 libpico-tflmicro-lib.a(arm_convolve_1x1_s8_fast.c.o)
                0x10009998                arm_convolve_1x1_s8_fast
 .text.arm_convolve_1x1_s8_fast_get_buffer_size
                0x10009a00        0x4 libpico-tflmicro-lib.a(arm_convolve_get_buffer_sizes_s8.c.o)
                0x10009a00                arm_convolve_1x1_s8_fast_get_buffer_size
 .text.arm_fully_connected_s16_get_buffer_size
                0x10009a04        0x4 libpico-tflmicro-lib.a(arm_fully_connected_get_buffer_sizes_s16.c.o)
                0x10009a04                arm_fully_connected_s16_get_buffer_size
 .text.arm_fully_connected_s8_get_buffer_size
                0x10009a08        0x4 libpico-tflmicro-lib.a(arm_fully_connected_get_buffer_sizes_s8.c.o)
                0x10009a08                arm_fully_connected_s8_get_buffer_size
 .text.arm_fully_connected_s16
                0x10009a0c       0x9c libpico-tflmicro-lib.a(arm_fully_connected_s16.c.o)
                0x10009a0c                arm_fully_connected_s16
 .text.arm_fully_connected_s4
                0x10009aa8       0x88 libpico-tflmicro-lib.a(arm_fully_connected_s4.c.o)
                0x10009aa8                arm_fully_connected_s4
 .text.arm_fully_connected_s8
                0x10009b30       0x90 libpico-tflmicro-lib.a(arm_fully_connected_s8.c.o)
                0x10009b30                arm_fully_connected_s8
 .text.arm_vector_sum_s8
                0x10009bc0       0x5c libpico-tflmicro-lib.a(arm_vector_sum_s8.c.o)
                0x10009bc0                arm_vector_sum_s8
 .text.mat_mul_task
                0x10009c1c      0x48c libpico-tflmicro-lib.a(arm_nn_mat_mult_nt_t_s8.c.o)
 .text.core1_mat_mul_worker
                0x1000a0a8       0x14 libpico-tflmicro-lib.a(arm_nn_mat_mult_nt_t_s8.c.o)
 .text.arm_nn_mat_mult_nt_t_s8
                0x1000a0bc      0x1d8 libpico-tflmicro-lib.a(arm_nn_mat_mult_nt_t_s8.c.o)
                0x1000a0bc                arm_nn_mat_mult_nt_t_s8
 .text.arm_nn_vec_mat_mult_t_s16
                0x1000a294      0x1ac libpico-tflmicro-lib.a(arm_nn_vec_mat_mult_t_s16.c.o)
                0x1000a294                arm_nn_vec_mat_mult_t_s16
 .text.arm_nn_vec_mat_mult_t_s4
                0x1000a440      0x508 libpico-tflmicro-lib.a(arm_nn_vec_mat_mult_t_s4.c.o)
                0x1000a440                arm_nn_vec_mat_mult_t_s4
 .text.arm_nn_vec_mat_mult_t_s8
                0x1000a948      0x654 libpico-tflmicro-lib.a(arm_nn_vec_mat_mult_t_s8.c.o)
                0x1000a948                arm_nn_vec_mat_mult_t_s8
 .text._ZN6tflite13ErrorReporter6ReportEPKcz
                0x1000af9c       0x1c libpico-tflmicro-lib.a(error_reporter.cpp.o)
                0x1000af9c                tflite::ErrorReporter::Report(char const*, ...)
 .text.TfLiteIntArrayGetSizeInBytes
                0x1000afb8        0x8 libpico-tflmicro-lib.a(common.cpp.o)
                0x1000afb8                TfLiteIntArrayGetSizeInBytes
 .text.TfLiteTypeGetName
                0x1000afc0       0x18 libpico-tflmicro-lib.a(common.cpp.o)
                0x1000afc0                TfLiteTypeGetName
 .text._ZN6tflite18QuantizeMultiplierEdPlPi
                0x1000afd8       0x74 libpico-tflmicro-lib.a(quantization_util.cpp.o)
                0x1000afd8                tflite::QuantizeMultiplier(double, long*, int*)
 .text._ZN6tflite14GetTensorShapeEPK12TfLiteTensor
                0x1000b04c       0x1c libpico-tflmicro-lib.a(tensor_ctypes.cpp.o)
                0x1000b04c                tflite::GetTensorShape(TfLiteTensor const*)
 .text._ZN6tflite32GetQuantizedConvolutionMultiplerEP13TfLiteContextPK12TfLiteTensorS4_S4_PS2_Pd
                0x1000b068       0xfc libpico-tflmicro-lib.a(kernel_util.cpp.o)
                0x1000b068                tflite::GetQuantizedConvolutionMultipler(TfLiteContext*, TfLiteTensor const*, TfLiteTensor const*, TfLiteTensor const*, TfLiteTensor*, double*)
 .text._ZN6tflite33CalculateActivationRangeQuantizedEP13TfLiteContext21TfLiteFusedActivationP12TfLiteTensorPlS5_
                0x1000b164      0x1d0 libpico-tflmicro-lib.a(kernel_util.cpp.o)
                0x1000b164                tflite::CalculateActivationRangeQuantized(TfLiteContext*, TfLiteFusedActivation, TfLiteTensor*, long*, long*)
 .text._ZN6tflite20NumSubgraphOperatorsEPKNS_8SubGraphE
                0x1000b334       0x1c libpico-tflmicro-lib.a(flatbuffer_utils.cpp.o)
                0x1000b334                tflite::NumSubgraphOperators(tflite::SubGraph const*)
 .text._ZN6tflite20NumSubgraphOperatorsEPKNS_5ModelEi
                0x1000b350       0x40 libpico-tflmicro-lib.a(flatbuffer_utils.cpp.o)
                0x1000b350                tflite::NumSubgraphOperators(tflite::Model const*, int)
 .text._ZN6tflite33FlatBufferVectorToTfLiteTypeArrayEPKN11flatbuffers6VectorIlmEE
                0x1000b390        0x4 libpico-tflmicro-lib.a(flatbuffer_utils.cpp.o)
                0x1000b390                tflite::FlatBufferVectorToTfLiteTypeArray(flatbuffers::Vector<long, unsigned long> const*)
 .text._ZN6tflite33FlatBufferVectorToTfLiteTypeArrayEPKN11flatbuffers6VectorIfmEE
                0x1000b394        0x4 libpico-tflmicro-lib.a(flatbuffer_utils.cpp.o)
                0x1000b394                tflite::FlatBufferVectorToTfLiteTypeArray(flatbuffers::Vector<float, unsigned long> const*)
 .text._ZN6tflite18MicroMemoryPlanner9AddBufferEiiii
                0x1000b398        0x4 libpico-tflmicro-lib.a(micro_allocator.cpp.o)
                0x1000b398                tflite::MicroMemoryPlanner::AddBuffer(int, int, int, int)
 .text._ZN6tflite18MicroMemoryPlanner4InitEPhi
                0x1000b39c        0x4 libpico-tflmicro-lib.a(micro_allocator.cpp.o)
                0x1000b39c                tflite::MicroMemoryPlanner::Init(unsigned char*, int)
 .text._ZN6tflite12_GLOBAL__N_125MicroBuiltinDataAllocator8AllocateEjj
                0x1000b3a0        0xc libpico-tflmicro-lib.a(micro_allocator.cpp.o)